

================================================================
== Vitis HLS Report for 'myproject'
================================================================
* Date:           Sun Mar 22 09:55:28 2026

* Version:        2023.2 (Build 4023990 on Oct 11 2023)
* Project:        myproject_prj
* Solution:       solution1 (Vivado IP Flow Target)
* Product family: zynquplus
* Target device:  xck26-sfvc784-2LV-c


================================================================
== Performance Estimates
================================================================
+ Timing: 
    * Summary: 
    +--------+---------+----------+------------+
    |  Clock |  Target | Estimated| Uncertainty|
    +--------+---------+----------+------------+
    |ap_clk  |  5.00 ns|  3.961 ns|     1.35 ns|
    +--------+---------+----------+------------+

+ Latency: 
    * Summary: 
    +---------+---------+-----------+-----------+------+------+----------+
    |  Latency (cycles) |   Latency (absolute)  |   Interval  | Pipeline |
    |   min   |   max   |    min    |    max    |  min |  max |   Type   |
    +---------+---------+-----------+-----------+------+------+----------+
    |     2922|     2922|  14.610 us|  14.610 us|  2908|  2908|  dataflow|
    +---------+---------+-----------+-----------+------+------+----------+

    + Detail: 
        * Instance: 
        +-------------------------------------------------------------------------+------------------------------------------------------------------------+---------+---------+-----------+-----------+------+------+---------+
        |                                                                         |                                                                        |  Latency (cycles) |   Latency (absolute)  |   Interval  | Pipeline|
        |                                 Instance                                |                                 Module                                 |   min   |   max   |    min    |    max    |  min |  max |   Type  |
        +-------------------------------------------------------------------------+------------------------------------------------------------------------+---------+---------+-----------+-----------+------+------+---------+
        |zeropad2d_cl_array_ap_fixed_2u_array_ap_fixed_16_6_5_3_0_2u_config24_U0  |zeropad2d_cl_array_ap_fixed_2u_array_ap_fixed_16_6_5_3_0_2u_config24_s  |     1465|     1465|   7.325 us|   7.325 us|  1465|  1465|       no|
        |conv_2d_cl_array_ap_fixed_2u_array_ap_fixed_26_15_5_3_0_8u_config2_U0    |conv_2d_cl_array_ap_fixed_2u_array_ap_fixed_26_15_5_3_0_8u_config2_s    |     2907|     2907|  14.535 us|  14.535 us|  2907|  2907|       no|
        |normalize_array_ap_fixed_8u_array_ap_fixed_43_22_5_3_0_8u_config4_U0     |normalize_array_ap_fixed_8u_array_ap_fixed_43_22_5_3_0_8u_config4_s     |     1284|     1284|   6.420 us|   6.420 us|  1284|  1284|       no|
        |relu_array_ap_fixed_8u_array_ap_ufixed_4_3_4_0_0_8u_relu_config5_U0      |relu_array_ap_fixed_8u_array_ap_ufixed_4_3_4_0_0_8u_relu_config5_s      |     1283|     1283|   6.415 us|   6.415 us|  1283|  1283|       no|
        |pooling2d_cl_array_ap_ufixed_8u_array_ap_ufixed_4_3_4_0_0_8u_config6_U0  |pooling2d_cl_array_ap_ufixed_8u_array_ap_ufixed_4_3_4_0_0_8u_config6_s  |     2563|     2563|  12.815 us|  12.815 us|  2563|  2563|       no|
        |zeropad2d_cl_array_array_ap_ufixed_4_3_4_0_0_8u_config25_U0              |zeropad2d_cl_array_array_ap_ufixed_4_3_4_0_0_8u_config25_s              |      421|      421|   2.105 us|   2.105 us|   421|   421|       no|
        |conv_2d_cl_array_ap_ufixed_8u_array_ap_fixed_16_14_5_3_0_8u_config7_U0   |conv_2d_cl_array_ap_ufixed_8u_array_ap_fixed_16_14_5_3_0_8u_config7_s   |     1634|     1634|   8.170 us|   8.170 us|  1634|  1634|       no|
        |normalize_array_ap_fixed_8u_array_ap_fixed_33_21_5_3_0_8u_config9_U0     |normalize_array_ap_fixed_8u_array_ap_fixed_33_21_5_3_0_8u_config9_s     |      324|      324|   1.620 us|   1.620 us|   324|   324|       no|
        |relu_array_ap_fixed_8u_array_ap_ufixed_4_3_4_0_0_8u_relu_config10_U0     |relu_array_ap_fixed_8u_array_ap_ufixed_4_3_4_0_0_8u_relu_config10_s     |      323|      323|   1.615 us|   1.615 us|   323|   323|       no|
        |pooling2d_cl_array_array_ap_ufixed_4_3_4_0_0_8u_config11_U0              |pooling2d_cl_array_array_ap_ufixed_4_3_4_0_0_8u_config11_s              |      643|      643|   3.215 us|   3.215 us|   643|   643|       no|
        |zeropad2d_cl_array_array_ap_ufixed_4_3_4_0_0_8u_config26_U0              |zeropad2d_cl_array_array_ap_ufixed_4_3_4_0_0_8u_config26_s              |       83|       83|   0.415 us|   0.415 us|    83|    83|       no|
        |conv_2d_cl_array_ap_ufixed_8u_array_ap_fixed_16_14_5_3_0_8u_config12_U0  |conv_2d_cl_array_ap_ufixed_8u_array_ap_fixed_16_14_5_3_0_8u_config12_s  |      283|      283|   1.415 us|   1.415 us|   283|   283|       no|
        |normalize_array_ap_fixed_8u_array_ap_fixed_33_21_5_3_0_8u_config14_U0    |normalize_array_ap_fixed_8u_array_ap_fixed_33_21_5_3_0_8u_config14_s    |       44|       44|   0.220 us|   0.220 us|    44|    44|       no|
        |relu_array_ap_fixed_8u_array_ap_ufixed_4_3_4_0_0_8u_relu_config15_U0     |relu_array_ap_fixed_8u_array_ap_ufixed_4_3_4_0_0_8u_relu_config15_s     |       43|       43|   0.215 us|   0.215 us|    43|    43|       no|
        |pooling2d_cl_array_array_ap_ufixed_4_3_4_0_0_8u_config16_U0              |pooling2d_cl_array_array_ap_ufixed_4_3_4_0_0_8u_config16_s              |       85|       85|   0.425 us|   0.425 us|    85|    85|       no|
        |dense_array_ap_ufixed_8u_array_ap_fixed_13_11_5_3_0_16u_config18_U0      |dense_array_ap_ufixed_8u_array_ap_fixed_13_11_5_3_0_16u_config18_s      |        8|        8|  40.000 ns|  40.000 ns|     8|     8|       no|
        |relu_array_ap_fixed_16u_array_ap_ufixed_4_3_4_0_0_16u_relu_config20_U0   |relu_array_ap_fixed_16u_array_ap_ufixed_4_3_4_0_0_16u_relu_config20_s   |        1|        1|   5.000 ns|   5.000 ns|     1|     1|       no|
        |dense_array_ap_ufixed_16u_array_ap_fixed_13_11_5_3_0_10u_config21_U0     |dense_array_ap_ufixed_16u_array_ap_fixed_13_11_5_3_0_10u_config21_s     |        2|        2|  10.000 ns|  10.000 ns|     2|     2|       no|
        |softmax_array_array_ap_fixed_16_6_5_3_0_10u_softmax_config23_U0          |softmax_array_array_ap_fixed_16_6_5_3_0_10u_softmax_config23_s          |     1057|     1057|   5.285 us|   5.285 us|  1057|  1057|       no|
        +-------------------------------------------------------------------------+------------------------------------------------------------------------+---------+---------+-----------+-----------+------+------+---------+

        * Loop: 
        N/A



================================================================
== Utilization Estimates
================================================================
* Summary: 
+-----------------+---------+------+--------+--------+-----+
|       Name      | BRAM_18K|  DSP |   FF   |   LUT  | URAM|
+-----------------+---------+------+--------+--------+-----+
|DSP              |        -|     -|       -|       -|    -|
|Expression       |        -|     -|       0|       2|    -|
|FIFO             |      129|     -|    2640|    1083|    -|
|Instance         |        2|    37|   13576|   41999|    0|
|Memory           |        -|     -|       -|       -|    -|
|Multiplexer      |        -|     -|       -|       -|    -|
|Register         |        -|     -|       -|       -|    -|
+-----------------+---------+------+--------+--------+-----+
|Total            |      131|    37|   16216|   43084|    0|
+-----------------+---------+------+--------+--------+-----+
|Available        |      288|  1248|  234240|  117120|   64|
+-----------------+---------+------+--------+--------+-----+
|Utilization (%)  |       45|     2|       6|      36|    0|
+-----------------+---------+------+--------+--------+-----+

+ Detail: 
    * Instance: 
    +-------------------------------------------------------------------------+------------------------------------------------------------------------+---------+----+------+------+-----+
    |                                 Instance                                |                                 Module                                 | BRAM_18K| DSP|  FF  |  LUT | URAM|
    +-------------------------------------------------------------------------+------------------------------------------------------------------------+---------+----+------+------+-----+
    |conv_2d_cl_array_ap_fixed_2u_array_ap_fixed_26_15_5_3_0_8u_config2_U0    |conv_2d_cl_array_ap_fixed_2u_array_ap_fixed_26_15_5_3_0_8u_config2_s    |        0|   0|   939|  1957|    0|
    |conv_2d_cl_array_ap_ufixed_8u_array_ap_fixed_16_14_5_3_0_8u_config12_U0  |conv_2d_cl_array_ap_ufixed_8u_array_ap_fixed_16_14_5_3_0_8u_config12_s  |        0|   0|  1757|  4361|    0|
    |conv_2d_cl_array_ap_ufixed_8u_array_ap_fixed_16_14_5_3_0_8u_config7_U0   |conv_2d_cl_array_ap_ufixed_8u_array_ap_fixed_16_14_5_3_0_8u_config7_s   |        0|   0|  1683|  3343|    0|
    |dense_array_ap_ufixed_16u_array_ap_fixed_13_11_5_3_0_10u_config21_U0     |dense_array_ap_ufixed_16u_array_ap_fixed_13_11_5_3_0_10u_config21_s     |        0|   0|   258|  2644|    0|
    |dense_array_ap_ufixed_8u_array_ap_fixed_13_11_5_3_0_16u_config18_U0      |dense_array_ap_ufixed_8u_array_ap_fixed_13_11_5_3_0_16u_config18_s      |        0|   0|   355|  2580|    0|
    |normalize_array_ap_fixed_8u_array_ap_fixed_33_21_5_3_0_8u_config14_U0    |normalize_array_ap_fixed_8u_array_ap_fixed_33_21_5_3_0_8u_config14_s    |        0|   6|   330|   408|    0|
    |normalize_array_ap_fixed_8u_array_ap_fixed_33_21_5_3_0_8u_config9_U0     |normalize_array_ap_fixed_8u_array_ap_fixed_33_21_5_3_0_8u_config9_s     |        0|   6|   332|   451|    0|
    |normalize_array_ap_fixed_8u_array_ap_fixed_43_22_5_3_0_8u_config4_U0     |normalize_array_ap_fixed_8u_array_ap_fixed_43_22_5_3_0_8u_config4_s     |        0|   8|   517|   811|    0|
    |pooling2d_cl_array_ap_ufixed_8u_array_ap_ufixed_4_3_4_0_0_8u_config6_U0  |pooling2d_cl_array_ap_ufixed_8u_array_ap_ufixed_4_3_4_0_0_8u_config6_s  |        0|   0|   857|  1767|    0|
    |pooling2d_cl_array_array_ap_ufixed_4_3_4_0_0_8u_config11_U0              |pooling2d_cl_array_array_ap_ufixed_4_3_4_0_0_8u_config11_s              |        0|   0|   983|  3140|    0|
    |pooling2d_cl_array_array_ap_ufixed_4_3_4_0_0_8u_config16_U0              |pooling2d_cl_array_array_ap_ufixed_4_3_4_0_0_8u_config16_s              |        0|   0|  3164|  8206|    0|
    |relu_array_ap_fixed_16u_array_ap_ufixed_4_3_4_0_0_16u_relu_config20_U0   |relu_array_ap_fixed_16u_array_ap_ufixed_4_3_4_0_0_16u_relu_config20_s   |        0|   0|   196|  1700|    0|
    |relu_array_ap_fixed_8u_array_ap_ufixed_4_3_4_0_0_8u_relu_config10_U0     |relu_array_ap_fixed_8u_array_ap_ufixed_4_3_4_0_0_8u_relu_config10_s     |        0|   0|    79|  1397|    0|
    |relu_array_ap_fixed_8u_array_ap_ufixed_4_3_4_0_0_8u_relu_config15_U0     |relu_array_ap_fixed_8u_array_ap_ufixed_4_3_4_0_0_8u_relu_config15_s     |        0|   0|    92|  1391|    0|
    |relu_array_ap_fixed_8u_array_ap_ufixed_4_3_4_0_0_8u_relu_config5_U0      |relu_array_ap_fixed_8u_array_ap_ufixed_4_3_4_0_0_8u_relu_config5_s      |        0|   0|    97|  1569|    0|
    |softmax_array_array_ap_fixed_16_6_5_3_0_10u_softmax_config23_U0          |softmax_array_array_ap_fixed_16_6_5_3_0_10u_softmax_config23_s          |        2|  17|  1607|  4399|    0|
    |zeropad2d_cl_array_ap_fixed_2u_array_ap_fixed_16_6_5_3_0_2u_config24_U0  |zeropad2d_cl_array_ap_fixed_2u_array_ap_fixed_16_6_5_3_0_2u_config24_s  |        0|   0|   145|   821|    0|
    |zeropad2d_cl_array_array_ap_ufixed_4_3_4_0_0_8u_config25_U0              |zeropad2d_cl_array_array_ap_ufixed_4_3_4_0_0_8u_config25_s              |        0|   0|   109|   605|    0|
    |zeropad2d_cl_array_array_ap_ufixed_4_3_4_0_0_8u_config26_U0              |zeropad2d_cl_array_array_ap_ufixed_4_3_4_0_0_8u_config26_s              |        0|   0|    76|   449|    0|
    +-------------------------------------------------------------------------+------------------------------------------------------------------------+---------+----+------+------+-----+
    |Total                                                                    |                                                                        |        2|  37| 13576| 41999|    0|
    +-------------------------------------------------------------------------+------------------------------------------------------------------------+---------+----+------+------+-----+

    * DSP: 
    N/A

    * Memory: 
    N/A

    * FIFO: 
    +---------------+---------+-----+----+-----+------+-----+---------+
    |      Name     | BRAM_18K|  FF | LUT| URAM| Depth| Bits| Size:D*B|
    +---------------+---------+-----+----+-----+------+-----+---------+
    |layer10_out_U  |        2|  165|   0|    -|   320|   32|    10240|
    |layer11_out_U  |        2|  153|   0|    -|    40|   32|     1280|
    |layer12_out_U  |        8|  153|   0|    -|    40|  128|     5120|
    |layer14_out_U  |       15|  153|   0|    -|    40|  264|    10560|
    |layer15_out_U  |        2|  153|   0|    -|    40|   32|     1280|
    |layer16_out_U  |        0|   99|   0|    -|     2|   32|       64|
    |layer18_out_U  |        0|   99|   0|    -|     1|  208|      208|
    |layer20_out_U  |        0|   99|   0|    -|     1|   64|       64|
    |layer21_out_U  |        0|   99|   0|    -|     1|  130|      130|
    |layer24_out_U  |        4|  163|   0|    -|  1452|   32|    46464|
    |layer25_out_U  |        2|  164|   0|    -|   408|   32|    13056|
    |layer26_out_U  |        2|  156|   0|    -|    70|   32|     2240|
    |layer2_out_U   |       24|  163|   0|    -|  1280|  208|   266240|
    |layer4_out_U   |       39|  163|   0|    -|  1280|  344|   440320|
    |layer5_out_U   |        4|  163|   0|    -|  1280|   32|    40960|
    |layer6_out_U   |        2|  165|   0|    -|   320|   32|    10240|
    |layer7_out_U   |        8|  165|   0|    -|   320|  128|    40960|
    |layer9_out_U   |       15|  165|   0|    -|   320|  264|    84480|
    +---------------+---------+-----+----+-----+------+-----+---------+
    |Total          |      129| 2640|   0|    0|  7215| 2026|   973906|
    +---------------+---------+-----+----+-----+------+-----+---------+

    * Expression: 
    +--------------+----------+----+---+----+------------+------------+
    | Variable Name| Operation| DSP| FF| LUT| Bitwidth P0| Bitwidth P1|
    +--------------+----------+----+---+----+------------+------------+
    |ap_idle       |       and|   0|  0|   2|           1|           1|
    +--------------+----------+----+---+----+------------+------------+
    |Total         |          |   0|  0|   2|           1|           1|
    +--------------+----------+----+---+----+------------+------------+

    * Multiplexer: 
    N/A

    * Register: 
    N/A



================================================================
== Interface
================================================================
* Summary: 
+--------------------+-----+-----+------------+--------------+--------------+
|      RTL Ports     | Dir | Bits|  Protocol  | Source Object|    C Type    |
+--------------------+-----+-----+------------+--------------+--------------+
|input_8_TDATA       |   in|   32|        axis|       input_8|       pointer|
|input_8_TVALID      |   in|    1|        axis|       input_8|       pointer|
|input_8_TREADY      |  out|    1|        axis|       input_8|       pointer|
|layer23_out_TDATA   |  out|  160|        axis|   layer23_out|       pointer|
|layer23_out_TVALID  |  out|    1|        axis|   layer23_out|       pointer|
|layer23_out_TREADY  |   in|    1|        axis|   layer23_out|       pointer|
|ap_clk              |   in|    1|  ap_ctrl_hs|     myproject|  return value|
|ap_rst_n            |   in|    1|  ap_ctrl_hs|     myproject|  return value|
|ap_start            |   in|    1|  ap_ctrl_hs|     myproject|  return value|
|ap_done             |  out|    1|  ap_ctrl_hs|     myproject|  return value|
|ap_ready            |  out|    1|  ap_ctrl_hs|     myproject|  return value|
|ap_idle             |  out|    1|  ap_ctrl_hs|     myproject|  return value|
+--------------------+-----+-----+------------+--------------+--------------+

