

================================================================
== Vitis HLS Report for 'relu_array_ap_fixed_32u_array_ap_ufixed_16_6_4_0_0_32u_relu_config20_s'
================================================================
* Date:           Sat Mar 21 19:19:52 2026

* Version:        2023.2 (Build 4023990 on Oct 11 2023)
* Project:        myproject_prj
* Solution:       solution1 (Vivado IP Flow Target)
* Product family: zynquplus
* Target device:  xck26-sfvc784-2LV-c


================================================================
== Performance Estimates
================================================================
+ Timing: 
    * Summary: 
    +--------+---------+----------+------------+
    |  Clock |  Target | Estimated| Uncertainty|
    +--------+---------+----------+------------+
    |ap_clk  |  5.00 ns|  3.443 ns|     1.35 ns|
    +--------+---------+----------+------------+

+ Latency: 
    * Summary: 
    +---------+---------+----------+----------+-----+-----+---------+
    |  Latency (cycles) |  Latency (absolute) |  Interval | Pipeline|
    |   min   |   max   |    min   |    max   | min | max |   Type  |
    +---------+---------+----------+----------+-----+-----+---------+
    |        1|        1|  5.000 ns|  5.000 ns|    1|    1|       no|
    +---------+---------+----------+----------+-----+-----+---------+

    + Detail: 
        * Instance: 
        N/A

        * Loop: 
        N/A



================================================================
== Utilization Estimates
================================================================
* Summary: 
+-----------------+---------+------+--------+--------+-----+
|       Name      | BRAM_18K|  DSP |   FF   |   LUT  | URAM|
+-----------------+---------+------+--------+--------+-----+
|DSP              |        -|     -|       -|       -|    -|
|Expression       |        -|     -|       0|    7426|    -|
|FIFO             |        -|     -|       -|       -|    -|
|Instance         |        -|     -|       -|       -|    -|
|Memory           |        -|     -|       -|       -|    -|
|Multiplexer      |        -|     -|       -|      50|    -|
|Register         |        -|     -|     708|       -|    -|
+-----------------+---------+------+--------+--------+-----+
|Total            |        0|     0|     708|    7476|    0|
+-----------------+---------+------+--------+--------+-----+
|Available        |      288|  1248|  234240|  117120|   64|
+-----------------+---------+------+--------+--------+-----+
|Utilization (%)  |        0|     0|      ~0|       6|    0|
+-----------------+---------+------+--------+--------+-----+

+ Detail: 
    * Instance: 
    N/A

    * DSP: 
    N/A

    * Memory: 
    N/A

    * FIFO: 
    N/A

    * Expression: 
    +----------------------------+----------+----+---+----+------------+------------+
    |        Variable Name       | Operation| DSP| FF| LUT| Bitwidth P0| Bitwidth P1|
    +----------------------------+----------+----+---+----+------------+------------+
    |add_ln52_10_fu_1241_p2      |         +|   0|  0|  23|          16|          16|
    |add_ln52_11_fu_1357_p2      |         +|   0|  0|  23|          16|          16|
    |add_ln52_12_fu_1473_p2      |         +|   0|  0|  23|          16|          16|
    |add_ln52_13_fu_1589_p2      |         +|   0|  0|  23|          16|          16|
    |add_ln52_14_fu_1705_p2      |         +|   0|  0|  23|          16|          16|
    |add_ln52_15_fu_1821_p2      |         +|   0|  0|  23|          16|          16|
    |add_ln52_16_fu_1937_p2      |         +|   0|  0|  23|          16|          16|
    |add_ln52_17_fu_2053_p2      |         +|   0|  0|  23|          16|          16|
    |add_ln52_18_fu_2169_p2      |         +|   0|  0|  23|          16|          16|
    |add_ln52_19_fu_2285_p2      |         +|   0|  0|  23|          16|          16|
    |add_ln52_20_fu_2401_p2      |         +|   0|  0|  23|          16|          16|
    |add_ln52_21_fu_2517_p2      |         +|   0|  0|  23|          16|          16|
    |add_ln52_22_fu_2633_p2      |         +|   0|  0|  23|          16|          16|
    |add_ln52_23_fu_2749_p2      |         +|   0|  0|  23|          16|          16|
    |add_ln52_24_fu_2865_p2      |         +|   0|  0|  23|          16|          16|
    |add_ln52_25_fu_2981_p2      |         +|   0|  0|  23|          16|          16|
    |add_ln52_26_fu_3097_p2      |         +|   0|  0|  23|          16|          16|
    |add_ln52_27_fu_3213_p2      |         +|   0|  0|  23|          16|          16|
    |add_ln52_28_fu_3329_p2      |         +|   0|  0|  23|          16|          16|
    |add_ln52_29_fu_3445_p2      |         +|   0|  0|  23|          16|          16|
    |add_ln52_30_fu_3561_p2      |         +|   0|  0|  23|          16|          16|
    |add_ln52_31_fu_3677_p2      |         +|   0|  0|  23|          16|          16|
    |add_ln52_32_fu_3793_p2      |         +|   0|  0|  23|          16|          16|
    |add_ln52_33_fu_3909_p2      |         +|   0|  0|  23|          16|          16|
    |add_ln52_34_fu_4025_p2      |         +|   0|  0|  23|          16|          16|
    |add_ln52_35_fu_4141_p2      |         +|   0|  0|  23|          16|          16|
    |add_ln52_36_fu_4257_p2      |         +|   0|  0|  23|          16|          16|
    |add_ln52_37_fu_4373_p2      |         +|   0|  0|  23|          16|          16|
    |add_ln52_38_fu_4489_p2      |         +|   0|  0|  23|          16|          16|
    |add_ln52_8_fu_1009_p2       |         +|   0|  0|  23|          16|          16|
    |add_ln52_9_fu_1125_p2       |         +|   0|  0|  23|          16|          16|
    |add_ln52_fu_893_p2          |         +|   0|  0|  23|          16|          16|
    |and_ln52_100_fu_6204_p2     |       and|   0|  0|   2|           1|           1|
    |and_ln52_101_fu_6209_p2     |       and|   0|  0|   2|           1|           1|
    |and_ln52_102_fu_6232_p2     |       and|   0|  0|   2|           1|           1|
    |and_ln52_103_fu_2971_p2     |       and|   0|  0|   2|           1|           1|
    |and_ln52_104_fu_6301_p2     |       and|   0|  0|   2|           1|           1|
    |and_ln52_105_fu_6306_p2     |       and|   0|  0|   2|           1|           1|
    |and_ln52_106_fu_6329_p2     |       and|   0|  0|   2|           1|           1|
    |and_ln52_107_fu_3087_p2     |       and|   0|  0|   2|           1|           1|
    |and_ln52_108_fu_6398_p2     |       and|   0|  0|   2|           1|           1|
    |and_ln52_109_fu_6403_p2     |       and|   0|  0|   2|           1|           1|
    |and_ln52_110_fu_6426_p2     |       and|   0|  0|   2|           1|           1|
    |and_ln52_111_fu_3203_p2     |       and|   0|  0|   2|           1|           1|
    |and_ln52_112_fu_6495_p2     |       and|   0|  0|   2|           1|           1|
    |and_ln52_113_fu_6500_p2     |       and|   0|  0|   2|           1|           1|
    |and_ln52_114_fu_6523_p2     |       and|   0|  0|   2|           1|           1|
    |and_ln52_115_fu_3319_p2     |       and|   0|  0|   2|           1|           1|
    |and_ln52_116_fu_6592_p2     |       and|   0|  0|   2|           1|           1|
    |and_ln52_117_fu_6597_p2     |       and|   0|  0|   2|           1|           1|
    |and_ln52_118_fu_6620_p2     |       and|   0|  0|   2|           1|           1|
    |and_ln52_119_fu_3435_p2     |       and|   0|  0|   2|           1|           1|
    |and_ln52_120_fu_6689_p2     |       and|   0|  0|   2|           1|           1|
    |and_ln52_121_fu_6694_p2     |       and|   0|  0|   2|           1|           1|
    |and_ln52_122_fu_6717_p2     |       and|   0|  0|   2|           1|           1|
    |and_ln52_123_fu_3551_p2     |       and|   0|  0|   2|           1|           1|
    |and_ln52_124_fu_6791_p2     |       and|   0|  0|   2|           1|           1|
    |and_ln52_125_fu_3667_p2     |       and|   0|  0|   2|           1|           1|
    |and_ln52_126_fu_6888_p2     |       and|   0|  0|   2|           1|           1|
    |and_ln52_127_fu_3783_p2     |       and|   0|  0|   2|           1|           1|
    |and_ln52_128_fu_6985_p2     |       and|   0|  0|   2|           1|           1|
    |and_ln52_129_fu_3899_p2     |       and|   0|  0|   2|           1|           1|
    |and_ln52_130_fu_7082_p2     |       and|   0|  0|   2|           1|           1|
    |and_ln52_131_fu_4015_p2     |       and|   0|  0|   2|           1|           1|
    |and_ln52_132_fu_7179_p2     |       and|   0|  0|   2|           1|           1|
    |and_ln52_133_fu_4131_p2     |       and|   0|  0|   2|           1|           1|
    |and_ln52_134_fu_7276_p2     |       and|   0|  0|   2|           1|           1|
    |and_ln52_135_fu_4247_p2     |       and|   0|  0|   2|           1|           1|
    |and_ln52_136_fu_7373_p2     |       and|   0|  0|   2|           1|           1|
    |and_ln52_137_fu_4363_p2     |       and|   0|  0|   2|           1|           1|
    |and_ln52_138_fu_7470_p2     |       and|   0|  0|   2|           1|           1|
    |and_ln52_139_fu_4479_p2     |       and|   0|  0|   2|           1|           1|
    |and_ln52_140_fu_7567_p2     |       and|   0|  0|   2|           1|           1|
    |and_ln52_141_fu_6786_p2     |       and|   0|  0|   2|           1|           1|
    |and_ln52_142_fu_6814_p2     |       and|   0|  0|   2|           1|           1|
    |and_ln52_143_fu_6883_p2     |       and|   0|  0|   2|           1|           1|
    |and_ln52_144_fu_6911_p2     |       and|   0|  0|   2|           1|           1|
    |and_ln52_145_fu_6980_p2     |       and|   0|  0|   2|           1|           1|
    |and_ln52_146_fu_7008_p2     |       and|   0|  0|   2|           1|           1|
    |and_ln52_147_fu_7077_p2     |       and|   0|  0|   2|           1|           1|
    |and_ln52_148_fu_7105_p2     |       and|   0|  0|   2|           1|           1|
    |and_ln52_149_fu_7174_p2     |       and|   0|  0|   2|           1|           1|
    |and_ln52_150_fu_7202_p2     |       and|   0|  0|   2|           1|           1|
    |and_ln52_151_fu_7271_p2     |       and|   0|  0|   2|           1|           1|
    |and_ln52_152_fu_7299_p2     |       and|   0|  0|   2|           1|           1|
    |and_ln52_153_fu_7368_p2     |       and|   0|  0|   2|           1|           1|
    |and_ln52_154_fu_7396_p2     |       and|   0|  0|   2|           1|           1|
    |and_ln52_155_fu_7465_p2     |       and|   0|  0|   2|           1|           1|
    |and_ln52_156_fu_7493_p2     |       and|   0|  0|   2|           1|           1|
    |and_ln52_157_fu_7562_p2     |       and|   0|  0|   2|           1|           1|
    |and_ln52_158_fu_7590_p2     |       and|   0|  0|   2|           1|           1|
    |and_ln52_32_fu_4555_p2      |       and|   0|  0|   2|           1|           1|
    |and_ln52_33_fu_4560_p2      |       and|   0|  0|   2|           1|           1|
    |and_ln52_34_fu_4583_p2      |       and|   0|  0|   2|           1|           1|
    |and_ln52_35_fu_999_p2       |       and|   0|  0|   2|           1|           1|
    |and_ln52_36_fu_4652_p2      |       and|   0|  0|   2|           1|           1|
    |and_ln52_37_fu_4657_p2      |       and|   0|  0|   2|           1|           1|
    |and_ln52_38_fu_4680_p2      |       and|   0|  0|   2|           1|           1|
    |and_ln52_39_fu_1115_p2      |       and|   0|  0|   2|           1|           1|
    |and_ln52_40_fu_4749_p2      |       and|   0|  0|   2|           1|           1|
    |and_ln52_41_fu_4754_p2      |       and|   0|  0|   2|           1|           1|
    |and_ln52_42_fu_4777_p2      |       and|   0|  0|   2|           1|           1|
    |and_ln52_43_fu_1231_p2      |       and|   0|  0|   2|           1|           1|
    |and_ln52_44_fu_4846_p2      |       and|   0|  0|   2|           1|           1|
    |and_ln52_45_fu_4851_p2      |       and|   0|  0|   2|           1|           1|
    |and_ln52_46_fu_4874_p2      |       and|   0|  0|   2|           1|           1|
    |and_ln52_47_fu_1347_p2      |       and|   0|  0|   2|           1|           1|
    |and_ln52_48_fu_4943_p2      |       and|   0|  0|   2|           1|           1|
    |and_ln52_49_fu_4948_p2      |       and|   0|  0|   2|           1|           1|
    |and_ln52_50_fu_4971_p2      |       and|   0|  0|   2|           1|           1|
    |and_ln52_51_fu_1463_p2      |       and|   0|  0|   2|           1|           1|
    |and_ln52_52_fu_5040_p2      |       and|   0|  0|   2|           1|           1|
    |and_ln52_53_fu_5045_p2      |       and|   0|  0|   2|           1|           1|
    |and_ln52_54_fu_5068_p2      |       and|   0|  0|   2|           1|           1|
    |and_ln52_55_fu_1579_p2      |       and|   0|  0|   2|           1|           1|
    |and_ln52_56_fu_5137_p2      |       and|   0|  0|   2|           1|           1|
    |and_ln52_57_fu_5142_p2      |       and|   0|  0|   2|           1|           1|
    |and_ln52_58_fu_5165_p2      |       and|   0|  0|   2|           1|           1|
    |and_ln52_59_fu_1695_p2      |       and|   0|  0|   2|           1|           1|
    |and_ln52_60_fu_5234_p2      |       and|   0|  0|   2|           1|           1|
    |and_ln52_61_fu_5239_p2      |       and|   0|  0|   2|           1|           1|
    |and_ln52_62_fu_5262_p2      |       and|   0|  0|   2|           1|           1|
    |and_ln52_63_fu_1811_p2      |       and|   0|  0|   2|           1|           1|
    |and_ln52_64_fu_5331_p2      |       and|   0|  0|   2|           1|           1|
    |and_ln52_65_fu_5336_p2      |       and|   0|  0|   2|           1|           1|
    |and_ln52_66_fu_5359_p2      |       and|   0|  0|   2|           1|           1|
    |and_ln52_67_fu_1927_p2      |       and|   0|  0|   2|           1|           1|
    |and_ln52_68_fu_5428_p2      |       and|   0|  0|   2|           1|           1|
    |and_ln52_69_fu_5433_p2      |       and|   0|  0|   2|           1|           1|
    |and_ln52_70_fu_5456_p2      |       and|   0|  0|   2|           1|           1|
    |and_ln52_71_fu_2043_p2      |       and|   0|  0|   2|           1|           1|
    |and_ln52_72_fu_5525_p2      |       and|   0|  0|   2|           1|           1|
    |and_ln52_73_fu_5530_p2      |       and|   0|  0|   2|           1|           1|
    |and_ln52_74_fu_5553_p2      |       and|   0|  0|   2|           1|           1|
    |and_ln52_75_fu_2159_p2      |       and|   0|  0|   2|           1|           1|
    |and_ln52_76_fu_5622_p2      |       and|   0|  0|   2|           1|           1|
    |and_ln52_77_fu_5627_p2      |       and|   0|  0|   2|           1|           1|
    |and_ln52_78_fu_5650_p2      |       and|   0|  0|   2|           1|           1|
    |and_ln52_79_fu_2275_p2      |       and|   0|  0|   2|           1|           1|
    |and_ln52_80_fu_5719_p2      |       and|   0|  0|   2|           1|           1|
    |and_ln52_81_fu_5724_p2      |       and|   0|  0|   2|           1|           1|
    |and_ln52_82_fu_5747_p2      |       and|   0|  0|   2|           1|           1|
    |and_ln52_83_fu_2391_p2      |       and|   0|  0|   2|           1|           1|
    |and_ln52_84_fu_5816_p2      |       and|   0|  0|   2|           1|           1|
    |and_ln52_85_fu_5821_p2      |       and|   0|  0|   2|           1|           1|
    |and_ln52_86_fu_5844_p2      |       and|   0|  0|   2|           1|           1|
    |and_ln52_87_fu_2507_p2      |       and|   0|  0|   2|           1|           1|
    |and_ln52_88_fu_5913_p2      |       and|   0|  0|   2|           1|           1|
    |and_ln52_89_fu_5918_p2      |       and|   0|  0|   2|           1|           1|
    |and_ln52_90_fu_5941_p2      |       and|   0|  0|   2|           1|           1|
    |and_ln52_91_fu_2623_p2      |       and|   0|  0|   2|           1|           1|
    |and_ln52_92_fu_6010_p2      |       and|   0|  0|   2|           1|           1|
    |and_ln52_93_fu_6015_p2      |       and|   0|  0|   2|           1|           1|
    |and_ln52_94_fu_6038_p2      |       and|   0|  0|   2|           1|           1|
    |and_ln52_95_fu_2739_p2      |       and|   0|  0|   2|           1|           1|
    |and_ln52_96_fu_6107_p2      |       and|   0|  0|   2|           1|           1|
    |and_ln52_97_fu_6112_p2      |       and|   0|  0|   2|           1|           1|
    |and_ln52_98_fu_6135_p2      |       and|   0|  0|   2|           1|           1|
    |and_ln52_99_fu_2855_p2      |       and|   0|  0|   2|           1|           1|
    |and_ln52_fu_883_p2          |       and|   0|  0|   2|           1|           1|
    |icmp_ln51_10_fu_1161_p2     |      icmp|   0|  0|  47|          40|           1|
    |icmp_ln51_11_fu_1277_p2     |      icmp|   0|  0|  47|          40|           1|
    |icmp_ln51_12_fu_1393_p2     |      icmp|   0|  0|  47|          40|           1|
    |icmp_ln51_13_fu_1509_p2     |      icmp|   0|  0|  47|          40|           1|
    |icmp_ln51_14_fu_1625_p2     |      icmp|   0|  0|  47|          40|           1|
    |icmp_ln51_15_fu_1741_p2     |      icmp|   0|  0|  47|          40|           1|
    |icmp_ln51_16_fu_1857_p2     |      icmp|   0|  0|  47|          40|           1|
    |icmp_ln51_17_fu_1973_p2     |      icmp|   0|  0|  47|          40|           1|
    |icmp_ln51_18_fu_2089_p2     |      icmp|   0|  0|  47|          40|           1|
    |icmp_ln51_19_fu_2205_p2     |      icmp|   0|  0|  47|          40|           1|
    |icmp_ln51_20_fu_2321_p2     |      icmp|   0|  0|  47|          40|           1|
    |icmp_ln51_21_fu_2437_p2     |      icmp|   0|  0|  47|          40|           1|
    |icmp_ln51_22_fu_2553_p2     |      icmp|   0|  0|  47|          40|           1|
    |icmp_ln51_23_fu_2669_p2     |      icmp|   0|  0|  47|          40|           1|
    |icmp_ln51_24_fu_2785_p2     |      icmp|   0|  0|  47|          40|           1|
    |icmp_ln51_25_fu_2901_p2     |      icmp|   0|  0|  47|          40|           1|
    |icmp_ln51_26_fu_3017_p2     |      icmp|   0|  0|  47|          40|           1|
    |icmp_ln51_27_fu_3133_p2     |      icmp|   0|  0|  47|          40|           1|
    |icmp_ln51_28_fu_3249_p2     |      icmp|   0|  0|  47|          40|           1|
    |icmp_ln51_29_fu_3365_p2     |      icmp|   0|  0|  47|          40|           1|
    |icmp_ln51_30_fu_3481_p2     |      icmp|   0|  0|  47|          40|           1|
    |icmp_ln51_31_fu_3597_p2     |      icmp|   0|  0|  47|          40|           1|
    |icmp_ln51_32_fu_3713_p2     |      icmp|   0|  0|  47|          40|           1|
    |icmp_ln51_33_fu_3829_p2     |      icmp|   0|  0|  47|          40|           1|
    |icmp_ln51_34_fu_3945_p2     |      icmp|   0|  0|  47|          40|           1|
    |icmp_ln51_35_fu_4061_p2     |      icmp|   0|  0|  47|          40|           1|
    |icmp_ln51_36_fu_4177_p2     |      icmp|   0|  0|  47|          40|           1|
    |icmp_ln51_37_fu_4293_p2     |      icmp|   0|  0|  47|          40|           1|
    |icmp_ln51_38_fu_4409_p2     |      icmp|   0|  0|  47|          40|           1|
    |icmp_ln51_8_fu_929_p2       |      icmp|   0|  0|  47|          40|           1|
    |icmp_ln51_9_fu_1045_p2      |      icmp|   0|  0|  47|          40|           1|
    |icmp_ln51_fu_819_p2         |      icmp|   0|  0|  47|          40|           1|
    |icmp_ln52_100_fu_3815_p2    |      icmp|   0|  0|  22|          15|           1|
    |icmp_ln52_101_fu_3879_p2    |      icmp|   0|  0|  15|           8|           1|
    |icmp_ln52_102_fu_3925_p2    |      icmp|   0|  0|  22|          15|           2|
    |icmp_ln52_103_fu_3931_p2    |      icmp|   0|  0|  22|          15|           1|
    |icmp_ln52_104_fu_3995_p2    |      icmp|   0|  0|  15|           8|           1|
    |icmp_ln52_105_fu_4041_p2    |      icmp|   0|  0|  22|          15|           2|
    |icmp_ln52_106_fu_4047_p2    |      icmp|   0|  0|  22|          15|           1|
    |icmp_ln52_107_fu_4111_p2    |      icmp|   0|  0|  15|           8|           1|
    |icmp_ln52_108_fu_4157_p2    |      icmp|   0|  0|  22|          15|           2|
    |icmp_ln52_109_fu_4163_p2    |      icmp|   0|  0|  22|          15|           1|
    |icmp_ln52_110_fu_4227_p2    |      icmp|   0|  0|  15|           8|           1|
    |icmp_ln52_111_fu_4273_p2    |      icmp|   0|  0|  22|          15|           2|
    |icmp_ln52_112_fu_4279_p2    |      icmp|   0|  0|  22|          15|           1|
    |icmp_ln52_113_fu_4343_p2    |      icmp|   0|  0|  15|           8|           1|
    |icmp_ln52_114_fu_4389_p2    |      icmp|   0|  0|  22|          15|           2|
    |icmp_ln52_115_fu_4395_p2    |      icmp|   0|  0|  22|          15|           1|
    |icmp_ln52_116_fu_4459_p2    |      icmp|   0|  0|  15|           8|           1|
    |icmp_ln52_117_fu_4505_p2    |      icmp|   0|  0|  22|          15|           2|
    |icmp_ln52_118_fu_4511_p2    |      icmp|   0|  0|  22|          15|           1|
    |icmp_ln52_24_fu_909_p2      |      icmp|   0|  0|  22|          15|           2|
    |icmp_ln52_25_fu_915_p2      |      icmp|   0|  0|  22|          15|           1|
    |icmp_ln52_26_fu_979_p2      |      icmp|   0|  0|  15|           8|           1|
    |icmp_ln52_27_fu_1025_p2     |      icmp|   0|  0|  22|          15|           2|
    |icmp_ln52_28_fu_1031_p2     |      icmp|   0|  0|  22|          15|           1|
    |icmp_ln52_29_fu_1095_p2     |      icmp|   0|  0|  15|           8|           1|
    |icmp_ln52_30_fu_1141_p2     |      icmp|   0|  0|  22|          15|           2|
    |icmp_ln52_31_fu_1147_p2     |      icmp|   0|  0|  22|          15|           1|
    |icmp_ln52_32_fu_1211_p2     |      icmp|   0|  0|  15|           8|           1|
    |icmp_ln52_33_fu_1257_p2     |      icmp|   0|  0|  22|          15|           2|
    |icmp_ln52_34_fu_1263_p2     |      icmp|   0|  0|  22|          15|           1|
    |icmp_ln52_35_fu_1327_p2     |      icmp|   0|  0|  15|           8|           1|
    |icmp_ln52_36_fu_1373_p2     |      icmp|   0|  0|  22|          15|           2|
    |icmp_ln52_37_fu_1379_p2     |      icmp|   0|  0|  22|          15|           1|
    |icmp_ln52_38_fu_1443_p2     |      icmp|   0|  0|  15|           8|           1|
    |icmp_ln52_39_fu_1489_p2     |      icmp|   0|  0|  22|          15|           2|
    |icmp_ln52_40_fu_1495_p2     |      icmp|   0|  0|  22|          15|           1|
    |icmp_ln52_41_fu_1559_p2     |      icmp|   0|  0|  15|           8|           1|
    |icmp_ln52_42_fu_1605_p2     |      icmp|   0|  0|  22|          15|           2|
    |icmp_ln52_43_fu_1611_p2     |      icmp|   0|  0|  22|          15|           1|
    |icmp_ln52_44_fu_1675_p2     |      icmp|   0|  0|  15|           8|           1|
    |icmp_ln52_45_fu_1721_p2     |      icmp|   0|  0|  22|          15|           2|
    |icmp_ln52_46_fu_1727_p2     |      icmp|   0|  0|  22|          15|           1|
    |icmp_ln52_47_fu_1791_p2     |      icmp|   0|  0|  15|           8|           1|
    |icmp_ln52_48_fu_1837_p2     |      icmp|   0|  0|  22|          15|           2|
    |icmp_ln52_49_fu_1843_p2     |      icmp|   0|  0|  22|          15|           1|
    |icmp_ln52_50_fu_1907_p2     |      icmp|   0|  0|  15|           8|           1|
    |icmp_ln52_51_fu_1953_p2     |      icmp|   0|  0|  22|          15|           2|
    |icmp_ln52_52_fu_1959_p2     |      icmp|   0|  0|  22|          15|           1|
    |icmp_ln52_53_fu_2023_p2     |      icmp|   0|  0|  15|           8|           1|
    |icmp_ln52_54_fu_2069_p2     |      icmp|   0|  0|  22|          15|           2|
    |icmp_ln52_55_fu_2075_p2     |      icmp|   0|  0|  22|          15|           1|
    |icmp_ln52_56_fu_2139_p2     |      icmp|   0|  0|  15|           8|           1|
    |icmp_ln52_57_fu_2185_p2     |      icmp|   0|  0|  22|          15|           2|
    |icmp_ln52_58_fu_2191_p2     |      icmp|   0|  0|  22|          15|           1|
    |icmp_ln52_59_fu_2255_p2     |      icmp|   0|  0|  15|           8|           1|
    |icmp_ln52_60_fu_2301_p2     |      icmp|   0|  0|  22|          15|           2|
    |icmp_ln52_61_fu_2307_p2     |      icmp|   0|  0|  22|          15|           1|
    |icmp_ln52_62_fu_2371_p2     |      icmp|   0|  0|  15|           8|           1|
    |icmp_ln52_63_fu_2417_p2     |      icmp|   0|  0|  22|          15|           2|
    |icmp_ln52_64_fu_2423_p2     |      icmp|   0|  0|  22|          15|           1|
    |icmp_ln52_65_fu_2487_p2     |      icmp|   0|  0|  15|           8|           1|
    |icmp_ln52_66_fu_2533_p2     |      icmp|   0|  0|  22|          15|           2|
    |icmp_ln52_67_fu_2539_p2     |      icmp|   0|  0|  22|          15|           1|
    |icmp_ln52_68_fu_2603_p2     |      icmp|   0|  0|  15|           8|           1|
    |icmp_ln52_69_fu_2649_p2     |      icmp|   0|  0|  22|          15|           2|
    |icmp_ln52_70_fu_2655_p2     |      icmp|   0|  0|  22|          15|           1|
    |icmp_ln52_71_fu_2719_p2     |      icmp|   0|  0|  15|           8|           1|
    |icmp_ln52_72_fu_2765_p2     |      icmp|   0|  0|  22|          15|           2|
    |icmp_ln52_73_fu_2771_p2     |      icmp|   0|  0|  22|          15|           1|
    |icmp_ln52_74_fu_2835_p2     |      icmp|   0|  0|  15|           8|           1|
    |icmp_ln52_75_fu_2881_p2     |      icmp|   0|  0|  22|          15|           2|
    |icmp_ln52_76_fu_2887_p2     |      icmp|   0|  0|  22|          15|           1|
    |icmp_ln52_77_fu_2951_p2     |      icmp|   0|  0|  15|           8|           1|
    |icmp_ln52_78_fu_2997_p2     |      icmp|   0|  0|  22|          15|           2|
    |icmp_ln52_79_fu_3003_p2     |      icmp|   0|  0|  22|          15|           1|
    |icmp_ln52_80_fu_3067_p2     |      icmp|   0|  0|  15|           8|           1|
    |icmp_ln52_81_fu_3113_p2     |      icmp|   0|  0|  22|          15|           2|
    |icmp_ln52_82_fu_3119_p2     |      icmp|   0|  0|  22|          15|           1|
    |icmp_ln52_83_fu_3183_p2     |      icmp|   0|  0|  15|           8|           1|
    |icmp_ln52_84_fu_3229_p2     |      icmp|   0|  0|  22|          15|           2|
    |icmp_ln52_85_fu_3235_p2     |      icmp|   0|  0|  22|          15|           1|
    |icmp_ln52_86_fu_3299_p2     |      icmp|   0|  0|  15|           8|           1|
    |icmp_ln52_87_fu_3345_p2     |      icmp|   0|  0|  22|          15|           2|
    |icmp_ln52_88_fu_3351_p2     |      icmp|   0|  0|  22|          15|           1|
    |icmp_ln52_89_fu_3415_p2     |      icmp|   0|  0|  15|           8|           1|
    |icmp_ln52_90_fu_3461_p2     |      icmp|   0|  0|  22|          15|           2|
    |icmp_ln52_91_fu_3467_p2     |      icmp|   0|  0|  22|          15|           1|
    |icmp_ln52_92_fu_3531_p2     |      icmp|   0|  0|  15|           8|           1|
    |icmp_ln52_93_fu_3577_p2     |      icmp|   0|  0|  22|          15|           2|
    |icmp_ln52_94_fu_3583_p2     |      icmp|   0|  0|  22|          15|           1|
    |icmp_ln52_95_fu_3647_p2     |      icmp|   0|  0|  15|           8|           1|
    |icmp_ln52_96_fu_3693_p2     |      icmp|   0|  0|  22|          15|           2|
    |icmp_ln52_97_fu_3699_p2     |      icmp|   0|  0|  22|          15|           1|
    |icmp_ln52_98_fu_3763_p2     |      icmp|   0|  0|  15|           8|           1|
    |icmp_ln52_99_fu_3809_p2     |      icmp|   0|  0|  22|          15|           2|
    |icmp_ln52_fu_863_p2         |      icmp|   0|  0|  15|           8|           1|
    |ap_block_state1             |        or|   0|  0|   2|           1|           1|
    |or_ln52_100_fu_7013_p2      |        or|   0|  0|   2|           1|           1|
    |or_ln52_101_fu_3893_p2      |        or|   0|  0|   2|           1|           1|
    |or_ln52_102_fu_7066_p2      |        or|   0|  0|   2|           1|           1|
    |or_ln52_103_fu_7110_p2      |        or|   0|  0|   2|           1|           1|
    |or_ln52_104_fu_4009_p2      |        or|   0|  0|   2|           1|           1|
    |or_ln52_105_fu_7163_p2      |        or|   0|  0|   2|           1|           1|
    |or_ln52_106_fu_7207_p2      |        or|   0|  0|   2|           1|           1|
    |or_ln52_107_fu_4125_p2      |        or|   0|  0|   2|           1|           1|
    |or_ln52_108_fu_7260_p2      |        or|   0|  0|   2|           1|           1|
    |or_ln52_109_fu_7304_p2      |        or|   0|  0|   2|           1|           1|
    |or_ln52_110_fu_4241_p2      |        or|   0|  0|   2|           1|           1|
    |or_ln52_111_fu_7357_p2      |        or|   0|  0|   2|           1|           1|
    |or_ln52_112_fu_7401_p2      |        or|   0|  0|   2|           1|           1|
    |or_ln52_113_fu_4357_p2      |        or|   0|  0|   2|           1|           1|
    |or_ln52_114_fu_7454_p2      |        or|   0|  0|   2|           1|           1|
    |or_ln52_115_fu_7498_p2      |        or|   0|  0|   2|           1|           1|
    |or_ln52_116_fu_4473_p2      |        or|   0|  0|   2|           1|           1|
    |or_ln52_117_fu_7551_p2      |        or|   0|  0|   2|           1|           1|
    |or_ln52_118_fu_7595_p2      |        or|   0|  0|   2|           1|           1|
    |or_ln52_24_fu_4544_p2       |        or|   0|  0|   2|           1|           1|
    |or_ln52_25_fu_4588_p2       |        or|   0|  0|   2|           1|           1|
    |or_ln52_26_fu_993_p2        |        or|   0|  0|   2|           1|           1|
    |or_ln52_27_fu_4641_p2       |        or|   0|  0|   2|           1|           1|
    |or_ln52_28_fu_4685_p2       |        or|   0|  0|   2|           1|           1|
    |or_ln52_29_fu_1109_p2       |        or|   0|  0|   2|           1|           1|
    |or_ln52_30_fu_4738_p2       |        or|   0|  0|   2|           1|           1|
    |or_ln52_31_fu_4782_p2       |        or|   0|  0|   2|           1|           1|
    |or_ln52_32_fu_1225_p2       |        or|   0|  0|   2|           1|           1|
    |or_ln52_33_fu_4835_p2       |        or|   0|  0|   2|           1|           1|
    |or_ln52_34_fu_4879_p2       |        or|   0|  0|   2|           1|           1|
    |or_ln52_35_fu_1341_p2       |        or|   0|  0|   2|           1|           1|
    |or_ln52_36_fu_4932_p2       |        or|   0|  0|   2|           1|           1|
    |or_ln52_37_fu_4976_p2       |        or|   0|  0|   2|           1|           1|
    |or_ln52_38_fu_1457_p2       |        or|   0|  0|   2|           1|           1|
    |or_ln52_39_fu_5029_p2       |        or|   0|  0|   2|           1|           1|
    |or_ln52_40_fu_5073_p2       |        or|   0|  0|   2|           1|           1|
    |or_ln52_41_fu_1573_p2       |        or|   0|  0|   2|           1|           1|
    |or_ln52_42_fu_5126_p2       |        or|   0|  0|   2|           1|           1|
    |or_ln52_43_fu_5170_p2       |        or|   0|  0|   2|           1|           1|
    |or_ln52_44_fu_1689_p2       |        or|   0|  0|   2|           1|           1|
    |or_ln52_45_fu_5223_p2       |        or|   0|  0|   2|           1|           1|
    |or_ln52_46_fu_5267_p2       |        or|   0|  0|   2|           1|           1|
    |or_ln52_47_fu_1805_p2       |        or|   0|  0|   2|           1|           1|
    |or_ln52_48_fu_5320_p2       |        or|   0|  0|   2|           1|           1|
    |or_ln52_49_fu_5364_p2       |        or|   0|  0|   2|           1|           1|
    |or_ln52_50_fu_1921_p2       |        or|   0|  0|   2|           1|           1|
    |or_ln52_51_fu_5417_p2       |        or|   0|  0|   2|           1|           1|
    |or_ln52_52_fu_5461_p2       |        or|   0|  0|   2|           1|           1|
    |or_ln52_53_fu_2037_p2       |        or|   0|  0|   2|           1|           1|
    |or_ln52_54_fu_5514_p2       |        or|   0|  0|   2|           1|           1|
    |or_ln52_55_fu_5558_p2       |        or|   0|  0|   2|           1|           1|
    |or_ln52_56_fu_2153_p2       |        or|   0|  0|   2|           1|           1|
    |or_ln52_57_fu_5611_p2       |        or|   0|  0|   2|           1|           1|
    |or_ln52_58_fu_5655_p2       |        or|   0|  0|   2|           1|           1|
    |or_ln52_59_fu_2269_p2       |        or|   0|  0|   2|           1|           1|
    |or_ln52_60_fu_5708_p2       |        or|   0|  0|   2|           1|           1|
    |or_ln52_61_fu_5752_p2       |        or|   0|  0|   2|           1|           1|
    |or_ln52_62_fu_2385_p2       |        or|   0|  0|   2|           1|           1|
    |or_ln52_63_fu_5805_p2       |        or|   0|  0|   2|           1|           1|
    |or_ln52_64_fu_5849_p2       |        or|   0|  0|   2|           1|           1|
    |or_ln52_65_fu_2501_p2       |        or|   0|  0|   2|           1|           1|
    |or_ln52_66_fu_5902_p2       |        or|   0|  0|   2|           1|           1|
    |or_ln52_67_fu_5946_p2       |        or|   0|  0|   2|           1|           1|
    |or_ln52_68_fu_2617_p2       |        or|   0|  0|   2|           1|           1|
    |or_ln52_69_fu_5999_p2       |        or|   0|  0|   2|           1|           1|
    |or_ln52_70_fu_6043_p2       |        or|   0|  0|   2|           1|           1|
    |or_ln52_71_fu_2733_p2       |        or|   0|  0|   2|           1|           1|
    |or_ln52_72_fu_6096_p2       |        or|   0|  0|   2|           1|           1|
    |or_ln52_73_fu_6140_p2       |        or|   0|  0|   2|           1|           1|
    |or_ln52_74_fu_2849_p2       |        or|   0|  0|   2|           1|           1|
    |or_ln52_75_fu_6193_p2       |        or|   0|  0|   2|           1|           1|
    |or_ln52_76_fu_6237_p2       |        or|   0|  0|   2|           1|           1|
    |or_ln52_77_fu_2965_p2       |        or|   0|  0|   2|           1|           1|
    |or_ln52_78_fu_6290_p2       |        or|   0|  0|   2|           1|           1|
    |or_ln52_79_fu_6334_p2       |        or|   0|  0|   2|           1|           1|
    |or_ln52_80_fu_3081_p2       |        or|   0|  0|   2|           1|           1|
    |or_ln52_81_fu_6387_p2       |        or|   0|  0|   2|           1|           1|
    |or_ln52_82_fu_6431_p2       |        or|   0|  0|   2|           1|           1|
    |or_ln52_83_fu_3197_p2       |        or|   0|  0|   2|           1|           1|
    |or_ln52_84_fu_6484_p2       |        or|   0|  0|   2|           1|           1|
    |or_ln52_85_fu_6528_p2       |        or|   0|  0|   2|           1|           1|
    |or_ln52_86_fu_3313_p2       |        or|   0|  0|   2|           1|           1|
    |or_ln52_87_fu_6581_p2       |        or|   0|  0|   2|           1|           1|
    |or_ln52_88_fu_6625_p2       |        or|   0|  0|   2|           1|           1|
    |or_ln52_89_fu_3429_p2       |        or|   0|  0|   2|           1|           1|
    |or_ln52_90_fu_6678_p2       |        or|   0|  0|   2|           1|           1|
    |or_ln52_91_fu_6722_p2       |        or|   0|  0|   2|           1|           1|
    |or_ln52_92_fu_3545_p2       |        or|   0|  0|   2|           1|           1|
    |or_ln52_93_fu_6775_p2       |        or|   0|  0|   2|           1|           1|
    |or_ln52_94_fu_6819_p2       |        or|   0|  0|   2|           1|           1|
    |or_ln52_95_fu_3661_p2       |        or|   0|  0|   2|           1|           1|
    |or_ln52_96_fu_6872_p2       |        or|   0|  0|   2|           1|           1|
    |or_ln52_97_fu_6916_p2       |        or|   0|  0|   2|           1|           1|
    |or_ln52_98_fu_3777_p2       |        or|   0|  0|   2|           1|           1|
    |or_ln52_99_fu_6969_p2       |        or|   0|  0|   2|           1|           1|
    |or_ln52_fu_877_p2           |        or|   0|  0|   2|           1|           1|
    |out_data_10_fu_4899_p3      |    select|   0|  0|  16|           1|          16|
    |out_data_8_fu_4705_p3       |    select|   0|  0|  16|           1|          16|
    |out_data_9_fu_4802_p3       |    select|   0|  0|  16|           1|          16|
    |out_data_fu_4608_p3         |    select|   0|  0|  16|           1|          16|
    |select_ln51_10_fu_4906_p3   |    select|   0|  0|  16|           1|          16|
    |select_ln51_11_fu_5003_p3   |    select|   0|  0|  16|           1|          16|
    |select_ln51_12_fu_5100_p3   |    select|   0|  0|  16|           1|          16|
    |select_ln51_13_fu_5197_p3   |    select|   0|  0|  16|           1|          16|
    |select_ln51_14_fu_5294_p3   |    select|   0|  0|  16|           1|          16|
    |select_ln51_15_fu_5391_p3   |    select|   0|  0|  16|           1|          16|
    |select_ln51_16_fu_5488_p3   |    select|   0|  0|  16|           1|          16|
    |select_ln51_17_fu_5585_p3   |    select|   0|  0|  16|           1|          16|
    |select_ln51_18_fu_5682_p3   |    select|   0|  0|  16|           1|          16|
    |select_ln51_19_fu_5779_p3   |    select|   0|  0|  16|           1|          16|
    |select_ln51_20_fu_5876_p3   |    select|   0|  0|  16|           1|          16|
    |select_ln51_21_fu_5973_p3   |    select|   0|  0|  16|           1|          16|
    |select_ln51_22_fu_6070_p3   |    select|   0|  0|  16|           1|          16|
    |select_ln51_23_fu_6167_p3   |    select|   0|  0|  16|           1|          16|
    |select_ln51_24_fu_6264_p3   |    select|   0|  0|  16|           1|          16|
    |select_ln51_25_fu_6361_p3   |    select|   0|  0|  16|           1|          16|
    |select_ln51_26_fu_6458_p3   |    select|   0|  0|  16|           1|          16|
    |select_ln51_27_fu_6555_p3   |    select|   0|  0|  16|           1|          16|
    |select_ln51_28_fu_6652_p3   |    select|   0|  0|  16|           1|          16|
    |select_ln51_29_fu_6749_p3   |    select|   0|  0|  16|           1|          16|
    |select_ln51_30_fu_6846_p3   |    select|   0|  0|  16|           1|          16|
    |select_ln51_31_fu_6943_p3   |    select|   0|  0|  16|           1|          16|
    |select_ln51_32_fu_7040_p3   |    select|   0|  0|  16|           1|          16|
    |select_ln51_33_fu_7137_p3   |    select|   0|  0|  16|           1|          16|
    |select_ln51_34_fu_7234_p3   |    select|   0|  0|  16|           1|          16|
    |select_ln51_35_fu_7331_p3   |    select|   0|  0|  16|           1|          16|
    |select_ln51_36_fu_7428_p3   |    select|   0|  0|  16|           1|          16|
    |select_ln51_37_fu_7525_p3   |    select|   0|  0|  16|           1|          16|
    |select_ln51_38_fu_7622_p3   |    select|   0|  0|  16|           1|          16|
    |select_ln51_8_fu_4712_p3    |    select|   0|  0|  16|           1|          16|
    |select_ln51_9_fu_4809_p3    |    select|   0|  0|  16|           1|          16|
    |select_ln51_fu_4615_p3      |    select|   0|  0|  16|           1|          16|
    |select_ln52_100_fu_5384_p3  |    select|   0|  0|  16|           1|          16|
    |select_ln52_101_fu_5406_p3  |    select|   0|  0|   2|           1|           1|
    |select_ln52_102_fu_5411_p3  |    select|   0|  0|   2|           1|           1|
    |select_ln52_103_fu_5444_p3  |    select|   0|  0|  15|           1|          15|
    |select_ln52_104_fu_5467_p3  |    select|   0|  0|  16|           1|          16|
    |select_ln52_105_fu_5473_p3  |    select|   0|  0|  16|           1|          16|
    |select_ln52_106_fu_5481_p3  |    select|   0|  0|  16|           1|          16|
    |select_ln52_107_fu_5503_p3  |    select|   0|  0|   2|           1|           1|
    |select_ln52_108_fu_5508_p3  |    select|   0|  0|   2|           1|           1|
    |select_ln52_109_fu_5541_p3  |    select|   0|  0|  15|           1|          15|
    |select_ln52_110_fu_5564_p3  |    select|   0|  0|  16|           1|          16|
    |select_ln52_111_fu_5570_p3  |    select|   0|  0|  16|           1|          16|
    |select_ln52_112_fu_5578_p3  |    select|   0|  0|  16|           1|          16|
    |select_ln52_113_fu_5600_p3  |    select|   0|  0|   2|           1|           1|
    |select_ln52_114_fu_5605_p3  |    select|   0|  0|   2|           1|           1|
    |select_ln52_115_fu_5638_p3  |    select|   0|  0|  15|           1|          15|
    |select_ln52_116_fu_5661_p3  |    select|   0|  0|  16|           1|          16|
    |select_ln52_117_fu_5667_p3  |    select|   0|  0|  16|           1|          16|
    |select_ln52_118_fu_5675_p3  |    select|   0|  0|  16|           1|          16|
    |select_ln52_119_fu_5697_p3  |    select|   0|  0|   2|           1|           1|
    |select_ln52_120_fu_5702_p3  |    select|   0|  0|   2|           1|           1|
    |select_ln52_121_fu_5735_p3  |    select|   0|  0|  15|           1|          15|
    |select_ln52_122_fu_5758_p3  |    select|   0|  0|  16|           1|          16|
    |select_ln52_123_fu_5764_p3  |    select|   0|  0|  16|           1|          16|
    |select_ln52_124_fu_5772_p3  |    select|   0|  0|  16|           1|          16|
    |select_ln52_125_fu_5794_p3  |    select|   0|  0|   2|           1|           1|
    |select_ln52_126_fu_5799_p3  |    select|   0|  0|   2|           1|           1|
    |select_ln52_127_fu_5832_p3  |    select|   0|  0|  15|           1|          15|
    |select_ln52_128_fu_5855_p3  |    select|   0|  0|  16|           1|          16|
    |select_ln52_129_fu_5861_p3  |    select|   0|  0|  16|           1|          16|
    |select_ln52_130_fu_5869_p3  |    select|   0|  0|  16|           1|          16|
    |select_ln52_131_fu_5891_p3  |    select|   0|  0|   2|           1|           1|
    |select_ln52_132_fu_5896_p3  |    select|   0|  0|   2|           1|           1|
    |select_ln52_133_fu_5929_p3  |    select|   0|  0|  15|           1|          15|
    |select_ln52_134_fu_5952_p3  |    select|   0|  0|  16|           1|          16|
    |select_ln52_135_fu_5958_p3  |    select|   0|  0|  16|           1|          16|
    |select_ln52_136_fu_5966_p3  |    select|   0|  0|  16|           1|          16|
    |select_ln52_137_fu_5988_p3  |    select|   0|  0|   2|           1|           1|
    |select_ln52_138_fu_5993_p3  |    select|   0|  0|   2|           1|           1|
    |select_ln52_139_fu_6026_p3  |    select|   0|  0|  15|           1|          15|
    |select_ln52_140_fu_6049_p3  |    select|   0|  0|  16|           1|          16|
    |select_ln52_141_fu_6055_p3  |    select|   0|  0|  16|           1|          16|
    |select_ln52_142_fu_6063_p3  |    select|   0|  0|  16|           1|          16|
    |select_ln52_143_fu_6085_p3  |    select|   0|  0|   2|           1|           1|
    |select_ln52_144_fu_6090_p3  |    select|   0|  0|   2|           1|           1|
    |select_ln52_145_fu_6123_p3  |    select|   0|  0|  15|           1|          15|
    |select_ln52_146_fu_6146_p3  |    select|   0|  0|  16|           1|          16|
    |select_ln52_147_fu_6152_p3  |    select|   0|  0|  16|           1|          16|
    |select_ln52_148_fu_6160_p3  |    select|   0|  0|  16|           1|          16|
    |select_ln52_149_fu_6182_p3  |    select|   0|  0|   2|           1|           1|
    |select_ln52_150_fu_6187_p3  |    select|   0|  0|   2|           1|           1|
    |select_ln52_151_fu_6220_p3  |    select|   0|  0|  15|           1|          15|
    |select_ln52_152_fu_6243_p3  |    select|   0|  0|  16|           1|          16|
    |select_ln52_153_fu_6249_p3  |    select|   0|  0|  16|           1|          16|
    |select_ln52_154_fu_6257_p3  |    select|   0|  0|  16|           1|          16|
    |select_ln52_155_fu_6279_p3  |    select|   0|  0|   2|           1|           1|
    |select_ln52_156_fu_6284_p3  |    select|   0|  0|   2|           1|           1|
    |select_ln52_157_fu_6317_p3  |    select|   0|  0|  15|           1|          15|
    |select_ln52_158_fu_6340_p3  |    select|   0|  0|  16|           1|          16|
    |select_ln52_159_fu_6346_p3  |    select|   0|  0|  16|           1|          16|
    |select_ln52_160_fu_6354_p3  |    select|   0|  0|  16|           1|          16|
    |select_ln52_161_fu_6376_p3  |    select|   0|  0|   2|           1|           1|
    |select_ln52_162_fu_6381_p3  |    select|   0|  0|   2|           1|           1|
    |select_ln52_163_fu_6414_p3  |    select|   0|  0|  15|           1|          15|
    |select_ln52_164_fu_6437_p3  |    select|   0|  0|  16|           1|          16|
    |select_ln52_165_fu_6443_p3  |    select|   0|  0|  16|           1|          16|
    |select_ln52_166_fu_6451_p3  |    select|   0|  0|  16|           1|          16|
    |select_ln52_167_fu_6473_p3  |    select|   0|  0|   2|           1|           1|
    |select_ln52_168_fu_6478_p3  |    select|   0|  0|   2|           1|           1|
    |select_ln52_169_fu_6511_p3  |    select|   0|  0|  15|           1|          15|
    |select_ln52_170_fu_6534_p3  |    select|   0|  0|  16|           1|          16|
    |select_ln52_171_fu_6540_p3  |    select|   0|  0|  16|           1|          16|
    |select_ln52_172_fu_6548_p3  |    select|   0|  0|  16|           1|          16|
    |select_ln52_173_fu_6570_p3  |    select|   0|  0|   2|           1|           1|
    |select_ln52_174_fu_6575_p3  |    select|   0|  0|   2|           1|           1|
    |select_ln52_175_fu_6608_p3  |    select|   0|  0|  15|           1|          15|
    |select_ln52_176_fu_6631_p3  |    select|   0|  0|  16|           1|          16|
    |select_ln52_177_fu_6637_p3  |    select|   0|  0|  16|           1|          16|
    |select_ln52_178_fu_6645_p3  |    select|   0|  0|  16|           1|          16|
    |select_ln52_179_fu_6667_p3  |    select|   0|  0|   2|           1|           1|
    |select_ln52_180_fu_6672_p3  |    select|   0|  0|   2|           1|           1|
    |select_ln52_181_fu_6705_p3  |    select|   0|  0|  15|           1|          15|
    |select_ln52_182_fu_6728_p3  |    select|   0|  0|  16|           1|          16|
    |select_ln52_183_fu_6734_p3  |    select|   0|  0|  16|           1|          16|
    |select_ln52_184_fu_6742_p3  |    select|   0|  0|  16|           1|          16|
    |select_ln52_185_fu_6764_p3  |    select|   0|  0|   2|           1|           1|
    |select_ln52_186_fu_6769_p3  |    select|   0|  0|   2|           1|           1|
    |select_ln52_187_fu_6802_p3  |    select|   0|  0|  15|           1|          15|
    |select_ln52_188_fu_6825_p3  |    select|   0|  0|  16|           1|          16|
    |select_ln52_189_fu_6831_p3  |    select|   0|  0|  16|           1|          16|
    |select_ln52_190_fu_6839_p3  |    select|   0|  0|  16|           1|          16|
    |select_ln52_191_fu_6861_p3  |    select|   0|  0|   2|           1|           1|
    |select_ln52_192_fu_6866_p3  |    select|   0|  0|   2|           1|           1|
    |select_ln52_193_fu_6899_p3  |    select|   0|  0|  15|           1|          15|
    |select_ln52_194_fu_6922_p3  |    select|   0|  0|  16|           1|          16|
    |select_ln52_195_fu_6928_p3  |    select|   0|  0|  16|           1|          16|
    |select_ln52_196_fu_6936_p3  |    select|   0|  0|  16|           1|          16|
    |select_ln52_197_fu_6958_p3  |    select|   0|  0|   2|           1|           1|
    |select_ln52_198_fu_6963_p3  |    select|   0|  0|   2|           1|           1|
    |select_ln52_199_fu_6996_p3  |    select|   0|  0|  15|           1|          15|
    |select_ln52_200_fu_7019_p3  |    select|   0|  0|  16|           1|          16|
    |select_ln52_201_fu_7025_p3  |    select|   0|  0|  16|           1|          16|
    |select_ln52_202_fu_7033_p3  |    select|   0|  0|  16|           1|          16|
    |select_ln52_203_fu_7055_p3  |    select|   0|  0|   2|           1|           1|
    |select_ln52_204_fu_7060_p3  |    select|   0|  0|   2|           1|           1|
    |select_ln52_205_fu_7093_p3  |    select|   0|  0|  15|           1|          15|
    |select_ln52_206_fu_7116_p3  |    select|   0|  0|  16|           1|          16|
    |select_ln52_207_fu_7122_p3  |    select|   0|  0|  16|           1|          16|
    |select_ln52_208_fu_7130_p3  |    select|   0|  0|  16|           1|          16|
    |select_ln52_209_fu_7152_p3  |    select|   0|  0|   2|           1|           1|
    |select_ln52_210_fu_7157_p3  |    select|   0|  0|   2|           1|           1|
    |select_ln52_211_fu_7190_p3  |    select|   0|  0|  15|           1|          15|
    |select_ln52_212_fu_7213_p3  |    select|   0|  0|  16|           1|          16|
    |select_ln52_213_fu_7219_p3  |    select|   0|  0|  16|           1|          16|
    |select_ln52_214_fu_7227_p3  |    select|   0|  0|  16|           1|          16|
    |select_ln52_215_fu_7249_p3  |    select|   0|  0|   2|           1|           1|
    |select_ln52_216_fu_7254_p3  |    select|   0|  0|   2|           1|           1|
    |select_ln52_217_fu_7287_p3  |    select|   0|  0|  15|           1|          15|
    |select_ln52_218_fu_7310_p3  |    select|   0|  0|  16|           1|          16|
    |select_ln52_219_fu_7316_p3  |    select|   0|  0|  16|           1|          16|
    |select_ln52_220_fu_7324_p3  |    select|   0|  0|  16|           1|          16|
    |select_ln52_221_fu_7346_p3  |    select|   0|  0|   2|           1|           1|
    |select_ln52_222_fu_7351_p3  |    select|   0|  0|   2|           1|           1|
    |select_ln52_223_fu_7384_p3  |    select|   0|  0|  15|           1|          15|
    |select_ln52_224_fu_7407_p3  |    select|   0|  0|  16|           1|          16|
    |select_ln52_225_fu_7413_p3  |    select|   0|  0|  16|           1|          16|
    |select_ln52_226_fu_7421_p3  |    select|   0|  0|  16|           1|          16|
    |select_ln52_227_fu_7443_p3  |    select|   0|  0|   2|           1|           1|
    |select_ln52_228_fu_7448_p3  |    select|   0|  0|   2|           1|           1|
    |select_ln52_229_fu_7481_p3  |    select|   0|  0|  15|           1|          15|
    |select_ln52_230_fu_7504_p3  |    select|   0|  0|  16|           1|          16|
    |select_ln52_231_fu_7510_p3  |    select|   0|  0|  16|           1|          16|
    |select_ln52_232_fu_7518_p3  |    select|   0|  0|  16|           1|          16|
    |select_ln52_233_fu_7540_p3  |    select|   0|  0|   2|           1|           1|
    |select_ln52_234_fu_7545_p3  |    select|   0|  0|   2|           1|           1|
    |select_ln52_235_fu_7578_p3  |    select|   0|  0|  15|           1|          15|
    |select_ln52_236_fu_7601_p3  |    select|   0|  0|  16|           1|          16|
    |select_ln52_237_fu_7607_p3  |    select|   0|  0|  16|           1|          16|
    |select_ln52_238_fu_7615_p3  |    select|   0|  0|  16|           1|          16|
    |select_ln52_48_fu_4538_p3   |    select|   0|  0|   2|           1|           1|
    |select_ln52_49_fu_4571_p3   |    select|   0|  0|  15|           1|          15|
    |select_ln52_50_fu_4594_p3   |    select|   0|  0|  16|           1|          16|
    |select_ln52_51_fu_4600_p3   |    select|   0|  0|  16|           1|          16|
    |select_ln52_53_fu_4630_p3   |    select|   0|  0|   2|           1|           1|
    |select_ln52_54_fu_4635_p3   |    select|   0|  0|   2|           1|           1|
    |select_ln52_55_fu_4668_p3   |    select|   0|  0|  15|           1|          15|
    |select_ln52_56_fu_4691_p3   |    select|   0|  0|  16|           1|          16|
    |select_ln52_57_fu_4697_p3   |    select|   0|  0|  16|           1|          16|
    |select_ln52_59_fu_4727_p3   |    select|   0|  0|   2|           1|           1|
    |select_ln52_60_fu_4732_p3   |    select|   0|  0|   2|           1|           1|
    |select_ln52_61_fu_4765_p3   |    select|   0|  0|  15|           1|          15|
    |select_ln52_62_fu_4788_p3   |    select|   0|  0|  16|           1|          16|
    |select_ln52_63_fu_4794_p3   |    select|   0|  0|  16|           1|          16|
    |select_ln52_65_fu_4824_p3   |    select|   0|  0|   2|           1|           1|
    |select_ln52_66_fu_4829_p3   |    select|   0|  0|   2|           1|           1|
    |select_ln52_67_fu_4862_p3   |    select|   0|  0|  15|           1|          15|
    |select_ln52_68_fu_4885_p3   |    select|   0|  0|  16|           1|          16|
    |select_ln52_69_fu_4891_p3   |    select|   0|  0|  16|           1|          16|
    |select_ln52_71_fu_4921_p3   |    select|   0|  0|   2|           1|           1|
    |select_ln52_72_fu_4926_p3   |    select|   0|  0|   2|           1|           1|
    |select_ln52_73_fu_4959_p3   |    select|   0|  0|  15|           1|          15|
    |select_ln52_74_fu_4982_p3   |    select|   0|  0|  16|           1|          16|
    |select_ln52_75_fu_4988_p3   |    select|   0|  0|  16|           1|          16|
    |select_ln52_76_fu_4996_p3   |    select|   0|  0|  16|           1|          16|
    |select_ln52_77_fu_5018_p3   |    select|   0|  0|   2|           1|           1|
    |select_ln52_78_fu_5023_p3   |    select|   0|  0|   2|           1|           1|
    |select_ln52_79_fu_5056_p3   |    select|   0|  0|  15|           1|          15|
    |select_ln52_80_fu_5079_p3   |    select|   0|  0|  16|           1|          16|
    |select_ln52_81_fu_5085_p3   |    select|   0|  0|  16|           1|          16|
    |select_ln52_82_fu_5093_p3   |    select|   0|  0|  16|           1|          16|
    |select_ln52_83_fu_5115_p3   |    select|   0|  0|   2|           1|           1|
    |select_ln52_84_fu_5120_p3   |    select|   0|  0|   2|           1|           1|
    |select_ln52_85_fu_5153_p3   |    select|   0|  0|  15|           1|          15|
    |select_ln52_86_fu_5176_p3   |    select|   0|  0|  16|           1|          16|
    |select_ln52_87_fu_5182_p3   |    select|   0|  0|  16|           1|          16|
    |select_ln52_88_fu_5190_p3   |    select|   0|  0|  16|           1|          16|
    |select_ln52_89_fu_5212_p3   |    select|   0|  0|   2|           1|           1|
    |select_ln52_90_fu_5217_p3   |    select|   0|  0|   2|           1|           1|
    |select_ln52_91_fu_5250_p3   |    select|   0|  0|  15|           1|          15|
    |select_ln52_92_fu_5273_p3   |    select|   0|  0|  16|           1|          16|
    |select_ln52_93_fu_5279_p3   |    select|   0|  0|  16|           1|          16|
    |select_ln52_94_fu_5287_p3   |    select|   0|  0|  16|           1|          16|
    |select_ln52_95_fu_5309_p3   |    select|   0|  0|   2|           1|           1|
    |select_ln52_96_fu_5314_p3   |    select|   0|  0|   2|           1|           1|
    |select_ln52_97_fu_5347_p3   |    select|   0|  0|  15|           1|          15|
    |select_ln52_98_fu_5370_p3   |    select|   0|  0|  16|           1|          16|
    |select_ln52_99_fu_5376_p3   |    select|   0|  0|  16|           1|          16|
    |select_ln52_fu_4533_p3      |    select|   0|  0|   2|           1|           1|
    |xor_ln52_100_fu_6565_p2     |       xor|   0|  0|   2|           1|           2|
    |xor_ln52_101_fu_6662_p2     |       xor|   0|  0|   2|           1|           2|
    |xor_ln52_102_fu_6759_p2     |       xor|   0|  0|   2|           1|           2|
    |xor_ln52_103_fu_6856_p2     |       xor|   0|  0|   2|           1|           2|
    |xor_ln52_104_fu_6953_p2     |       xor|   0|  0|   2|           1|           2|
    |xor_ln52_105_fu_7050_p2     |       xor|   0|  0|   2|           1|           2|
    |xor_ln52_106_fu_7147_p2     |       xor|   0|  0|   2|           1|           2|
    |xor_ln52_107_fu_7244_p2     |       xor|   0|  0|   2|           1|           2|
    |xor_ln52_108_fu_7341_p2     |       xor|   0|  0|   2|           1|           2|
    |xor_ln52_109_fu_7438_p2     |       xor|   0|  0|   2|           1|           2|
    |xor_ln52_110_fu_7535_p2     |       xor|   0|  0|   2|           1|           2|
    |xor_ln52_16_fu_4565_p2      |       xor|   0|  0|   2|           2|           1|
    |xor_ln52_17_fu_4646_p2      |       xor|   0|  0|   2|           1|           2|
    |xor_ln52_18_fu_4662_p2      |       xor|   0|  0|   2|           2|           1|
    |xor_ln52_19_fu_4743_p2      |       xor|   0|  0|   2|           1|           2|
    |xor_ln52_20_fu_4759_p2      |       xor|   0|  0|   2|           2|           1|
    |xor_ln52_21_fu_4840_p2      |       xor|   0|  0|   2|           1|           2|
    |xor_ln52_22_fu_4856_p2      |       xor|   0|  0|   2|           2|           1|
    |xor_ln52_23_fu_4937_p2      |       xor|   0|  0|   2|           1|           2|
    |xor_ln52_24_fu_4953_p2      |       xor|   0|  0|   2|           2|           1|
    |xor_ln52_25_fu_5034_p2      |       xor|   0|  0|   2|           1|           2|
    |xor_ln52_26_fu_5050_p2      |       xor|   0|  0|   2|           2|           1|
    |xor_ln52_27_fu_5131_p2      |       xor|   0|  0|   2|           1|           2|
    |xor_ln52_28_fu_5147_p2      |       xor|   0|  0|   2|           2|           1|
    |xor_ln52_29_fu_5228_p2      |       xor|   0|  0|   2|           1|           2|
    |xor_ln52_30_fu_5244_p2      |       xor|   0|  0|   2|           2|           1|
    |xor_ln52_31_fu_5325_p2      |       xor|   0|  0|   2|           1|           2|
    |xor_ln52_32_fu_5341_p2      |       xor|   0|  0|   2|           2|           1|
    |xor_ln52_33_fu_5422_p2      |       xor|   0|  0|   2|           1|           2|
    |xor_ln52_34_fu_5438_p2      |       xor|   0|  0|   2|           2|           1|
    |xor_ln52_35_fu_5519_p2      |       xor|   0|  0|   2|           1|           2|
    |xor_ln52_36_fu_5535_p2      |       xor|   0|  0|   2|           2|           1|
    |xor_ln52_37_fu_5616_p2      |       xor|   0|  0|   2|           1|           2|
    |xor_ln52_38_fu_5632_p2      |       xor|   0|  0|   2|           2|           1|
    |xor_ln52_39_fu_5713_p2      |       xor|   0|  0|   2|           1|           2|
    |xor_ln52_40_fu_5729_p2      |       xor|   0|  0|   2|           2|           1|
    |xor_ln52_41_fu_5810_p2      |       xor|   0|  0|   2|           1|           2|
    |xor_ln52_42_fu_5826_p2      |       xor|   0|  0|   2|           2|           1|
    |xor_ln52_43_fu_5907_p2      |       xor|   0|  0|   2|           1|           2|
    |xor_ln52_44_fu_5923_p2      |       xor|   0|  0|   2|           2|           1|
    |xor_ln52_45_fu_6004_p2      |       xor|   0|  0|   2|           1|           2|
    |xor_ln52_46_fu_6020_p2      |       xor|   0|  0|   2|           2|           1|
    |xor_ln52_47_fu_6101_p2      |       xor|   0|  0|   2|           1|           2|
    |xor_ln52_48_fu_6117_p2      |       xor|   0|  0|   2|           2|           1|
    |xor_ln52_49_fu_6198_p2      |       xor|   0|  0|   2|           1|           2|
    |xor_ln52_50_fu_6214_p2      |       xor|   0|  0|   2|           2|           1|
    |xor_ln52_51_fu_6295_p2      |       xor|   0|  0|   2|           1|           2|
    |xor_ln52_52_fu_6311_p2      |       xor|   0|  0|   2|           2|           1|
    |xor_ln52_53_fu_6392_p2      |       xor|   0|  0|   2|           1|           2|
    |xor_ln52_54_fu_6408_p2      |       xor|   0|  0|   2|           2|           1|
    |xor_ln52_55_fu_6489_p2      |       xor|   0|  0|   2|           1|           2|
    |xor_ln52_56_fu_6505_p2      |       xor|   0|  0|   2|           2|           1|
    |xor_ln52_57_fu_6586_p2      |       xor|   0|  0|   2|           1|           2|
    |xor_ln52_58_fu_6602_p2      |       xor|   0|  0|   2|           2|           1|
    |xor_ln52_59_fu_6683_p2      |       xor|   0|  0|   2|           1|           2|
    |xor_ln52_60_fu_6699_p2      |       xor|   0|  0|   2|           2|           1|
    |xor_ln52_61_fu_6780_p2      |       xor|   0|  0|   2|           1|           2|
    |xor_ln52_62_fu_6796_p2      |       xor|   0|  0|   2|           2|           1|
    |xor_ln52_63_fu_6877_p2      |       xor|   0|  0|   2|           1|           2|
    |xor_ln52_64_fu_6893_p2      |       xor|   0|  0|   2|           2|           1|
    |xor_ln52_65_fu_6974_p2      |       xor|   0|  0|   2|           1|           2|
    |xor_ln52_66_fu_6990_p2      |       xor|   0|  0|   2|           2|           1|
    |xor_ln52_67_fu_7071_p2      |       xor|   0|  0|   2|           1|           2|
    |xor_ln52_68_fu_7087_p2      |       xor|   0|  0|   2|           2|           1|
    |xor_ln52_69_fu_7168_p2      |       xor|   0|  0|   2|           1|           2|
    |xor_ln52_70_fu_7184_p2      |       xor|   0|  0|   2|           2|           1|
    |xor_ln52_71_fu_7265_p2      |       xor|   0|  0|   2|           1|           2|
    |xor_ln52_72_fu_7281_p2      |       xor|   0|  0|   2|           2|           1|
    |xor_ln52_73_fu_7362_p2      |       xor|   0|  0|   2|           1|           2|
    |xor_ln52_74_fu_7378_p2      |       xor|   0|  0|   2|           2|           1|
    |xor_ln52_75_fu_7459_p2      |       xor|   0|  0|   2|           1|           2|
    |xor_ln52_76_fu_7475_p2      |       xor|   0|  0|   2|           2|           1|
    |xor_ln52_77_fu_7556_p2      |       xor|   0|  0|   2|           1|           2|
    |xor_ln52_78_fu_7572_p2      |       xor|   0|  0|   2|           2|           1|
    |xor_ln52_79_fu_4528_p2      |       xor|   0|  0|   2|           1|           2|
    |xor_ln52_80_fu_4625_p2      |       xor|   0|  0|   2|           1|           2|
    |xor_ln52_81_fu_4722_p2      |       xor|   0|  0|   2|           1|           2|
    |xor_ln52_82_fu_4819_p2      |       xor|   0|  0|   2|           1|           2|
    |xor_ln52_83_fu_4916_p2      |       xor|   0|  0|   2|           1|           2|
    |xor_ln52_84_fu_5013_p2      |       xor|   0|  0|   2|           1|           2|
    |xor_ln52_85_fu_5110_p2      |       xor|   0|  0|   2|           1|           2|
    |xor_ln52_86_fu_5207_p2      |       xor|   0|  0|   2|           1|           2|
    |xor_ln52_87_fu_5304_p2      |       xor|   0|  0|   2|           1|           2|
    |xor_ln52_88_fu_5401_p2      |       xor|   0|  0|   2|           1|           2|
    |xor_ln52_89_fu_5498_p2      |       xor|   0|  0|   2|           1|           2|
    |xor_ln52_90_fu_5595_p2      |       xor|   0|  0|   2|           1|           2|
    |xor_ln52_91_fu_5692_p2      |       xor|   0|  0|   2|           1|           2|
    |xor_ln52_92_fu_5789_p2      |       xor|   0|  0|   2|           1|           2|
    |xor_ln52_93_fu_5886_p2      |       xor|   0|  0|   2|           1|           2|
    |xor_ln52_94_fu_5983_p2      |       xor|   0|  0|   2|           1|           2|
    |xor_ln52_95_fu_6080_p2      |       xor|   0|  0|   2|           1|           2|
    |xor_ln52_96_fu_6177_p2      |       xor|   0|  0|   2|           1|           2|
    |xor_ln52_97_fu_6274_p2      |       xor|   0|  0|   2|           1|           2|
    |xor_ln52_98_fu_6371_p2      |       xor|   0|  0|   2|           1|           2|
    |xor_ln52_99_fu_6468_p2      |       xor|   0|  0|   2|           1|           2|
    |xor_ln52_fu_4549_p2         |       xor|   0|  0|   2|           1|           2|
    +----------------------------+----------+----+---+----+------------+------------+
    |Total                       |          |   0|  0|7426|        3585|        3649|
    +----------------------------+----------+----+---+----+------------+------------+

    * Multiplexer: 
    +-------------------+----+-----------+-----+-----------+
    |        Name       | LUT| Input Size| Bits| Total Bits|
    +-------------------+----+-----------+-----+-----------+
    |ap_NS_fsm          |  14|          3|    1|          3|
    |ap_done            |   9|          2|    1|          2|
    |layer18_out_blk_n  |   9|          2|    1|          2|
    |layer20_out_blk_n  |   9|          2|    1|          2|
    |real_start         |   9|          2|    1|          2|
    +-------------------+----+-----------+-----+-----------+
    |Total              |  50|         11|    5|         11|
    +-------------------+----+-----------+-----+-----------+

    * Register: 
    +------------------------+----+----+-----+-----------+
    |          Name          | FF | LUT| Bits| Const Bits|
    +------------------------+----+----+-----+-----------+
    |add_ln52_10_reg_7845    |  16|   0|   16|          0|
    |add_ln52_11_reg_7888    |  16|   0|   16|          0|
    |add_ln52_12_reg_7931    |  16|   0|   16|          0|
    |add_ln52_13_reg_7974    |  16|   0|   16|          0|
    |add_ln52_14_reg_8017    |  16|   0|   16|          0|
    |add_ln52_15_reg_8060    |  16|   0|   16|          0|
    |add_ln52_16_reg_8103    |  16|   0|   16|          0|
    |add_ln52_17_reg_8146    |  16|   0|   16|          0|
    |add_ln52_18_reg_8189    |  16|   0|   16|          0|
    |add_ln52_19_reg_8232    |  16|   0|   16|          0|
    |add_ln52_20_reg_8275    |  16|   0|   16|          0|
    |add_ln52_21_reg_8318    |  16|   0|   16|          0|
    |add_ln52_22_reg_8361    |  16|   0|   16|          0|
    |add_ln52_23_reg_8404    |  16|   0|   16|          0|
    |add_ln52_24_reg_8447    |  16|   0|   16|          0|
    |add_ln52_25_reg_8490    |  16|   0|   16|          0|
    |add_ln52_26_reg_8533    |  16|   0|   16|          0|
    |add_ln52_27_reg_8576    |  16|   0|   16|          0|
    |add_ln52_28_reg_8619    |  16|   0|   16|          0|
    |add_ln52_29_reg_8662    |  16|   0|   16|          0|
    |add_ln52_30_reg_8705    |  16|   0|   16|          0|
    |add_ln52_31_reg_8748    |  16|   0|   16|          0|
    |add_ln52_32_reg_8791    |  16|   0|   16|          0|
    |add_ln52_33_reg_8834    |  16|   0|   16|          0|
    |add_ln52_34_reg_8877    |  16|   0|   16|          0|
    |add_ln52_35_reg_8920    |  16|   0|   16|          0|
    |add_ln52_36_reg_8963    |  16|   0|   16|          0|
    |add_ln52_37_reg_9006    |  16|   0|   16|          0|
    |add_ln52_38_reg_9049    |  16|   0|   16|          0|
    |add_ln52_8_reg_7759     |  16|   0|   16|          0|
    |add_ln52_9_reg_7802     |  16|   0|   16|          0|
    |add_ln52_reg_7716       |  16|   0|   16|          0|
    |ap_CS_fsm               |   2|   0|    2|          0|
    |ap_done_reg             |   1|   0|    1|          0|
    |icmp_ln51_10_reg_7827   |   1|   0|    1|          0|
    |icmp_ln51_11_reg_7870   |   1|   0|    1|          0|
    |icmp_ln51_12_reg_7913   |   1|   0|    1|          0|
    |icmp_ln51_13_reg_7956   |   1|   0|    1|          0|
    |icmp_ln51_14_reg_7999   |   1|   0|    1|          0|
    |icmp_ln51_15_reg_8042   |   1|   0|    1|          0|
    |icmp_ln51_16_reg_8085   |   1|   0|    1|          0|
    |icmp_ln51_17_reg_8128   |   1|   0|    1|          0|
    |icmp_ln51_18_reg_8171   |   1|   0|    1|          0|
    |icmp_ln51_19_reg_8214   |   1|   0|    1|          0|
    |icmp_ln51_20_reg_8257   |   1|   0|    1|          0|
    |icmp_ln51_21_reg_8300   |   1|   0|    1|          0|
    |icmp_ln51_22_reg_8343   |   1|   0|    1|          0|
    |icmp_ln51_23_reg_8386   |   1|   0|    1|          0|
    |icmp_ln51_24_reg_8429   |   1|   0|    1|          0|
    |icmp_ln51_25_reg_8472   |   1|   0|    1|          0|
    |icmp_ln51_26_reg_8515   |   1|   0|    1|          0|
    |icmp_ln51_27_reg_8558   |   1|   0|    1|          0|
    |icmp_ln51_28_reg_8601   |   1|   0|    1|          0|
    |icmp_ln51_29_reg_8644   |   1|   0|    1|          0|
    |icmp_ln51_30_reg_8687   |   1|   0|    1|          0|
    |icmp_ln51_31_reg_8730   |   1|   0|    1|          0|
    |icmp_ln51_32_reg_8773   |   1|   0|    1|          0|
    |icmp_ln51_33_reg_8816   |   1|   0|    1|          0|
    |icmp_ln51_34_reg_8859   |   1|   0|    1|          0|
    |icmp_ln51_35_reg_8902   |   1|   0|    1|          0|
    |icmp_ln51_36_reg_8945   |   1|   0|    1|          0|
    |icmp_ln51_37_reg_8988   |   1|   0|    1|          0|
    |icmp_ln51_38_reg_9031   |   1|   0|    1|          0|
    |icmp_ln51_8_reg_7741    |   1|   0|    1|          0|
    |icmp_ln51_9_reg_7784    |   1|   0|    1|          0|
    |icmp_ln51_reg_7698      |   1|   0|    1|          0|
    |icmp_ln52_100_reg_8804  |   1|   0|    1|          0|
    |icmp_ln52_102_reg_8841  |   1|   0|    1|          0|
    |icmp_ln52_103_reg_8847  |   1|   0|    1|          0|
    |icmp_ln52_105_reg_8884  |   1|   0|    1|          0|
    |icmp_ln52_106_reg_8890  |   1|   0|    1|          0|
    |icmp_ln52_108_reg_8927  |   1|   0|    1|          0|
    |icmp_ln52_109_reg_8933  |   1|   0|    1|          0|
    |icmp_ln52_111_reg_8970  |   1|   0|    1|          0|
    |icmp_ln52_112_reg_8976  |   1|   0|    1|          0|
    |icmp_ln52_114_reg_9013  |   1|   0|    1|          0|
    |icmp_ln52_115_reg_9019  |   1|   0|    1|          0|
    |icmp_ln52_117_reg_9056  |   1|   0|    1|          0|
    |icmp_ln52_118_reg_9062  |   1|   0|    1|          0|
    |icmp_ln52_24_reg_7723   |   1|   0|    1|          0|
    |icmp_ln52_25_reg_7729   |   1|   0|    1|          0|
    |icmp_ln52_27_reg_7766   |   1|   0|    1|          0|
    |icmp_ln52_28_reg_7772   |   1|   0|    1|          0|
    |icmp_ln52_30_reg_7809   |   1|   0|    1|          0|
    |icmp_ln52_31_reg_7815   |   1|   0|    1|          0|
    |icmp_ln52_33_reg_7852   |   1|   0|    1|          0|
    |icmp_ln52_34_reg_7858   |   1|   0|    1|          0|
    |icmp_ln52_36_reg_7895   |   1|   0|    1|          0|
    |icmp_ln52_37_reg_7901   |   1|   0|    1|          0|
    |icmp_ln52_39_reg_7938   |   1|   0|    1|          0|
    |icmp_ln52_40_reg_7944   |   1|   0|    1|          0|
    |icmp_ln52_42_reg_7981   |   1|   0|    1|          0|
    |icmp_ln52_43_reg_7987   |   1|   0|    1|          0|
    |icmp_ln52_45_reg_8024   |   1|   0|    1|          0|
    |icmp_ln52_46_reg_8030   |   1|   0|    1|          0|
    |icmp_ln52_48_reg_8067   |   1|   0|    1|          0|
    |icmp_ln52_49_reg_8073   |   1|   0|    1|          0|
    |icmp_ln52_51_reg_8110   |   1|   0|    1|          0|
    |icmp_ln52_52_reg_8116   |   1|   0|    1|          0|
    |icmp_ln52_54_reg_8153   |   1|   0|    1|          0|
    |icmp_ln52_55_reg_8159   |   1|   0|    1|          0|
    |icmp_ln52_57_reg_8196   |   1|   0|    1|          0|
    |icmp_ln52_58_reg_8202   |   1|   0|    1|          0|
    |icmp_ln52_60_reg_8239   |   1|   0|    1|          0|
    |icmp_ln52_61_reg_8245   |   1|   0|    1|          0|
    |icmp_ln52_63_reg_8282   |   1|   0|    1|          0|
    |icmp_ln52_64_reg_8288   |   1|   0|    1|          0|
    |icmp_ln52_66_reg_8325   |   1|   0|    1|          0|
    |icmp_ln52_67_reg_8331   |   1|   0|    1|          0|
    |icmp_ln52_69_reg_8368   |   1|   0|    1|          0|
    |icmp_ln52_70_reg_8374   |   1|   0|    1|          0|
    |icmp_ln52_72_reg_8411   |   1|   0|    1|          0|
    |icmp_ln52_73_reg_8417   |   1|   0|    1|          0|
    |icmp_ln52_75_reg_8454   |   1|   0|    1|          0|
    |icmp_ln52_76_reg_8460   |   1|   0|    1|          0|
    |icmp_ln52_78_reg_8497   |   1|   0|    1|          0|
    |icmp_ln52_79_reg_8503   |   1|   0|    1|          0|
    |icmp_ln52_81_reg_8540   |   1|   0|    1|          0|
    |icmp_ln52_82_reg_8546   |   1|   0|    1|          0|
    |icmp_ln52_84_reg_8583   |   1|   0|    1|          0|
    |icmp_ln52_85_reg_8589   |   1|   0|    1|          0|
    |icmp_ln52_87_reg_8626   |   1|   0|    1|          0|
    |icmp_ln52_88_reg_8632   |   1|   0|    1|          0|
    |icmp_ln52_90_reg_8669   |   1|   0|    1|          0|
    |icmp_ln52_91_reg_8675   |   1|   0|    1|          0|
    |icmp_ln52_93_reg_8712   |   1|   0|    1|          0|
    |icmp_ln52_94_reg_8718   |   1|   0|    1|          0|
    |icmp_ln52_96_reg_8755   |   1|   0|    1|          0|
    |icmp_ln52_97_reg_8761   |   1|   0|    1|          0|
    |icmp_ln52_99_reg_8798   |   1|   0|    1|          0|
    |start_once_reg          |   1|   0|    1|          0|
    |tmp_101_reg_7882        |   1|   0|    1|          0|
    |tmp_102_reg_7907        |   1|   0|    1|          0|
    |tmp_103_reg_7918        |   1|   0|    1|          0|
    |tmp_106_reg_7925        |   1|   0|    1|          0|
    |tmp_107_reg_7950        |   1|   0|    1|          0|
    |tmp_108_reg_7961        |   1|   0|    1|          0|
    |tmp_111_reg_7968        |   1|   0|    1|          0|
    |tmp_112_reg_7993        |   1|   0|    1|          0|
    |tmp_113_reg_8004        |   1|   0|    1|          0|
    |tmp_116_reg_8011        |   1|   0|    1|          0|
    |tmp_117_reg_8036        |   1|   0|    1|          0|
    |tmp_118_reg_8047        |   1|   0|    1|          0|
    |tmp_121_reg_8054        |   1|   0|    1|          0|
    |tmp_122_reg_8079        |   1|   0|    1|          0|
    |tmp_123_reg_8090        |   1|   0|    1|          0|
    |tmp_126_reg_8097        |   1|   0|    1|          0|
    |tmp_127_reg_8122        |   1|   0|    1|          0|
    |tmp_128_reg_8133        |   1|   0|    1|          0|
    |tmp_131_reg_8140        |   1|   0|    1|          0|
    |tmp_132_reg_8165        |   1|   0|    1|          0|
    |tmp_133_reg_8176        |   1|   0|    1|          0|
    |tmp_136_reg_8183        |   1|   0|    1|          0|
    |tmp_137_reg_8208        |   1|   0|    1|          0|
    |tmp_138_reg_8219        |   1|   0|    1|          0|
    |tmp_141_reg_8226        |   1|   0|    1|          0|
    |tmp_142_reg_8251        |   1|   0|    1|          0|
    |tmp_143_reg_8262        |   1|   0|    1|          0|
    |tmp_146_reg_8269        |   1|   0|    1|          0|
    |tmp_147_reg_8294        |   1|   0|    1|          0|
    |tmp_148_reg_8305        |   1|   0|    1|          0|
    |tmp_151_reg_8312        |   1|   0|    1|          0|
    |tmp_152_reg_8337        |   1|   0|    1|          0|
    |tmp_153_reg_8348        |   1|   0|    1|          0|
    |tmp_156_reg_8355        |   1|   0|    1|          0|
    |tmp_157_reg_8380        |   1|   0|    1|          0|
    |tmp_158_reg_8391        |   1|   0|    1|          0|
    |tmp_161_reg_8398        |   1|   0|    1|          0|
    |tmp_162_reg_8423        |   1|   0|    1|          0|
    |tmp_163_reg_8434        |   1|   0|    1|          0|
    |tmp_166_reg_8441        |   1|   0|    1|          0|
    |tmp_167_reg_8466        |   1|   0|    1|          0|
    |tmp_168_reg_8477        |   1|   0|    1|          0|
    |tmp_171_reg_8484        |   1|   0|    1|          0|
    |tmp_172_reg_8509        |   1|   0|    1|          0|
    |tmp_173_reg_8520        |   1|   0|    1|          0|
    |tmp_176_reg_8527        |   1|   0|    1|          0|
    |tmp_177_reg_8552        |   1|   0|    1|          0|
    |tmp_178_reg_8563        |   1|   0|    1|          0|
    |tmp_181_reg_8570        |   1|   0|    1|          0|
    |tmp_182_reg_8595        |   1|   0|    1|          0|
    |tmp_183_reg_8606        |   1|   0|    1|          0|
    |tmp_186_reg_8613        |   1|   0|    1|          0|
    |tmp_187_reg_8638        |   1|   0|    1|          0|
    |tmp_188_reg_8649        |   1|   0|    1|          0|
    |tmp_191_reg_8656        |   1|   0|    1|          0|
    |tmp_192_reg_8681        |   1|   0|    1|          0|
    |tmp_193_reg_8692        |   1|   0|    1|          0|
    |tmp_196_reg_8699        |   1|   0|    1|          0|
    |tmp_197_reg_8724        |   1|   0|    1|          0|
    |tmp_198_reg_8735        |   1|   0|    1|          0|
    |tmp_201_reg_8742        |   1|   0|    1|          0|
    |tmp_202_reg_8767        |   1|   0|    1|          0|
    |tmp_203_reg_8778        |   1|   0|    1|          0|
    |tmp_206_reg_8785        |   1|   0|    1|          0|
    |tmp_207_reg_8810        |   1|   0|    1|          0|
    |tmp_208_reg_8821        |   1|   0|    1|          0|
    |tmp_211_reg_8828        |   1|   0|    1|          0|
    |tmp_212_reg_8853        |   1|   0|    1|          0|
    |tmp_213_reg_8864        |   1|   0|    1|          0|
    |tmp_216_reg_8871        |   1|   0|    1|          0|
    |tmp_217_reg_8896        |   1|   0|    1|          0|
    |tmp_218_reg_8907        |   1|   0|    1|          0|
    |tmp_221_reg_8914        |   1|   0|    1|          0|
    |tmp_222_reg_8939        |   1|   0|    1|          0|
    |tmp_223_reg_8950        |   1|   0|    1|          0|
    |tmp_226_reg_8957        |   1|   0|    1|          0|
    |tmp_227_reg_8982        |   1|   0|    1|          0|
    |tmp_228_reg_8993        |   1|   0|    1|          0|
    |tmp_231_reg_9000        |   1|   0|    1|          0|
    |tmp_232_reg_9025        |   1|   0|    1|          0|
    |tmp_233_reg_9036        |   1|   0|    1|          0|
    |tmp_236_reg_9043        |   1|   0|    1|          0|
    |tmp_237_reg_9068        |   1|   0|    1|          0|
    |tmp_81_reg_7710         |   1|   0|    1|          0|
    |tmp_82_reg_7735         |   1|   0|    1|          0|
    |tmp_83_reg_7746         |   1|   0|    1|          0|
    |tmp_86_reg_7753         |   1|   0|    1|          0|
    |tmp_87_reg_7778         |   1|   0|    1|          0|
    |tmp_88_reg_7789         |   1|   0|    1|          0|
    |tmp_91_reg_7796         |   1|   0|    1|          0|
    |tmp_92_reg_7821         |   1|   0|    1|          0|
    |tmp_93_reg_7832         |   1|   0|    1|          0|
    |tmp_96_reg_7839         |   1|   0|    1|          0|
    |tmp_97_reg_7864         |   1|   0|    1|          0|
    |tmp_98_reg_7875         |   1|   0|    1|          0|
    |tmp_reg_7703            |   1|   0|    1|          0|
    +------------------------+----+----+-----+-----------+
    |Total                   | 708|   0|  708|          0|
    +------------------------+----+----+-----+-----------+



================================================================
== Interface
================================================================
* Summary: 
+----------------------------+-----+------+------------+--------------------------------------------------------------------------+--------------+
|          RTL Ports         | Dir | Bits |  Protocol  |                               Source Object                              |    C Type    |
+----------------------------+-----+------+------------+--------------------------------------------------------------------------+--------------+
|ap_clk                      |   in|     1|  ap_ctrl_hs|  relu<array<ap_fixed,32u>,array<ap_ufixed<16,6,4,0,0>,32u>,relu_config20>|  return value|
|ap_rst                      |   in|     1|  ap_ctrl_hs|  relu<array<ap_fixed,32u>,array<ap_ufixed<16,6,4,0,0>,32u>,relu_config20>|  return value|
|ap_start                    |   in|     1|  ap_ctrl_hs|  relu<array<ap_fixed,32u>,array<ap_ufixed<16,6,4,0,0>,32u>,relu_config20>|  return value|
|start_full_n                |   in|     1|  ap_ctrl_hs|  relu<array<ap_fixed,32u>,array<ap_ufixed<16,6,4,0,0>,32u>,relu_config20>|  return value|
|ap_done                     |  out|     1|  ap_ctrl_hs|  relu<array<ap_fixed,32u>,array<ap_ufixed<16,6,4,0,0>,32u>,relu_config20>|  return value|
|ap_continue                 |   in|     1|  ap_ctrl_hs|  relu<array<ap_fixed,32u>,array<ap_ufixed<16,6,4,0,0>,32u>,relu_config20>|  return value|
|ap_idle                     |  out|     1|  ap_ctrl_hs|  relu<array<ap_fixed,32u>,array<ap_ufixed<16,6,4,0,0>,32u>,relu_config20>|  return value|
|ap_ready                    |  out|     1|  ap_ctrl_hs|  relu<array<ap_fixed,32u>,array<ap_ufixed<16,6,4,0,0>,32u>,relu_config20>|  return value|
|start_out                   |  out|     1|  ap_ctrl_hs|  relu<array<ap_fixed,32u>,array<ap_ufixed<16,6,4,0,0>,32u>,relu_config20>|  return value|
|start_write                 |  out|     1|  ap_ctrl_hs|  relu<array<ap_fixed,32u>,array<ap_ufixed<16,6,4,0,0>,32u>,relu_config20>|  return value|
|layer18_out_dout            |   in|  1280|     ap_fifo|                                                               layer18_out|       pointer|
|layer18_out_num_data_valid  |   in|     2|     ap_fifo|                                                               layer18_out|       pointer|
|layer18_out_fifo_cap        |   in|     2|     ap_fifo|                                                               layer18_out|       pointer|
|layer18_out_empty_n         |   in|     1|     ap_fifo|                                                               layer18_out|       pointer|
|layer18_out_read            |  out|     1|     ap_fifo|                                                               layer18_out|       pointer|
|layer20_out_din             |  out|   512|     ap_fifo|                                                               layer20_out|       pointer|
|layer20_out_num_data_valid  |   in|     2|     ap_fifo|                                                               layer20_out|       pointer|
|layer20_out_fifo_cap        |   in|     2|     ap_fifo|                                                               layer20_out|       pointer|
|layer20_out_full_n          |   in|     1|     ap_fifo|                                                               layer20_out|       pointer|
|layer20_out_write           |  out|     1|     ap_fifo|                                                               layer20_out|       pointer|
+----------------------------+-----+------+------------+--------------------------------------------------------------------------+--------------+

