

================================================================
== Vitis HLS Report for 'dense_latency_ap_ufixed_8_4_4_0_0_ap_fixed_24_17_5_3_0_config7_mult_s'
================================================================
* Date:           Mon Mar 30 19:10:42 2026

* Version:        2023.2 (Build 4023990 on Oct 11 2023)
* Project:        myproject_prj
* Solution:       solution1 (Vivado IP Flow Target)
* Product family: zynquplus
* Target device:  xck26-sfvc784-2LV-c


================================================================
== Performance Estimates
================================================================
+ Timing: 
    * Summary: 
    +--------+---------+----------+------------+
    |  Clock |  Target | Estimated| Uncertainty|
    +--------+---------+----------+------------+
    |ap_clk  |  5.00 ns|  3.635 ns|     1.35 ns|
    +--------+---------+----------+------------+

+ Latency: 
    * Summary: 
    +---------+---------+-----------+-----------+-----+-----+---------+
    |  Latency (cycles) |   Latency (absolute)  |  Interval | Pipeline|
    |   min   |   max   |    min    |    max    | min | max |   Type  |
    +---------+---------+-----------+-----------+-----+-----+---------+
    |        2|        2|  10.000 ns|  10.000 ns|    3|    3|      yes|
    +---------+---------+-----------+-----------+-----+-----+---------+

    + Detail: 
        * Instance: 
        N/A

        * Loop: 
        N/A



================================================================
== Utilization Estimates
================================================================
* Summary: 
+-----------------+---------+------+--------+--------+-----+
|       Name      | BRAM_18K|  DSP |   FF   |   LUT  | URAM|
+-----------------+---------+------+--------+--------+-----+
|DSP              |        -|     -|       -|       -|    -|
|Expression       |        -|     -|       0|    7972|    -|
|FIFO             |        -|     -|       -|       -|    -|
|Instance         |        -|     -|       -|       -|    -|
|Memory           |        -|     -|       -|       -|    -|
|Multiplexer      |        -|     -|       -|      20|    -|
|Register         |        -|     -|    1103|       -|    -|
+-----------------+---------+------+--------+--------+-----+
|Total            |        0|     0|    1103|    7992|    0|
+-----------------+---------+------+--------+--------+-----+
|Available        |      288|  1248|  234240|  117120|   64|
+-----------------+---------+------+--------+--------+-----+
|Utilization (%)  |        0|     0|      ~0|       6|    0|
+-----------------+---------+------+--------+--------+-----+

+ Detail: 
    * Instance: 
    N/A

    * DSP: 
    N/A

    * Memory: 
    N/A

    * FIFO: 
    N/A

    * Expression: 
    +-------------------------+----------+----+---+----+------------+------------+
    |      Variable Name      | Operation| DSP| FF| LUT| Bitwidth P0| Bitwidth P1|
    +-------------------------+----------+----+---+----+------------+------------+
    |add_ln58_267_fu_1320_p2  |         +|   0|  0|  20|          13|          13|
    |add_ln58_268_fu_1330_p2  |         +|   0|  0|  21|          14|          14|
    |add_ln58_269_fu_1340_p2  |         +|   0|  0|  19|          12|          12|
    |add_ln58_270_fu_1350_p2  |         +|   0|  0|  20|          13|          13|
    |add_ln58_271_fu_1360_p2  |         +|   0|  0|  16|          15|          15|
    |add_ln58_272_fu_1372_p2  |         +|   0|  0|  20|          13|          13|
    |add_ln58_273_fu_3691_p2  |         +|   0|  0|  16|          16|          16|
    |add_ln58_274_fu_1378_p2  |         +|   0|  0|  20|          13|          13|
    |add_ln58_275_fu_1388_p2  |         +|   0|  0|  21|          14|          14|
    |add_ln58_276_fu_3700_p2  |         +|   0|  0|  16|          16|          16|
    |add_ln58_277_fu_1394_p2  |         +|   0|  0|  20|          13|          13|
    |add_ln58_278_fu_1408_p2  |         +|   0|  0|  21|          14|          14|
    |add_ln58_279_fu_1418_p2  |         +|   0|  0|  16|          14|          14|
    |add_ln58_280_fu_1424_p2  |         +|   0|  0|  19|          12|          12|
    |add_ln58_281_fu_1434_p2  |         +|   0|  0|  16|          14|          14|
    |add_ln58_282_fu_1444_p2  |         +|   0|  0|  22|          15|          15|
    |add_ln58_283_fu_3709_p2  |         +|   0|  0|  16|          16|          16|
    |add_ln58_284_fu_3721_p2  |         +|   0|  0|  16|          16|          16|
    |add_ln58_285_fu_3727_p2  |         +|   0|  0|  16|          16|          16|
    |add_ln58_286_fu_3733_p2  |         +|   0|  0|  16|          16|          16|
    |add_ln58_287_fu_3739_p2  |         +|   0|  0|  16|          16|          16|
    |add_ln58_288_fu_3745_p2  |         +|   0|  0|  16|          15|          15|
    |add_ln58_289_fu_3751_p2  |         +|   0|  0|  16|          15|          15|
    |add_ln58_290_fu_3761_p2  |         +|   0|  0|  20|          13|          13|
    |add_ln58_291_fu_3771_p2  |         +|   0|  0|  21|          14|          14|
    |add_ln58_292_fu_3781_p2  |         +|   0|  0|  23|          16|          16|
    |add_ln58_293_fu_5499_p2  |         +|   0|  0|  16|          16|          16|
    |add_ln58_294_fu_3787_p2  |         +|   0|  0|  16|          14|          14|
    |add_ln58_295_fu_3793_p2  |         +|   0|  0|  16|          14|          14|
    |add_ln58_296_fu_3803_p2  |         +|   0|  0|  20|          13|          13|
    |add_ln58_297_fu_3813_p2  |         +|   0|  0|  21|          14|          14|
    |add_ln58_298_fu_3823_p2  |         +|   0|  0|  22|          15|          15|
    |add_ln58_299_fu_3829_p2  |         +|   0|  0|  19|          12|          12|
    |add_ln58_300_fu_3839_p2  |         +|   0|  0|  20|          13|          13|
    |add_ln58_301_fu_3849_p2  |         +|   0|  0|  19|          12|          12|
    |add_ln58_302_fu_3859_p2  |         +|   0|  0|  20|          13|          13|
    |add_ln58_303_fu_3869_p2  |         +|   0|  0|  21|          14|          14|
    |add_ln58_304_fu_5509_p2  |         +|   0|  0|  23|          16|          16|
    |add_ln58_306_fu_1470_p2  |         +|   0|  0|  19|          12|           9|
    |add_ln58_307_fu_1480_p2  |         +|   0|  0|  20|          13|          13|
    |add_ln58_308_fu_1490_p2  |         +|   0|  0|  21|          14|          14|
    |add_ln58_309_fu_1500_p2  |         +|   0|  0|  20|          13|          13|
    |add_ln58_310_fu_1510_p2  |         +|   0|  0|  21|          14|          14|
    |add_ln58_311_fu_1520_p2  |         +|   0|  0|  20|          13|          13|
    |add_ln58_312_fu_1530_p2  |         +|   0|  0|  16|          15|          15|
    |add_ln58_313_fu_1536_p2  |         +|   0|  0|  16|          15|          15|
    |add_ln58_314_fu_1546_p2  |         +|   0|  0|  23|          16|          16|
    |add_ln58_315_fu_1552_p2  |         +|   0|  0|  20|          13|          13|
    |add_ln58_316_fu_1562_p2  |         +|   0|  0|  19|          12|          12|
    |add_ln58_317_fu_1572_p2  |         +|   0|  0|  21|          14|          14|
    |add_ln58_318_fu_1582_p2  |         +|   0|  0|  19|          12|          12|
    |add_ln58_319_fu_1592_p2  |         +|   0|  0|  19|          12|          12|
    |add_ln58_320_fu_1602_p2  |         +|   0|  0|  20|          13|          13|
    |add_ln58_321_fu_1612_p2  |         +|   0|  0|  22|          15|          15|
    |add_ln58_322_fu_3979_p2  |         +|   0|  0|  16|          16|          16|
    |add_ln58_323_fu_3996_p2  |         +|   0|  0|  16|          16|          16|
    |add_ln58_324_fu_4002_p2  |         +|   0|  0|  20|          13|          13|
    |add_ln58_325_fu_4011_p2  |         +|   0|  0|  21|          14|          14|
    |add_ln58_326_fu_5587_p2  |         +|   0|  0|  16|          16|          16|
    |add_ln58_327_fu_4017_p2  |         +|   0|  0|  20|          13|          13|
    |add_ln58_328_fu_4027_p2  |         +|   0|  0|  20|          13|          13|
    |add_ln58_329_fu_4037_p2  |         +|   0|  0|  21|          14|          14|
    |add_ln58_330_fu_4047_p2  |         +|   0|  0|  22|          15|          15|
    |add_ln58_331_fu_5595_p2  |         +|   0|  0|  16|          16|          16|
    |add_ln58_332_fu_5601_p2  |         +|   0|  0|  23|          16|          16|
    |add_ln58_333_fu_4053_p2  |         +|   0|  0|  19|          12|          12|
    |add_ln58_334_fu_4062_p2  |         +|   0|  0|  16|          15|          15|
    |add_ln58_335_fu_5610_p2  |         +|   0|  0|  16|          16|          16|
    |add_ln58_336_fu_4068_p2  |         +|   0|  0|  19|          12|          12|
    |add_ln58_337_fu_4078_p2  |         +|   0|  0|  20|          13|          13|
    |add_ln58_338_fu_4088_p2  |         +|   0|  0|  19|          12|          12|
    |add_ln58_339_fu_4098_p2  |         +|   0|  0|  20|          13|          13|
    |add_ln58_340_fu_4108_p2  |         +|   0|  0|  21|          14|          14|
    |add_ln58_341_fu_5619_p2  |         +|   0|  0|  16|          16|          16|
    |add_ln58_342_fu_5625_p2  |         +|   0|  0|  16|          16|          16|
    |add_ln58_344_fu_1668_p2  |         +|   0|  0|  19|          12|           8|
    |add_ln58_345_fu_1678_p2  |         +|   0|  0|  20|          13|          13|
    |add_ln58_346_fu_1688_p2  |         +|   0|  0|  21|          14|          14|
    |add_ln58_347_fu_1698_p2  |         +|   0|  0|  20|          13|          13|
    |add_ln58_348_fu_1708_p2  |         +|   0|  0|  20|          13|          13|
    |add_ln58_349_fu_1718_p2  |         +|   0|  0|  21|          14|          14|
    |add_ln58_350_fu_1728_p2  |         +|   0|  0|  22|          15|          15|
    |add_ln58_351_fu_1734_p2  |         +|   0|  0|  20|          13|          13|
    |add_ln58_352_fu_1744_p2  |         +|   0|  0|  20|          13|          13|
    |add_ln58_353_fu_1754_p2  |         +|   0|  0|  21|          14|          14|
    |add_ln58_354_fu_1764_p2  |         +|   0|  0|  19|          12|          12|
    |add_ln58_355_fu_1774_p2  |         +|   0|  0|  19|          12|          12|
    |add_ln58_356_fu_1784_p2  |         +|   0|  0|  20|          13|          13|
    |add_ln58_357_fu_1794_p2  |         +|   0|  0|  22|          15|          15|
    |add_ln58_358_fu_4198_p2  |         +|   0|  0|  23|          16|          16|
    |add_ln58_359_fu_4210_p2  |         +|   0|  0|  16|          16|          16|
    |add_ln58_360_fu_4216_p2  |         +|   0|  0|  20|          13|          13|
    |add_ln58_361_fu_4226_p2  |         +|   0|  0|  16|          16|          16|
    |add_ln58_362_fu_1800_p2  |         +|   0|  0|  20|          13|          13|
    |add_ln58_363_fu_1810_p2  |         +|   0|  0|  20|          13|          13|
    |add_ln58_364_fu_1820_p2  |         +|   0|  0|  21|          14|          14|
    |add_ln58_365_fu_4235_p2  |         +|   0|  0|  16|          16|          16|
    |add_ln58_366_fu_4247_p2  |         +|   0|  0|  20|          13|          13|
    |add_ln58_367_fu_4257_p2  |         +|   0|  0|  16|          16|          16|
    |add_ln58_368_fu_4263_p2  |         +|   0|  0|  16|          15|          15|
    |add_ln58_369_fu_4269_p2  |         +|   0|  0|  16|          15|          15|
    |add_ln58_370_fu_4279_p2  |         +|   0|  0|  16|          16|          16|
    |add_ln58_371_fu_4291_p2  |         +|   0|  0|  19|          12|          12|
    |add_ln58_372_fu_5690_p2  |         +|   0|  0|  16|          16|          16|
    |add_ln58_373_fu_5701_p2  |         +|   0|  0|  16|          16|          16|
    |add_ln58_374_fu_4297_p2  |         +|   0|  0|  20|          13|          13|
    |add_ln58_375_fu_5716_p2  |         +|   0|  0|  16|          16|          16|
    |add_ln58_376_fu_5728_p2  |         +|   0|  0|  16|          16|          16|
    |add_ln58_377_fu_5740_p2  |         +|   0|  0|  16|          16|          16|
    |add_ln58_379_fu_1854_p2  |         +|   0|  0|  20|          13|          13|
    |add_ln58_380_fu_1864_p2  |         +|   0|  0|  16|          14|          14|
    |add_ln58_381_fu_1870_p2  |         +|   0|  0|  20|          13|          13|
    |add_ln58_382_fu_1880_p2  |         +|   0|  0|  20|          13|          13|
    |add_ln58_383_fu_1890_p2  |         +|   0|  0|  21|          14|          14|
    |add_ln58_384_fu_1896_p2  |         +|   0|  0|  20|          13|          13|
    |add_ln58_385_fu_1906_p2  |         +|   0|  0|  21|          14|          14|
    |add_ln58_386_fu_1916_p2  |         +|   0|  0|  22|          15|          15|
    |add_ln58_387_fu_4344_p2  |         +|   0|  0|  16|          16|          16|
    |add_ln58_388_fu_1922_p2  |         +|   0|  0|  22|          15|          15|
    |add_ln58_389_fu_1932_p2  |         +|   0|  0|  16|          14|          14|
    |add_ln58_390_fu_1942_p2  |         +|   0|  0|  16|          16|          16|
    |add_ln58_391_fu_1948_p2  |         +|   0|  0|  19|          12|          12|
    |add_ln58_392_fu_1958_p2  |         +|   0|  0|  19|          12|          12|
    |add_ln58_393_fu_1968_p2  |         +|   0|  0|  20|          13|          13|
    |add_ln58_394_fu_1978_p2  |         +|   0|  0|  21|          14|          14|
    |add_ln58_395_fu_1988_p2  |         +|   0|  0|  16|          16|          16|
    |add_ln58_396_fu_4350_p2  |         +|   0|  0|  16|          16|          16|
    |add_ln58_397_fu_4361_p2  |         +|   0|  0|  21|          14|          14|
    |add_ln58_398_fu_4371_p2  |         +|   0|  0|  16|          16|          16|
    |add_ln58_399_fu_4377_p2  |         +|   0|  0|  19|          12|          12|
    |add_ln58_400_fu_4387_p2  |         +|   0|  0|  20|          13|          13|
    |add_ln58_401_fu_4397_p2  |         +|   0|  0|  16|          16|          16|
    |add_ln58_402_fu_4409_p2  |         +|   0|  0|  20|          13|          13|
    |add_ln58_403_fu_4419_p2  |         +|   0|  0|  16|          16|          16|
    |add_ln58_404_fu_5772_p2  |         +|   0|  0|  16|          16|          16|
    |add_ln58_405_fu_4431_p2  |         +|   0|  0|  22|          15|          15|
    |add_ln58_406_fu_5780_p2  |         +|   0|  0|  16|          16|          16|
    |add_ln58_407_fu_4437_p2  |         +|   0|  0|  19|          12|          12|
    |add_ln58_408_fu_4447_p2  |         +|   0|  0|  19|          12|          12|
    |add_ln58_409_fu_4457_p2  |         +|   0|  0|  20|          13|          13|
    |add_ln58_410_fu_5789_p2  |         +|   0|  0|  16|          16|          16|
    |add_ln58_411_fu_5801_p2  |         +|   0|  0|  16|          16|          16|
    |add_ln58_412_fu_5807_p2  |         +|   0|  0|  19|          12|          12|
    |add_ln58_413_fu_5821_p2  |         +|   0|  0|  21|          14|          14|
    |add_ln58_415_fu_2010_p2  |         +|   0|  0|  19|          12|          12|
    |add_ln58_416_fu_2020_p2  |         +|   0|  0|  20|          13|          13|
    |add_ln58_417_fu_2030_p2  |         +|   0|  0|  21|          14|          14|
    |add_ln58_418_fu_2040_p2  |         +|   0|  0|  20|          13|          13|
    |add_ln58_419_fu_2050_p2  |         +|   0|  0|  20|          13|          13|
    |add_ln58_420_fu_2060_p2  |         +|   0|  0|  21|          14|          14|
    |add_ln58_421_fu_2070_p2  |         +|   0|  0|  22|          15|          15|
    |add_ln58_422_fu_2076_p2  |         +|   0|  0|  20|          13|          13|
    |add_ln58_423_fu_2086_p2  |         +|   0|  0|  19|          12|          12|
    |add_ln58_424_fu_2096_p2  |         +|   0|  0|  21|          14|          14|
    |add_ln58_425_fu_2106_p2  |         +|   0|  0|  19|          12|          12|
    |add_ln58_426_fu_2116_p2  |         +|   0|  0|  19|          12|          12|
    |add_ln58_427_fu_2126_p2  |         +|   0|  0|  20|          13|          13|
    |add_ln58_428_fu_2136_p2  |         +|   0|  0|  22|          15|          15|
    |add_ln58_429_fu_4528_p2  |         +|   0|  0|  16|          16|          16|
    |add_ln58_430_fu_4540_p2  |         +|   0|  0|  16|          16|          16|
    |add_ln58_431_fu_4546_p2  |         +|   0|  0|  21|          14|          14|
    |add_ln58_432_fu_4556_p2  |         +|   0|  0|  16|          16|          16|
    |add_ln58_433_fu_4562_p2  |         +|   0|  0|  20|          13|          13|
    |add_ln58_434_fu_4572_p2  |         +|   0|  0|  19|          12|          12|
    |add_ln58_435_fu_4582_p2  |         +|   0|  0|  20|          13|          13|
    |add_ln58_436_fu_4592_p2  |         +|   0|  0|  22|          15|          15|
    |add_ln58_437_fu_4602_p2  |         +|   0|  0|  16|          16|          16|
    |add_ln58_438_fu_5887_p2  |         +|   0|  0|  16|          16|          16|
    |add_ln58_439_fu_5892_p2  |         +|   0|  0|  16|          16|          16|
    |add_ln58_440_fu_5898_p2  |         +|   0|  0|  16|          16|          16|
    |add_ln58_441_fu_5904_p2  |         +|   0|  0|  16|          16|          16|
    |add_ln58_442_fu_4614_p2  |         +|   0|  0|  20|          13|          13|
    |add_ln58_443_fu_5922_p2  |         +|   0|  0|  16|          16|          16|
    |add_ln58_444_fu_4620_p2  |         +|   0|  0|  20|          13|          13|
    |add_ln58_445_fu_4634_p2  |         +|   0|  0|  21|          14|          14|
    |add_ln58_446_fu_5931_p2  |         +|   0|  0|  16|          16|          16|
    |add_ln58_447_fu_5943_p2  |         +|   0|  0|  16|          16|          16|
    |add_ln58_449_fu_2184_p2  |         +|   0|  0|  20|          13|          13|
    |add_ln58_450_fu_2194_p2  |         +|   0|  0|  21|          14|          14|
    |add_ln58_451_fu_2204_p2  |         +|   0|  0|  20|          13|          13|
    |add_ln58_452_fu_2214_p2  |         +|   0|  0|  21|          14|          14|
    |add_ln58_453_fu_2224_p2  |         +|   0|  0|  22|          15|          15|
    |add_ln58_454_fu_2230_p2  |         +|   0|  0|  21|          14|          14|
    |add_ln58_455_fu_2240_p2  |         +|   0|  0|  19|          12|          12|
    |add_ln58_456_fu_2250_p2  |         +|   0|  0|  20|          13|          13|
    |add_ln58_457_fu_2260_p2  |         +|   0|  0|  22|          15|          15|
    |add_ln58_458_fu_4715_p2  |         +|   0|  0|  16|          16|          16|
    |add_ln58_459_fu_4727_p2  |         +|   0|  0|  16|          16|          16|
    |add_ln58_460_fu_4733_p2  |         +|   0|  0|  20|          13|          13|
    |add_ln58_461_fu_4742_p2  |         +|   0|  0|  16|          16|          16|
    |add_ln58_462_fu_4748_p2  |         +|   0|  0|  21|          14|          14|
    |add_ln58_463_fu_4758_p2  |         +|   0|  0|  19|          12|          12|
    |add_ln58_464_fu_4768_p2  |         +|   0|  0|  20|          13|          13|
    |add_ln58_465_fu_4778_p2  |         +|   0|  0|  22|          15|          15|
    |add_ln58_466_fu_4788_p2  |         +|   0|  0|  16|          16|          16|
    |add_ln58_467_fu_6018_p2  |         +|   0|  0|  16|          16|          16|
    |add_ln58_468_fu_6029_p2  |         +|   0|  0|  23|          16|          16|
    |add_ln58_469_fu_6035_p2  |         +|   0|  0|  16|          16|          16|
    |add_ln58_470_fu_6041_p2  |         +|   0|  0|  16|          16|          16|
    |add_ln58_471_fu_6047_p2  |         +|   0|  0|  16|          15|          15|
    |add_ln58_472_fu_6057_p2  |         +|   0|  0|  16|          16|          16|
    |add_ln58_474_fu_2296_p2  |         +|   0|  0|  19|          12|           9|
    |add_ln58_475_fu_2306_p2  |         +|   0|  0|  20|          13|          13|
    |add_ln58_476_fu_2316_p2  |         +|   0|  0|  16|          14|          14|
    |add_ln58_477_fu_2322_p2  |         +|   0|  0|  16|          14|          14|
    |add_ln58_478_fu_2338_p2  |         +|   0|  0|  20|          13|          13|
    |add_ln58_479_fu_2348_p2  |         +|   0|  0|  16|          15|          15|
    |add_ln58_480_fu_2354_p2  |         +|   0|  0|  20|          13|          13|
    |add_ln58_481_fu_2364_p2  |         +|   0|  0|  21|          14|          14|
    |add_ln58_482_fu_4842_p2  |         +|   0|  0|  16|          16|          16|
    |add_ln58_483_fu_2370_p2  |         +|   0|  0|  20|          13|          13|
    |add_ln58_484_fu_2380_p2  |         +|   0|  0|  21|          14|          14|
    |add_ln58_485_fu_2390_p2  |         +|   0|  0|  20|          13|          13|
    |add_ln58_486_fu_2400_p2  |         +|   0|  0|  19|          12|          12|
    |add_ln58_487_fu_2410_p2  |         +|   0|  0|  21|          14|          14|
    |add_ln58_488_fu_2420_p2  |         +|   0|  0|  22|          15|          15|
    |add_ln58_489_fu_4851_p2  |         +|   0|  0|  16|          16|          16|
    |add_ln58_490_fu_4869_p2  |         +|   0|  0|  16|          16|          16|
    |add_ln58_491_fu_4881_p2  |         +|   0|  0|  16|          16|          16|
    |add_ln58_492_fu_4887_p2  |         +|   0|  0|  20|          13|          13|
    |add_ln58_493_fu_4896_p2  |         +|   0|  0|  16|          16|          16|
    |add_ln58_494_fu_4902_p2  |         +|   0|  0|  20|          13|          13|
    |add_ln58_495_fu_4912_p2  |         +|   0|  0|  19|          12|          12|
    |add_ln58_496_fu_4922_p2  |         +|   0|  0|  21|          14|          14|
    |add_ln58_497_fu_4932_p2  |         +|   0|  0|  22|          15|          15|
    |add_ln58_498_fu_4942_p2  |         +|   0|  0|  16|          16|          16|
    |add_ln58_499_fu_6104_p2  |         +|   0|  0|  16|          16|          16|
    |add_ln58_500_fu_6110_p2  |         +|   0|  0|  20|          13|          13|
    |add_ln58_501_fu_6119_p2  |         +|   0|  0|  16|          16|          16|
    |add_ln58_502_fu_4954_p2  |         +|   0|  0|  20|          13|          13|
    |add_ln58_503_fu_6128_p2  |         +|   0|  0|  21|          14|          14|
    |add_ln58_504_fu_6138_p2  |         +|   0|  0|  16|          16|          16|
    |add_ln58_505_fu_6156_p2  |         +|   0|  0|  16|          16|          16|
    |add_ln58_506_fu_6162_p2  |         +|   0|  0|  20|          13|          13|
    |add_ln58_508_fu_2426_p2  |         +|   0|  0|  21|          14|          14|
    |add_ln58_509_fu_2436_p2  |         +|   0|  0|  20|          13|          13|
    |add_ln58_510_fu_2446_p2  |         +|   0|  0|  20|          13|          13|
    |add_ln58_511_fu_2456_p2  |         +|   0|  0|  21|          14|          14|
    |add_ln58_512_fu_2466_p2  |         +|   0|  0|  22|          15|          15|
    |add_ln58_513_fu_2472_p2  |         +|   0|  0|  20|          13|          13|
    |add_ln58_514_fu_2482_p2  |         +|   0|  0|  20|          13|          13|
    |add_ln58_515_fu_2492_p2  |         +|   0|  0|  21|          14|          14|
    |add_ln58_516_fu_2502_p2  |         +|   0|  0|  19|          12|          12|
    |add_ln58_517_fu_2512_p2  |         +|   0|  0|  20|          13|          13|
    |add_ln58_518_fu_2522_p2  |         +|   0|  0|  22|          15|          15|
    |add_ln58_519_fu_5090_p2  |         +|   0|  0|  16|          16|          16|
    |add_ln58_520_fu_5108_p2  |         +|   0|  0|  16|          16|          16|
    |add_ln58_521_fu_5126_p2  |         +|   0|  0|  16|          16|          16|
    |add_ln58_522_fu_5132_p2  |         +|   0|  0|  16|          16|          16|
    |add_ln58_523_fu_5138_p2  |         +|   0|  0|  16|          16|          16|
    |add_ln58_524_fu_5144_p2  |         +|   0|  0|  20|          13|          13|
    |add_ln58_525_fu_5154_p2  |         +|   0|  0|  19|          12|          12|
    |add_ln58_526_fu_5164_p2  |         +|   0|  0|  20|          13|          13|
    |add_ln58_527_fu_5174_p2  |         +|   0|  0|  21|          14|          14|
    |add_ln58_528_fu_5184_p2  |         +|   0|  0|  16|          16|          16|
    |add_ln58_529_fu_6189_p2  |         +|   0|  0|  16|          16|          16|
    |add_ln58_530_fu_5196_p2  |         +|   0|  0|  23|          16|          16|
    |add_ln58_531_fu_6200_p2  |         +|   0|  0|  16|          16|          16|
    |add_ln58_532_fu_5202_p2  |         +|   0|  0|  19|          12|          12|
    |add_ln58_533_fu_5212_p2  |         +|   0|  0|  21|          14|          14|
    |add_ln58_534_fu_6208_p2  |         +|   0|  0|  16|          16|          16|
    |add_ln58_535_fu_6226_p2  |         +|   0|  0|  16|          16|          16|
    |add_ln58_536_fu_6238_p2  |         +|   0|  0|  16|          16|          16|
    |add_ln58_fu_1310_p2      |         +|   0|  0|  19|          12|           8|
    |empty_118_fu_1454_p2     |         +|   0|  0|  16|           9|           9|
    |empty_119_fu_3887_p2     |         +|   0|  0|  17|          10|          10|
    |empty_121_fu_5550_p2     |         +|   0|  0|  17|          12|          12|
    |empty_122_fu_1464_p2     |         +|   0|  0|  16|           9|           9|
    |empty_123_fu_3905_p2     |         +|   0|  0|  17|          10|          10|
    |empty_124_fu_3925_p2     |         +|   0|  0|  18|          11|          11|
    |empty_126_fu_1632_p2     |         +|   0|  0|  17|          10|          10|
    |empty_127_fu_4135_p2     |         +|   0|  0|  18|          11|          11|
    |empty_128_fu_5652_p2     |         +|   0|  0|  17|          12|          12|
    |empty_130_fu_1652_p2     |         +|   0|  0|  17|          10|          10|
    |empty_131_fu_1662_p2     |         +|   0|  0|  18|          11|          11|
    |empty_134_fu_4310_p2     |         +|   0|  0|  17|          10|          10|
    |empty_135_fu_1994_p2     |         +|   0|  0|  16|           9|           9|
    |empty_138_fu_4489_p2     |         +|   0|  0|  17|          11|          11|
    |empty_144_fu_2178_p2     |         +|   0|  0|  17|          11|          11|
    |empty_146_fu_4668_p2     |         +|   0|  0|  16|           9|           9|
    |empty_147_fu_4681_p2     |         +|   0|  0|  17|          10|          10|
    |empty_149_fu_4697_p2     |         +|   0|  0|  17|          11|          11|
    |empty_151_fu_4800_p2     |         +|   0|  0|  16|           9|           9|
    |empty_152_fu_4809_p2     |         +|   0|  0|  17|          10|          10|
    |empty_156_fu_2290_p2     |         +|   0|  0|  18|          10|          10|
    |empty_157_fu_4960_p2     |         +|   0|  0|  16|           9|           9|
    |empty_160_fu_4997_p2     |         +|   0|  0|  16|           9|           9|
    |empty_161_fu_5010_p2     |         +|   0|  0|  17|          10|          10|
    |tmp160_fu_4652_p2        |         +|   0|  0|  16|           9|           9|
    |tmp36_fu_3878_p2         |         +|   0|  0|  16|           9|           9|
    |tmp37_fu_5540_p2         |         +|   0|  0|  16|           9|           9|
    |tmp38_fu_3896_p2         |         +|   0|  0|  16|           9|           9|
    |tmp39_fu_3915_p2         |         +|   0|  0|  16|           9|           9|
    |tmp698_i_fu_3584_p2      |         +|   0|  0|  17|          10|          10|
    |tmp70149_i_fu_3629_p2    |         +|   0|  0|  17|          10|          10|
    |tmp73_fu_4125_p2         |         +|   0|  0|  16|           9|           9|
    |tmp74437_i_fu_4150_p2    |         +|   0|  0|  17|          11|          11|
    |tmp75233_i_fu_4320_p2    |         +|   0|  0|  18|          11|          11|
    |tmp754193_i_fu_5755_p2   |         +|   0|  0|  16|           9|           9|
    |tmp77025_i_fu_4504_p2    |         +|   0|  0|  17|          10|          10|
    |tmp772_i_fu_5848_p2      |         +|   0|  0|  16|           9|           9|
    |tmp78621_i_fu_4662_p2    |         +|   0|  0|  17|          12|          12|
    |tmp833_i_fu_5038_p2      |         +|   0|  0|  16|           9|           9|
    |tmp834_i_fu_5048_p2      |         +|   0|  0|  17|          10|          10|
    |tmp_i_fu_1300_p2         |         +|   0|  0|  16|           9|           9|
    |x_35_fu_5643_p2          |         +|   0|  0|  16|          16|          16|
    |x_36_fu_6063_p2          |         +|   0|  0|  16|          16|          16|
    |x_37_fu_5831_p2          |         +|   0|  0|  16|          16|          16|
    |x_38_fu_6172_p2          |         +|   0|  0|  16|          16|          16|
    |x_39_fu_5949_p2          |         +|   0|  0|  16|          16|          16|
    |x_40_fu_5515_p2          |         +|   0|  0|  16|          16|          16|
    |x_41_fu_6244_p2          |         +|   0|  0|  16|          16|          16|
    |x_fu_5746_p2             |         +|   0|  0|  16|          16|          16|
    |empty_117_fu_3654_p2     |         -|   0|  0|  16|           9|           9|
    |empty_120_fu_5530_p2     |         -|   0|  0|  18|          11|          11|
    |empty_125_fu_1618_p2     |         -|   0|  0|  16|           9|           9|
    |empty_129_fu_1642_p2     |         -|   0|  0|  16|           9|           9|
    |empty_132_fu_4145_p2     |         -|   0|  0|  17|          11|          11|
    |empty_133_fu_1830_p2     |         -|   0|  0|  16|           9|           9|
    |empty_136_fu_4469_p2     |         -|   0|  0|  18|          10|          10|
    |empty_137_fu_4479_p2     |         -|   0|  0|  18|          10|          10|
    |empty_139_fu_2004_p2     |         -|   0|  0|  16|           9|           9|
    |empty_140_fu_2142_p2     |         -|   0|  0|  16|           9|           9|
    |empty_141_fu_2152_p2     |         -|   0|  0|  17|          10|          10|
    |empty_142_fu_2166_p2     |         -|   0|  0|  18|          11|          11|
    |empty_143_fu_2172_p2     |         -|   0|  0|  17|          11|          11|
    |empty_145_fu_4646_p2     |         -|   0|  0|  17|          12|          12|
    |empty_148_fu_4691_p2     |         -|   0|  0|  18|          11|          11|
    |empty_150_fu_4703_p2     |         -|   0|  0|  17|          11|          11|
    |empty_153_fu_6072_p2     |         -|   0|  0|  17|          11|          11|
    |empty_154_fu_2266_p2     |         -|   0|  0|  16|           9|           9|
    |empty_155_fu_2280_p2     |         -|   0|  0|  18|          10|          10|
    |empty_158_fu_4971_p2     |         -|   0|  0|  18|          10|          10|
    |empty_159_fu_4981_p2     |         -|   0|  0|  18|          10|          10|
    |empty_fu_3620_p2         |         -|   0|  0|  16|           9|           9|
    |mult_103_fu_716_p2       |         -|   0|  0|  21|          14|          14|
    |sub_ln42_100_fu_834_p2   |         -|   0|  0|  16|           1|           9|
    |sub_ln42_101_fu_864_p2   |         -|   0|  0|  16|           1|           9|
    |sub_ln42_102_fu_902_p2   |         -|   0|  0|  16|           1|           9|
    |sub_ln42_103_fu_956_p2   |         -|   0|  0|  16|           1|           9|
    |sub_ln42_104_fu_982_p2   |         -|   0|  0|  16|           1|           9|
    |sub_ln42_105_fu_1016_p2  |         -|   0|  0|  16|           1|           9|
    |sub_ln42_106_fu_1054_p2  |         -|   0|  0|  16|           1|           9|
    |sub_ln42_107_fu_1080_p2  |         -|   0|  0|  16|           1|           9|
    |sub_ln42_108_fu_1122_p2  |         -|   0|  0|  16|           1|           9|
    |sub_ln42_109_fu_1204_p2  |         -|   0|  0|  16|           1|           9|
    |sub_ln42_110_fu_2614_p2  |         -|   0|  0|  16|           1|           9|
    |sub_ln42_111_fu_2660_p2  |         -|   0|  0|  16|           1|           9|
    |sub_ln42_112_fu_2714_p2  |         -|   0|  0|  16|           1|           9|
    |sub_ln42_113_fu_1230_p2  |         -|   0|  0|  16|           1|           9|
    |sub_ln42_114_fu_1256_p2  |         -|   0|  0|  16|           1|           9|
    |sub_ln42_115_fu_2808_p2  |         -|   0|  0|  16|           1|           9|
    |sub_ln42_116_fu_1282_p2  |         -|   0|  0|  16|           1|           9|
    |sub_ln42_117_fu_2881_p2  |         -|   0|  0|  16|           1|           9|
    |sub_ln42_118_fu_2919_p2  |         -|   0|  0|  16|           1|           9|
    |sub_ln42_119_fu_2997_p2  |         -|   0|  0|  16|           1|           9|
    |sub_ln42_120_fu_3027_p2  |         -|   0|  0|  16|           1|           9|
    |sub_ln42_121_fu_3065_p2  |         -|   0|  0|  16|           1|           9|
    |sub_ln42_122_fu_3095_p2  |         -|   0|  0|  16|           1|           9|
    |sub_ln42_123_fu_3145_p2  |         -|   0|  0|  16|           1|           9|
    |sub_ln42_124_fu_3203_p2  |         -|   0|  0|  16|           1|           9|
    |sub_ln42_125_fu_3237_p2  |         -|   0|  0|  16|           1|           9|
    |sub_ln42_126_fu_5238_p2  |         -|   0|  0|  16|           1|           9|
    |sub_ln42_127_fu_3295_p2  |         -|   0|  0|  16|           1|           9|
    |sub_ln42_128_fu_3321_p2  |         -|   0|  0|  16|           1|           9|
    |sub_ln42_129_fu_3355_p2  |         -|   0|  0|  16|           1|           9|
    |sub_ln42_130_fu_3397_p2  |         -|   0|  0|  16|           1|           9|
    |sub_ln42_131_fu_3423_p2  |         -|   0|  0|  16|           1|           9|
    |sub_ln42_132_fu_3453_p2  |         -|   0|  0|  16|           1|           9|
    |sub_ln42_133_fu_3535_p2  |         -|   0|  0|  16|           1|           9|
    |sub_ln42_134_fu_5330_p2  |         -|   0|  0|  16|           1|           9|
    |sub_ln42_135_fu_5391_p2  |         -|   0|  0|  16|           1|           9|
    |sub_ln42_136_fu_5473_p2  |         -|   0|  0|  16|           1|           9|
    |sub_ln42_88_fu_310_p2    |         -|   0|  0|  16|           1|           9|
    |sub_ln42_89_fu_340_p2    |         -|   0|  0|  16|           1|           9|
    |sub_ln42_90_fu_390_p2    |         -|   0|  0|  16|           1|           9|
    |sub_ln42_91_fu_428_p2    |         -|   0|  0|  16|           1|           9|
    |sub_ln42_92_fu_470_p2    |         -|   0|  0|  16|           1|           9|
    |sub_ln42_93_fu_540_p2    |         -|   0|  0|  16|           1|           9|
    |sub_ln42_94_fu_586_p2    |         -|   0|  0|  16|           1|           9|
    |sub_ln42_95_fu_640_p2    |         -|   0|  0|  16|           1|           9|
    |sub_ln42_96_fu_666_p2    |         -|   0|  0|  16|           1|           9|
    |sub_ln42_98_fu_734_p2    |         -|   0|  0|  16|           1|           9|
    |sub_ln42_99_fu_792_p2    |         -|   0|  0|  16|           1|           9|
    |sub_ln42_fu_248_p2       |         -|   0|  0|  16|           1|           9|
    |sub_ln58_100_fu_5120_p2  |         -|   0|  0|  16|          16|          16|
    |sub_ln58_101_fu_5190_p2  |         -|   0|  0|  16|          16|          16|
    |sub_ln58_102_fu_6194_p2  |         -|   0|  0|  16|          16|          16|
    |sub_ln58_103_fu_6214_p2  |         -|   0|  0|  16|          16|          16|
    |sub_ln58_104_fu_6220_p2  |         -|   0|  0|  16|          16|          16|
    |sub_ln58_105_fu_6232_p2  |         -|   0|  0|  16|          16|          16|
    |sub_ln58_66_fu_3715_p2   |         -|   0|  0|  16|          16|          16|
    |sub_ln58_67_fu_3984_p2   |         -|   0|  0|  16|          16|          16|
    |sub_ln58_68_fu_3990_p2   |         -|   0|  0|  16|          16|          16|
    |sub_ln58_69_fu_5631_p2   |         -|   0|  0|  16|          16|          16|
    |sub_ln58_70_fu_5637_p2   |         -|   0|  0|  16|          16|          16|
    |sub_ln58_71_fu_4204_p2   |         -|   0|  0|  16|          16|          16|
    |sub_ln58_72_fu_4241_p2   |         -|   0|  0|  16|          16|          16|
    |sub_ln58_73_fu_4285_p2   |         -|   0|  0|  16|          16|          16|
    |sub_ln58_74_fu_5695_p2   |         -|   0|  0|  16|          16|          16|
    |sub_ln58_75_fu_5707_p2   |         -|   0|  0|  16|          16|          16|
    |sub_ln58_76_fu_5722_p2   |         -|   0|  0|  16|          16|          16|
    |sub_ln58_77_fu_5734_p2   |         -|   0|  0|  16|          16|          16|
    |sub_ln58_78_fu_4355_p2   |         -|   0|  0|  16|          16|          16|
    |sub_ln58_79_fu_4403_p2   |         -|   0|  0|  16|          16|          16|
    |sub_ln58_80_fu_4425_p2   |         -|   0|  0|  16|          16|          16|
    |sub_ln58_81_fu_5795_p2   |         -|   0|  0|  16|          16|          16|
    |sub_ln58_82_fu_4534_p2   |         -|   0|  0|  16|          16|          16|
    |sub_ln58_83_fu_4608_p2   |         -|   0|  0|  16|          16|          16|
    |sub_ln58_84_fu_5910_p2   |         -|   0|  0|  16|          16|          16|
    |sub_ln58_85_fu_5937_p2   |         -|   0|  0|  16|          16|          16|
    |sub_ln58_86_fu_4721_p2   |         -|   0|  0|  16|          16|          16|
    |sub_ln58_87_fu_4794_p2   |         -|   0|  0|  16|          16|          16|
    |sub_ln58_88_fu_6023_p2   |         -|   0|  0|  16|          16|          16|
    |sub_ln58_89_fu_2332_p2   |         -|   0|  0|  16|          15|          15|
    |sub_ln58_90_fu_4857_p2   |         -|   0|  0|  16|          16|          16|
    |sub_ln58_91_fu_4863_p2   |         -|   0|  0|  16|          16|          16|
    |sub_ln58_92_fu_4875_p2   |         -|   0|  0|  16|          16|          16|
    |sub_ln58_93_fu_4948_p2   |         -|   0|  0|  16|          16|          16|
    |sub_ln58_94_fu_6100_p2   |         -|   0|  0|  16|          16|          16|
    |sub_ln58_95_fu_6144_p2   |         -|   0|  0|  16|          16|          16|
    |sub_ln58_96_fu_6150_p2   |         -|   0|  0|  16|          16|          16|
    |sub_ln58_97_fu_5096_p2   |         -|   0|  0|  16|          16|          16|
    |sub_ln58_98_fu_5102_p2   |         -|   0|  0|  16|          16|          16|
    |sub_ln58_99_fu_5114_p2   |         -|   0|  0|  16|          16|          16|
    |sub_ln58_fu_1366_p2      |         -|   0|  0|  16|          15|          15|
    |tmp699_i_fu_3614_p2      |         -|   0|  0|  23|          16|          16|
    |tmp70647_i_fu_3667_p2    |         -|   0|  0|  17|          10|          10|
    |tmp71645_i_fu_5559_p2    |         -|   0|  0|  17|          12|          12|
    |tmp72443_i_fu_3935_p2    |         -|   0|  0|  19|          12|          12|
    |tmp727_i_fu_3941_p2      |         -|   0|  0|  16|           9|           9|
    |tmp728_i_fu_3970_p2      |         -|   0|  0|  16|          15|          15|
    |tmp73639_i_fu_5662_p2    |         -|   0|  0|  17|          12|          12|
    |tmp747_i_fu_4156_p2      |         -|   0|  0|  16|           9|           9|
    |tmp748_i_fu_4186_p2      |         -|   0|  0|  22|          15|          15|
    |tmp75729_i_fu_1836_p2    |         -|   0|  0|  16|           9|           9|
    |tmp76627_i_fu_4495_p2    |         -|   0|  0|  17|          11|          11|
    |tmp773_i_fu_5877_p2      |         -|   0|  0|  22|          15|          15|
    |tmp79819_i_fu_5965_p2    |         -|   0|  0|  19|          12|          12|
    |tmp801_i_fu_5983_p2      |         -|   0|  0|  16|           9|           9|
    |tmp802_i_fu_6012_p2      |         -|   0|  0|  16|          15|          15|
    |tmp80815_i_fu_6082_p2    |         -|   0|  0|  17|          11|          11|
    |tmp81613_i_fu_4818_p2    |         -|   0|  0|  18|          11|          11|
    |tmp82411_i_fu_4991_p2    |         -|   0|  0|  18|          11|          11|
    |tmp8319_i_fu_5020_p2     |         -|   0|  0|  18|          11|          11|
    |tmp835_i_fu_5078_p2      |         -|   0|  0|  16|          16|          16|
    +-------------------------+----------+----+---+----+------------+------------+
    |Total                    |          |   0|  0|7972|        5466|        5844|
    +-------------------------+----------+----+---+----+------------+------------+

    * Multiplexer: 
    +-----------+----+-----------+-----+-----------+
    |    Name   | LUT| Input Size| Bits| Total Bits|
    +-----------+----+-----------+-----+-----------+
    |ap_NS_fsm  |  20|          4|    1|          4|
    +-----------+----+-----------+-----+-----------+
    |Total      |  20|          4|    1|          4|
    +-----------+----+-----------+-----+-----------+

    * Register: 
    +------------------------------+----+----+-----+-----------+
    |             Name             | FF | LUT| Bits| Const Bits|
    +------------------------------+----+----+-----+-----------+
    |a_12_reg_6410                 |   8|   0|    8|          0|
    |a_24_reg_6426                 |   8|   0|    8|          0|
    |a_34_reg_6447                 |   8|   0|    8|          0|
    |a_40_reg_6457                 |   8|   0|    8|          0|
    |a_41_reg_6462                 |   8|   0|    8|          0|
    |a_43_reg_6472                 |   8|   0|    8|          0|
    |a_44_reg_6479                 |   8|   0|    8|          0|
    |a_45_reg_6491                 |   8|   0|    8|          0|
    |a_50_reg_6502                 |   8|   0|    8|          0|
    |a_51_reg_6517                 |   8|   0|    8|          0|
    |a_53_reg_6537                 |   8|   0|    8|          0|
    |a_65_reg_6733                 |   8|   0|    8|          0|
    |a_66_reg_6738                 |   8|   0|    8|          0|
    |a_67_reg_6753                 |   8|   0|    8|          0|
    |a_70_reg_6758                 |   8|   0|    8|          0|
    |a_72_reg_6769                 |   8|   0|    8|          0|
    |a_73_reg_6774                 |   8|   0|    8|          0|
    |a_74_reg_6780                 |   8|   0|    8|          0|
    |a_75_reg_6786                 |   8|   0|    8|          0|
    |a_76_reg_6791                 |   8|   0|    8|          0|
    |a_79_reg_6796                 |   8|   0|    8|          0|
    |a_85_cast49_i_reg_6553        |   8|   0|    9|          1|
    |add_ln58_272_reg_6563         |  10|   0|   13|          3|
    |add_ln58_275_reg_6568         |  11|   0|   14|          3|
    |add_ln58_282_reg_6573         |  12|   0|   15|          3|
    |add_ln58_287_reg_6802         |  13|   0|   16|          3|
    |add_ln58_292_reg_6807         |  13|   0|   16|          3|
    |add_ln58_298_reg_6812         |  12|   0|   15|          3|
    |add_ln58_303_reg_6817         |  11|   0|   14|          3|
    |add_ln58_314_reg_6588         |  13|   0|   16|          3|
    |add_ln58_321_reg_6593         |  12|   0|   15|          3|
    |add_ln58_323_reg_6832         |  13|   0|   16|          3|
    |add_ln58_325_reg_6837         |  11|   0|   14|          3|
    |add_ln58_330_reg_6842         |  12|   0|   15|          3|
    |add_ln58_334_reg_6847         |  12|   0|   15|          3|
    |add_ln58_340_reg_6852         |  11|   0|   14|          3|
    |add_ln58_350_reg_6608         |  12|   0|   15|          3|
    |add_ln58_357_reg_6613         |  12|   0|   15|          3|
    |add_ln58_364_reg_6618         |  11|   0|   14|          3|
    |add_ln58_371_reg_6872         |   9|   0|   12|          3|
    |add_ln58_374_reg_6877         |  10|   0|   13|          3|
    |add_ln58_383_reg_6628         |  11|   0|   14|          3|
    |add_ln58_386_reg_6633         |  12|   0|   15|          3|
    |add_ln58_395_reg_6638         |  13|   0|   16|          3|
    |add_ln58_405_reg_6887         |  12|   0|   15|          3|
    |add_ln58_409_reg_6892         |  10|   0|   13|          3|
    |add_ln58_421_reg_6653         |  12|   0|   15|          3|
    |add_ln58_428_reg_6658         |  12|   0|   15|          3|
    |add_ln58_442_reg_6907         |  10|   0|   13|          3|
    |add_ln58_445_reg_6913         |  11|   0|   14|          3|
    |add_ln58_453_reg_6668         |  12|   0|   15|          3|
    |add_ln58_457_reg_6673         |  12|   0|   15|          3|
    |add_ln58_479_reg_6683         |  12|   0|   15|          3|
    |add_ln58_481_reg_6688         |  11|   0|   14|          3|
    |add_ln58_488_reg_6693         |  12|   0|   15|          3|
    |add_ln58_502_reg_6943         |  10|   0|   13|          3|
    |add_ln58_512_reg_6698         |  12|   0|   15|          3|
    |add_ln58_518_reg_6703         |  12|   0|   15|          3|
    |add_ln58_530_reg_6958         |  13|   0|   16|          3|
    |add_ln58_533_reg_6963         |  11|   0|   14|          3|
    |ap_CS_fsm                     |   3|   0|    3|          0|
    |empty_118_reg_6578            |   9|   0|    9|          0|
    |empty_119_reg_6822            |  10|   0|   10|          0|
    |empty_122_reg_6583            |   9|   0|    9|          0|
    |empty_126_reg_6598            |  10|   0|   10|          0|
    |empty_127_reg_6857            |  11|   0|   11|          0|
    |empty_131_reg_6603            |  11|   0|   11|          0|
    |empty_133_reg_6623            |   9|   0|    9|          0|
    |empty_135_reg_6643            |   9|   0|    9|          0|
    |empty_139_reg_6648            |   9|   0|    9|          0|
    |empty_144_reg_6663            |  11|   0|   11|          0|
    |empty_150_reg_6923            |  11|   0|   11|          0|
    |empty_152_reg_6933            |  10|   0|   10|          0|
    |empty_156_reg_6678            |  10|   0|   10|          0|
    |mult_122_reg_6467             |   8|   0|   12|          4|
    |mult_125_reg_6497             |   9|   0|   12|          3|
    |mult_130_reg_6507             |   9|   0|   12|          3|
    |mult_132_reg_6527             |   9|   0|   12|          3|
    |mult_151_reg_6713             |   9|   0|   12|          3|
    |mult_154_reg_6728             |   9|   0|   12|          3|
    |mult_157_reg_6743             |   8|   0|   11|          3|
    |mult_164_reg_6764             |   9|   0|   12|          3|
    |sext_ln17_78_reg_6512         |  10|   0|   13|          3|
    |sext_ln17_80_reg_6532         |  10|   0|   13|          3|
    |sext_ln17_83_reg_6543         |  10|   0|   13|          3|
    |sext_ln17_97_reg_6748         |  10|   0|   13|          3|
    |shl_ln42_168_cast_i_reg_6718  |   8|   0|   16|          8|
    |sub_ln42_124_reg_6723         |   9|   0|    9|          0|
    |sub_ln58_101_reg_6953         |  13|   0|   16|          3|
    |sub_ln58_73_reg_6867          |  13|   0|   16|          3|
    |sub_ln58_80_reg_6882          |  13|   0|   16|          3|
    |sub_ln58_83_reg_6902          |  13|   0|   16|          3|
    |sub_ln58_87_reg_6928          |  13|   0|   16|          3|
    |sub_ln58_93_reg_6938          |  13|   0|   16|          3|
    |sub_ln58_reg_6558             |  12|   0|   15|          3|
    |tmp72443_i_reg_6827           |  12|   0|   12|          0|
    |tmp74437_i_reg_6862           |  11|   0|   11|          0|
    |tmp76627_i_reg_6897           |  11|   0|   11|          0|
    |tmp78621_i_reg_6918           |  12|   0|   12|          0|
    |tmp82411_i_reg_6948           |  11|   0|   11|          0|
    |tmp_i_reg_6548                |   9|   0|    9|          0|
    |zext_ln17_81_reg_6486         |   8|   0|   12|          4|
    |zext_ln42_166_reg_6421        |   8|   0|    9|          1|
    |zext_ln42_174_reg_6436        |   8|   0|    9|          1|
    |zext_ln42_177_reg_6442        |   8|   0|    9|          1|
    |zext_ln42_183_reg_6452        |   8|   0|    9|          1|
    |zext_ln42_197_reg_6522        |   8|   0|    9|          1|
    |zext_ln73_26_reg_6431         |   8|   0|    9|          1|
    |zext_ln73_32_reg_6708         |   8|   0|    9|          1|
    |zext_ln73_reg_6415            |   8|   0|    9|          1|
    +------------------------------+----+----+-----+-----------+
    |Total                         |1103|   0| 1296|        193|
    +------------------------------+----+----+-----+-----------+



================================================================
== Interface
================================================================
* Summary: 
+---------------------------------------------------------------------------------------+-----+-----+------------+---------------------------------------------------------------------------------------+--------------+
|                                       RTL Ports                                       | Dir | Bits|  Protocol  |                                     Source Object                                     |    C Type    |
+---------------------------------------------------------------------------------------+-----+-----+------------+---------------------------------------------------------------------------------------+--------------+
|ap_clk                                                                                 |   in|    1|  ap_ctrl_hs|       dense_latency<ap_ufixed<8, 4, 4, 0, 0>, ap_fixed<24, 17, 5, 3, 0>, config7_mult>|  return value|
|ap_rst                                                                                 |   in|    1|  ap_ctrl_hs|       dense_latency<ap_ufixed<8, 4, 4, 0, 0>, ap_fixed<24, 17, 5, 3, 0>, config7_mult>|  return value|
|ap_start                                                                               |   in|    1|  ap_ctrl_hs|       dense_latency<ap_ufixed<8, 4, 4, 0, 0>, ap_fixed<24, 17, 5, 3, 0>, config7_mult>|  return value|
|ap_done                                                                                |  out|    1|  ap_ctrl_hs|       dense_latency<ap_ufixed<8, 4, 4, 0, 0>, ap_fixed<24, 17, 5, 3, 0>, config7_mult>|  return value|
|ap_idle                                                                                |  out|    1|  ap_ctrl_hs|       dense_latency<ap_ufixed<8, 4, 4, 0, 0>, ap_fixed<24, 17, 5, 3, 0>, config7_mult>|  return value|
|ap_ready                                                                               |  out|    1|  ap_ctrl_hs|       dense_latency<ap_ufixed<8, 4, 4, 0, 0>, ap_fixed<24, 17, 5, 3, 0>, config7_mult>|  return value|
|ap_return_0                                                                            |  out|   24|  ap_ctrl_hs|       dense_latency<ap_ufixed<8, 4, 4, 0, 0>, ap_fixed<24, 17, 5, 3, 0>, config7_mult>|  return value|
|ap_return_1                                                                            |  out|   24|  ap_ctrl_hs|       dense_latency<ap_ufixed<8, 4, 4, 0, 0>, ap_fixed<24, 17, 5, 3, 0>, config7_mult>|  return value|
|ap_return_2                                                                            |  out|   24|  ap_ctrl_hs|       dense_latency<ap_ufixed<8, 4, 4, 0, 0>, ap_fixed<24, 17, 5, 3, 0>, config7_mult>|  return value|
|ap_return_3                                                                            |  out|   24|  ap_ctrl_hs|       dense_latency<ap_ufixed<8, 4, 4, 0, 0>, ap_fixed<24, 17, 5, 3, 0>, config7_mult>|  return value|
|ap_return_4                                                                            |  out|   24|  ap_ctrl_hs|       dense_latency<ap_ufixed<8, 4, 4, 0, 0>, ap_fixed<24, 17, 5, 3, 0>, config7_mult>|  return value|
|ap_return_5                                                                            |  out|   24|  ap_ctrl_hs|       dense_latency<ap_ufixed<8, 4, 4, 0, 0>, ap_fixed<24, 17, 5, 3, 0>, config7_mult>|  return value|
|ap_return_6                                                                            |  out|   24|  ap_ctrl_hs|       dense_latency<ap_ufixed<8, 4, 4, 0, 0>, ap_fixed<24, 17, 5, 3, 0>, config7_mult>|  return value|
|ap_return_7                                                                            |  out|   24|  ap_ctrl_hs|       dense_latency<ap_ufixed<8, 4, 4, 0, 0>, ap_fixed<24, 17, 5, 3, 0>, config7_mult>|  return value|
|ap_ce                                                                                  |   in|    1|  ap_ctrl_hs|       dense_latency<ap_ufixed<8, 4, 4, 0, 0>, ap_fixed<24, 17, 5, 3, 0>, config7_mult>|  return value|
|void_compute_output_buffer_2d_array_const_ap_shift_reg_n_chan_stream_weig_9            |   in|    8|     ap_none|            void_compute_output_buffer_2d_array_const_ap_shift_reg_n_chan_stream_weig_9|       pointer|
|void_compute_output_buffer_2d_array_const_ap_shift_reg_n_chan_stream_weig_8            |   in|    8|     ap_none|            void_compute_output_buffer_2d_array_const_ap_shift_reg_n_chan_stream_weig_8|       pointer|
|void_compute_output_buffer_2d_array_const_ap_shift_reg_n_chan_stream_weig_7            |   in|    8|     ap_none|            void_compute_output_buffer_2d_array_const_ap_shift_reg_n_chan_stream_weig_7|       pointer|
|void_compute_output_buffer_2d_array_const_ap_shift_reg_n_chan_stream_weig_6            |   in|    8|     ap_none|            void_compute_output_buffer_2d_array_const_ap_shift_reg_n_chan_stream_weig_6|       pointer|
|void_compute_output_buffer_2d_array_const_ap_shift_reg_n_chan_stream_weig_5            |   in|    8|     ap_none|            void_compute_output_buffer_2d_array_const_ap_shift_reg_n_chan_stream_weig_5|       pointer|
|void_compute_output_buffer_2d_array_const_ap_shift_reg_n_chan_stream_weig_4            |   in|    8|     ap_none|            void_compute_output_buffer_2d_array_const_ap_shift_reg_n_chan_stream_weig_4|       pointer|
|void_compute_output_buffer_2d_array_const_ap_shift_reg_n_chan_stream_weig_3            |   in|    8|     ap_none|            void_compute_output_buffer_2d_array_const_ap_shift_reg_n_chan_stream_weig_3|       pointer|
|void_compute_output_buffer_2d_array_const_ap_shift_reg_n_chan_stream_weig_2            |   in|    8|     ap_none|            void_compute_output_buffer_2d_array_const_ap_shift_reg_n_chan_stream_weig_2|       pointer|
|void_compute_output_buffer_2d_array_const_ap_shift_reg_n_chan_stream_weig_1            |   in|    8|     ap_none|            void_compute_output_buffer_2d_array_const_ap_shift_reg_n_chan_stream_weig_1|       pointer|
|void_compute_output_buffer_2d_array_const_ap_shift_reg_n_chan_stream_weig              |   in|    8|     ap_none|              void_compute_output_buffer_2d_array_const_ap_shift_reg_n_chan_stream_weig|       pointer|
|p_ZZN4nnet24compute_output_buffer_2dINS_5arrayI9ap_ufixedILi8ELi4EL9ap_q_mode4EL9_123  |   in|    8|     ap_none|  p_ZZN4nnet24compute_output_buffer_2dINS_5arrayI9ap_ufixedILi8ELi4EL9ap_q_mode4EL9_123|       pointer|
|p_ZZN4nnet24compute_output_buffer_2dINS_5arrayI9ap_ufixedILi8ELi4EL9ap_q_mode4EL9_124  |   in|    8|     ap_none|  p_ZZN4nnet24compute_output_buffer_2dINS_5arrayI9ap_ufixedILi8ELi4EL9ap_q_mode4EL9_124|       pointer|
|p_ZZN4nnet24compute_output_buffer_2dINS_5arrayI9ap_ufixedILi8ELi4EL9ap_q_mode4EL9_125  |   in|    8|     ap_none|  p_ZZN4nnet24compute_output_buffer_2dINS_5arrayI9ap_ufixedILi8ELi4EL9ap_q_mode4EL9_125|       pointer|
|p_ZZN4nnet24compute_output_buffer_2dINS_5arrayI9ap_ufixedILi8ELi4EL9ap_q_mode4EL9_126  |   in|    8|     ap_none|  p_ZZN4nnet24compute_output_buffer_2dINS_5arrayI9ap_ufixedILi8ELi4EL9ap_q_mode4EL9_126|       pointer|
|p_ZZN4nnet24compute_output_buffer_2dINS_5arrayI9ap_ufixedILi8ELi4EL9ap_q_mode4EL9_127  |   in|    8|     ap_none|  p_ZZN4nnet24compute_output_buffer_2dINS_5arrayI9ap_ufixedILi8ELi4EL9ap_q_mode4EL9_127|       pointer|
|p_ZZN4nnet24compute_output_buffer_2dINS_5arrayI9ap_ufixedILi8ELi4EL9ap_q_mode4EL9_128  |   in|    8|     ap_none|  p_ZZN4nnet24compute_output_buffer_2dINS_5arrayI9ap_ufixedILi8ELi4EL9ap_q_mode4EL9_128|       pointer|
|p_ZZN4nnet24compute_output_buffer_2dINS_5arrayI9ap_ufixedILi8ELi4EL9ap_q_mode4EL9_129  |   in|    8|     ap_none|  p_ZZN4nnet24compute_output_buffer_2dINS_5arrayI9ap_ufixedILi8ELi4EL9ap_q_mode4EL9_129|       pointer|
|p_ZZN4nnet24compute_output_buffer_2dINS_5arrayI9ap_ufixedILi8ELi4EL9ap_q_mode4EL9_130  |   in|    8|     ap_none|  p_ZZN4nnet24compute_output_buffer_2dINS_5arrayI9ap_ufixedILi8ELi4EL9ap_q_mode4EL9_130|       pointer|
|p_ZZN4nnet24compute_output_buffer_2dINS_5arrayI9ap_ufixedILi8ELi4EL9ap_q_mode4EL9_131  |   in|    8|     ap_none|  p_ZZN4nnet24compute_output_buffer_2dINS_5arrayI9ap_ufixedILi8ELi4EL9ap_q_mode4EL9_131|       pointer|
|p_ZZN4nnet24compute_output_buffer_2dINS_5arrayI9ap_ufixedILi8ELi4EL9ap_q_mode4EL9_132  |   in|    8|     ap_none|  p_ZZN4nnet24compute_output_buffer_2dINS_5arrayI9ap_ufixedILi8ELi4EL9ap_q_mode4EL9_132|       pointer|
|p_ZZN4nnet24compute_output_buffer_2dINS_5arrayI9ap_ufixedILi8ELi4EL9ap_q_mode4EL9_133  |   in|    8|     ap_none|  p_ZZN4nnet24compute_output_buffer_2dINS_5arrayI9ap_ufixedILi8ELi4EL9ap_q_mode4EL9_133|       pointer|
|p_ZZN4nnet24compute_output_buffer_2dINS_5arrayI9ap_ufixedILi8ELi4EL9ap_q_mode4EL9_134  |   in|    8|     ap_none|  p_ZZN4nnet24compute_output_buffer_2dINS_5arrayI9ap_ufixedILi8ELi4EL9ap_q_mode4EL9_134|       pointer|
|p_ZZN4nnet24compute_output_buffer_2dINS_5arrayI9ap_ufixedILi8ELi4EL9ap_q_mode4EL9_135  |   in|    8|     ap_none|  p_ZZN4nnet24compute_output_buffer_2dINS_5arrayI9ap_ufixedILi8ELi4EL9ap_q_mode4EL9_135|       pointer|
|p_ZZN4nnet24compute_output_buffer_2dINS_5arrayI9ap_ufixedILi8ELi4EL9ap_q_mode4EL9_136  |   in|    8|     ap_none|  p_ZZN4nnet24compute_output_buffer_2dINS_5arrayI9ap_ufixedILi8ELi4EL9ap_q_mode4EL9_136|       pointer|
|p_ZZN4nnet24compute_output_buffer_2dINS_5arrayI9ap_ufixedILi8ELi4EL9ap_q_mode4EL9_137  |   in|    8|     ap_none|  p_ZZN4nnet24compute_output_buffer_2dINS_5arrayI9ap_ufixedILi8ELi4EL9ap_q_mode4EL9_137|       pointer|
|p_ZZN4nnet24compute_output_buffer_2dINS_5arrayI9ap_ufixedILi8ELi4EL9ap_q_mode4EL9_138  |   in|    8|     ap_none|  p_ZZN4nnet24compute_output_buffer_2dINS_5arrayI9ap_ufixedILi8ELi4EL9ap_q_mode4EL9_138|       pointer|
|p_ZZN4nnet24compute_output_buffer_2dINS_5arrayI9ap_ufixedILi8ELi4EL9ap_q_mode4EL9_139  |   in|    8|     ap_none|  p_ZZN4nnet24compute_output_buffer_2dINS_5arrayI9ap_ufixedILi8ELi4EL9ap_q_mode4EL9_139|       pointer|
|p_ZZN4nnet24compute_output_buffer_2dINS_5arrayI9ap_ufixedILi8ELi4EL9ap_q_mode4EL9_140  |   in|    8|     ap_none|  p_ZZN4nnet24compute_output_buffer_2dINS_5arrayI9ap_ufixedILi8ELi4EL9ap_q_mode4EL9_140|       pointer|
|p_ZZN4nnet24compute_output_buffer_2dINS_5arrayI9ap_ufixedILi8ELi4EL9ap_q_mode4EL9_141  |   in|    8|     ap_none|  p_ZZN4nnet24compute_output_buffer_2dINS_5arrayI9ap_ufixedILi8ELi4EL9ap_q_mode4EL9_141|       pointer|
|p_ZZN4nnet24compute_output_buffer_2dINS_5arrayI9ap_ufixedILi8ELi4EL9ap_q_mode4EL9_142  |   in|    8|     ap_none|  p_ZZN4nnet24compute_output_buffer_2dINS_5arrayI9ap_ufixedILi8ELi4EL9ap_q_mode4EL9_142|       pointer|
|p_ZZN4nnet24compute_output_buffer_2dINS_5arrayI9ap_ufixedILi8ELi4EL9ap_q_mode4EL9_143  |   in|    8|     ap_none|  p_ZZN4nnet24compute_output_buffer_2dINS_5arrayI9ap_ufixedILi8ELi4EL9ap_q_mode4EL9_143|       pointer|
|p_ZZN4nnet24compute_output_buffer_2dINS_5arrayI9ap_ufixedILi8ELi4EL9ap_q_mode4EL9_144  |   in|    8|     ap_none|  p_ZZN4nnet24compute_output_buffer_2dINS_5arrayI9ap_ufixedILi8ELi4EL9ap_q_mode4EL9_144|       pointer|
|p_ZZN4nnet24compute_output_buffer_2dINS_5arrayI9ap_ufixedILi8ELi4EL9ap_q_mode4EL9_145  |   in|    8|     ap_none|  p_ZZN4nnet24compute_output_buffer_2dINS_5arrayI9ap_ufixedILi8ELi4EL9ap_q_mode4EL9_145|       pointer|
|p_ZZN4nnet24compute_output_buffer_2dINS_5arrayI9ap_ufixedILi8ELi4EL9ap_q_mode4EL9_146  |   in|    8|     ap_none|  p_ZZN4nnet24compute_output_buffer_2dINS_5arrayI9ap_ufixedILi8ELi4EL9ap_q_mode4EL9_146|       pointer|
|p_ZZN4nnet24compute_output_buffer_2dINS_5arrayI9ap_ufixedILi8ELi4EL9ap_q_mode4EL9_99   |   in|    8|     ap_none|   p_ZZN4nnet24compute_output_buffer_2dINS_5arrayI9ap_ufixedILi8ELi4EL9ap_q_mode4EL9_99|       pointer|
|p_ZZN4nnet24compute_output_buffer_2dINS_5arrayI9ap_ufixedILi8ELi4EL9ap_q_mode4EL9_98   |   in|    8|     ap_none|   p_ZZN4nnet24compute_output_buffer_2dINS_5arrayI9ap_ufixedILi8ELi4EL9ap_q_mode4EL9_98|       pointer|
|p_ZZN4nnet24compute_output_buffer_2dINS_5arrayI9ap_ufixedILi8ELi4EL9ap_q_mode4EL9_97   |   in|    8|     ap_none|   p_ZZN4nnet24compute_output_buffer_2dINS_5arrayI9ap_ufixedILi8ELi4EL9ap_q_mode4EL9_97|       pointer|
|p_ZZN4nnet24compute_output_buffer_2dINS_5arrayI9ap_ufixedILi8ELi4EL9ap_q_mode4EL9_96   |   in|    8|     ap_none|   p_ZZN4nnet24compute_output_buffer_2dINS_5arrayI9ap_ufixedILi8ELi4EL9ap_q_mode4EL9_96|       pointer|
|p_ZZN4nnet24compute_output_buffer_2dINS_5arrayI9ap_ufixedILi8ELi4EL9ap_q_mode4EL9_95   |   in|    8|     ap_none|   p_ZZN4nnet24compute_output_buffer_2dINS_5arrayI9ap_ufixedILi8ELi4EL9ap_q_mode4EL9_95|       pointer|
|p_ZZN4nnet24compute_output_buffer_2dINS_5arrayI9ap_ufixedILi8ELi4EL9ap_q_mode4EL9_94   |   in|    8|     ap_none|   p_ZZN4nnet24compute_output_buffer_2dINS_5arrayI9ap_ufixedILi8ELi4EL9ap_q_mode4EL9_94|       pointer|
|p_ZZN4nnet24compute_output_buffer_2dINS_5arrayI9ap_ufixedILi8ELi4EL9ap_q_mode4EL9_93   |   in|    8|     ap_none|   p_ZZN4nnet24compute_output_buffer_2dINS_5arrayI9ap_ufixedILi8ELi4EL9ap_q_mode4EL9_93|       pointer|
|p_ZZN4nnet24compute_output_buffer_2dINS_5arrayI9ap_ufixedILi8ELi4EL9ap_q_mode4EL9_92   |   in|    8|     ap_none|   p_ZZN4nnet24compute_output_buffer_2dINS_5arrayI9ap_ufixedILi8ELi4EL9ap_q_mode4EL9_92|       pointer|
|p_ZZN4nnet24compute_output_buffer_2dINS_5arrayI9ap_ufixedILi8ELi4EL9ap_q_mode4EL9_91   |   in|    8|     ap_none|   p_ZZN4nnet24compute_output_buffer_2dINS_5arrayI9ap_ufixedILi8ELi4EL9ap_q_mode4EL9_91|       pointer|
|p_ZZN4nnet24compute_output_buffer_2dINS_5arrayI9ap_ufixedILi8ELi4EL9ap_q_mode4EL9_90   |   in|    8|     ap_none|   p_ZZN4nnet24compute_output_buffer_2dINS_5arrayI9ap_ufixedILi8ELi4EL9ap_q_mode4EL9_90|       pointer|
|p_ZZN4nnet24compute_output_buffer_2dINS_5arrayI9ap_ufixedILi8ELi4EL9ap_q_mode4EL9_89   |   in|    8|     ap_none|   p_ZZN4nnet24compute_output_buffer_2dINS_5arrayI9ap_ufixedILi8ELi4EL9ap_q_mode4EL9_89|       pointer|
|p_ZZN4nnet24compute_output_buffer_2dINS_5arrayI9ap_ufixedILi8ELi4EL9ap_q_mode4EL9_88   |   in|    8|     ap_none|   p_ZZN4nnet24compute_output_buffer_2dINS_5arrayI9ap_ufixedILi8ELi4EL9ap_q_mode4EL9_88|       pointer|
|p_ZZN4nnet24compute_output_buffer_2dINS_5arrayI9ap_ufixedILi8ELi4EL9ap_q_mode4EL9_87   |   in|    8|     ap_none|   p_ZZN4nnet24compute_output_buffer_2dINS_5arrayI9ap_ufixedILi8ELi4EL9ap_q_mode4EL9_87|       pointer|
|p_ZZN4nnet24compute_output_buffer_2dINS_5arrayI9ap_ufixedILi8ELi4EL9ap_q_mode4EL9_86   |   in|    8|     ap_none|   p_ZZN4nnet24compute_output_buffer_2dINS_5arrayI9ap_ufixedILi8ELi4EL9ap_q_mode4EL9_86|       pointer|
|p_ZZN4nnet24compute_output_buffer_2dINS_5arrayI9ap_ufixedILi8ELi4EL9ap_q_mode4EL9_85   |   in|    8|     ap_none|   p_ZZN4nnet24compute_output_buffer_2dINS_5arrayI9ap_ufixedILi8ELi4EL9ap_q_mode4EL9_85|       pointer|
|p_ZZN4nnet24compute_output_buffer_2dINS_5arrayI9ap_ufixedILi8ELi4EL9ap_q_mode4EL9_84   |   in|    8|     ap_none|   p_ZZN4nnet24compute_output_buffer_2dINS_5arrayI9ap_ufixedILi8ELi4EL9ap_q_mode4EL9_84|       pointer|
|p_ZZN4nnet24compute_output_buffer_2dINS_5arrayI9ap_ufixedILi8ELi4EL9ap_q_mode4EL9_83   |   in|    8|     ap_none|   p_ZZN4nnet24compute_output_buffer_2dINS_5arrayI9ap_ufixedILi8ELi4EL9ap_q_mode4EL9_83|       pointer|
|p_ZZN4nnet24compute_output_buffer_2dINS_5arrayI9ap_ufixedILi8ELi4EL9ap_q_mode4EL9_82   |   in|    8|     ap_none|   p_ZZN4nnet24compute_output_buffer_2dINS_5arrayI9ap_ufixedILi8ELi4EL9ap_q_mode4EL9_82|       pointer|
|p_ZZN4nnet24compute_output_buffer_2dINS_5arrayI9ap_ufixedILi8ELi4EL9ap_q_mode4EL9_81   |   in|    8|     ap_none|   p_ZZN4nnet24compute_output_buffer_2dINS_5arrayI9ap_ufixedILi8ELi4EL9ap_q_mode4EL9_81|       pointer|
|p_ZZN4nnet24compute_output_buffer_2dINS_5arrayI9ap_ufixedILi8ELi4EL9ap_q_mode4EL9_80   |   in|    8|     ap_none|   p_ZZN4nnet24compute_output_buffer_2dINS_5arrayI9ap_ufixedILi8ELi4EL9ap_q_mode4EL9_80|       pointer|
|p_ZZN4nnet24compute_output_buffer_2dINS_5arrayI9ap_ufixedILi8ELi4EL9ap_q_mode4EL9_79   |   in|    8|     ap_none|   p_ZZN4nnet24compute_output_buffer_2dINS_5arrayI9ap_ufixedILi8ELi4EL9ap_q_mode4EL9_79|       pointer|
|p_ZZN4nnet24compute_output_buffer_2dINS_5arrayI9ap_ufixedILi8ELi4EL9ap_q_mode4EL9_78   |   in|    8|     ap_none|   p_ZZN4nnet24compute_output_buffer_2dINS_5arrayI9ap_ufixedILi8ELi4EL9ap_q_mode4EL9_78|       pointer|
|p_ZZN4nnet24compute_output_buffer_2dINS_5arrayI9ap_ufixedILi8ELi4EL9ap_q_mode4EL9_77   |   in|    8|     ap_none|   p_ZZN4nnet24compute_output_buffer_2dINS_5arrayI9ap_ufixedILi8ELi4EL9ap_q_mode4EL9_77|       pointer|
|p_ZZN4nnet24compute_output_buffer_2dINS_5arrayI9ap_ufixedILi8ELi4EL9ap_q_mode4EL9_76   |   in|    8|     ap_none|   p_ZZN4nnet24compute_output_buffer_2dINS_5arrayI9ap_ufixedILi8ELi4EL9ap_q_mode4EL9_76|       pointer|
|p_ZZN4nnet24compute_output_buffer_2dINS_5arrayI9ap_ufixedILi8ELi4EL9ap_q_mode4EL9_75   |   in|    8|     ap_none|   p_ZZN4nnet24compute_output_buffer_2dINS_5arrayI9ap_ufixedILi8ELi4EL9ap_q_mode4EL9_75|       pointer|
|p_ZZN4nnet24compute_output_buffer_2dINS_5arrayI9ap_ufixedILi8ELi4EL9ap_q_mode4EL9_74   |   in|    8|     ap_none|   p_ZZN4nnet24compute_output_buffer_2dINS_5arrayI9ap_ufixedILi8ELi4EL9ap_q_mode4EL9_74|       pointer|
|p_ZZN4nnet24compute_output_buffer_2dINS_5arrayI9ap_ufixedILi8ELi4EL9ap_q_mode4EL9_73   |   in|    8|     ap_none|   p_ZZN4nnet24compute_output_buffer_2dINS_5arrayI9ap_ufixedILi8ELi4EL9ap_q_mode4EL9_73|       pointer|
|p_ZZN4nnet24compute_output_buffer_2dINS_5arrayI9ap_ufixedILi8ELi4EL9ap_q_mode4EL9_72   |   in|    8|     ap_none|   p_ZZN4nnet24compute_output_buffer_2dINS_5arrayI9ap_ufixedILi8ELi4EL9ap_q_mode4EL9_72|       pointer|
|p_ZZN4nnet24compute_output_buffer_2dINS_5arrayI9ap_ufixedILi8ELi4EL9ap_q_mode4EL9_71   |   in|    8|     ap_none|   p_ZZN4nnet24compute_output_buffer_2dINS_5arrayI9ap_ufixedILi8ELi4EL9ap_q_mode4EL9_71|       pointer|
|p_ZZN4nnet24compute_output_buffer_2dINS_5arrayI9ap_ufixedILi8ELi4EL9ap_q_mode4EL9_70   |   in|    8|     ap_none|   p_ZZN4nnet24compute_output_buffer_2dINS_5arrayI9ap_ufixedILi8ELi4EL9ap_q_mode4EL9_70|       pointer|
|p_ZZN4nnet24compute_output_buffer_2dINS_5arrayI9ap_ufixedILi8ELi4EL9ap_q_mode4EL9_69   |   in|    8|     ap_none|   p_ZZN4nnet24compute_output_buffer_2dINS_5arrayI9ap_ufixedILi8ELi4EL9ap_q_mode4EL9_69|       pointer|
|p_ZZN4nnet24compute_output_buffer_2dINS_5arrayI9ap_ufixedILi8ELi4EL9ap_q_mode4EL9_68   |   in|    8|     ap_none|   p_ZZN4nnet24compute_output_buffer_2dINS_5arrayI9ap_ufixedILi8ELi4EL9ap_q_mode4EL9_68|       pointer|
|p_ZZN4nnet24compute_output_buffer_2dINS_5arrayI9ap_ufixedILi8ELi4EL9ap_q_mode4EL9_67   |   in|    8|     ap_none|   p_ZZN4nnet24compute_output_buffer_2dINS_5arrayI9ap_ufixedILi8ELi4EL9ap_q_mode4EL9_67|       pointer|
|p_ZZN4nnet24compute_output_buffer_2dINS_5arrayI9ap_ufixedILi8ELi4EL9ap_q_mode4EL9_66   |   in|    8|     ap_none|   p_ZZN4nnet24compute_output_buffer_2dINS_5arrayI9ap_ufixedILi8ELi4EL9ap_q_mode4EL9_66|       pointer|
|p_ZZN4nnet24compute_output_buffer_2dINS_5arrayI9ap_ufixedILi8ELi4EL9ap_q_mode4EL9_65   |   in|    8|     ap_none|   p_ZZN4nnet24compute_output_buffer_2dINS_5arrayI9ap_ufixedILi8ELi4EL9ap_q_mode4EL9_65|       pointer|
|p_ZZN4nnet24compute_output_buffer_2dINS_5arrayI9ap_ufixedILi8ELi4EL9ap_q_mode4EL9_64   |   in|    8|     ap_none|   p_ZZN4nnet24compute_output_buffer_2dINS_5arrayI9ap_ufixedILi8ELi4EL9ap_q_mode4EL9_64|       pointer|
|p_ZZN4nnet24compute_output_buffer_2dINS_5arrayI9ap_ufixedILi8ELi4EL9ap_q_mode4EL9_63   |   in|    8|     ap_none|   p_ZZN4nnet24compute_output_buffer_2dINS_5arrayI9ap_ufixedILi8ELi4EL9ap_q_mode4EL9_63|       pointer|
|p_ZZN4nnet24compute_output_buffer_2dINS_5arrayI9ap_ufixedILi8ELi4EL9ap_q_mode4EL9_62   |   in|    8|     ap_none|   p_ZZN4nnet24compute_output_buffer_2dINS_5arrayI9ap_ufixedILi8ELi4EL9ap_q_mode4EL9_62|       pointer|
+---------------------------------------------------------------------------------------+-----+-----+------------+---------------------------------------------------------------------------------------+--------------+

