

================================================================
== Vitis HLS Report for 'shift_line_buffer_array_ap_ufixed_8_4_4_0_0_8u_config6_s'
================================================================
* Date:           Mon Mar 30 19:10:40 2026

* Version:        2023.2 (Build 4023990 on Oct 11 2023)
* Project:        myproject_prj
* Solution:       solution1 (Vivado IP Flow Target)
* Product family: zynquplus
* Target device:  xck26-sfvc784-2LV-c


================================================================
== Performance Estimates
================================================================
+ Timing: 
    * Summary: 
    +--------+---------+----------+------------+
    |  Clock |  Target | Estimated| Uncertainty|
    +--------+---------+----------+------------+
    |ap_clk  |  5.00 ns|  0.717 ns|     1.35 ns|
    +--------+---------+----------+------------+

+ Latency: 
    * Summary: 
    +---------+---------+----------+----------+-----+-----+---------+
    |  Latency (cycles) |  Latency (absolute) |  Interval | Pipeline|
    |   min   |   max   |    min   |    max   | min | max |   Type  |
    +---------+---------+----------+----------+-----+-----+---------+
    |        0|        0|      0 ns|      0 ns|    1|    1|      yes|
    +---------+---------+----------+----------+-----+-----+---------+

    + Detail: 
        * Instance: 
        N/A

        * Loop: 
        N/A



================================================================
== Utilization Estimates
================================================================
* Summary: 
+-----------------+---------+------+--------+--------+-----+
|       Name      | BRAM_18K|  DSP |   FF   |   LUT  | URAM|
+-----------------+---------+------+--------+--------+-----+
|DSP              |        -|     -|       -|       -|    -|
|Expression       |        -|     -|       -|       -|    -|
|FIFO             |        -|     -|       -|       -|    -|
|Instance         |        -|     -|       -|       -|    -|
|Memory           |        -|     -|     512|     256|    -|
|Multiplexer      |        -|     -|       -|     144|    -|
|Register         |        -|     -|       1|       -|    -|
+-----------------+---------+------+--------+--------+-----+
|Total            |        0|     0|     513|     400|    0|
+-----------------+---------+------+--------+--------+-----+
|Available        |      288|  1248|  234240|  117120|   64|
+-----------------+---------+------+--------+--------+-----+
|Utilization (%)  |        0|     0|      ~0|      ~0|    0|
+-----------------+---------+------+--------+--------+-----+

+ Detail: 
    * Instance: 
    N/A

    * DSP: 
    N/A

    * Memory: 
    +----------------------------------------------------------------------+----------------------------------------------------------------------------------+---------+----+----+-----+------+-----+------+-------------+
    |                                Memory                                |                                      Module                                      | BRAM_18K| FF | LUT| URAM| Words| Bits| Banks| W*Bits*Banks|
    +----------------------------------------------------------------------+----------------------------------------------------------------------------------+---------+----+----+-----+------+-----+------+-------------+
    |void_pooling2d_cl_stream_stream_array_ap_ufixed_8u_0_line_buffer_7_U  |shift_line_buffer_array_ap_ufixed_8_4_4_0_0_8u_config6_s_void_pooling2d_cl_stfYi  |        0|  64|  32|    0|    64|    8|     1|          512|
    |void_pooling2d_cl_stream_stream_array_ap_ufixed_8u_0_line_buffer_6_U  |shift_line_buffer_array_ap_ufixed_8_4_4_0_0_8u_config6_s_void_pooling2d_cl_stfYi  |        0|  64|  32|    0|    64|    8|     1|          512|
    |void_pooling2d_cl_stream_stream_array_ap_ufixed_8u_0_line_buffer_5_U  |shift_line_buffer_array_ap_ufixed_8_4_4_0_0_8u_config6_s_void_pooling2d_cl_stfYi  |        0|  64|  32|    0|    64|    8|     1|          512|
    |void_pooling2d_cl_stream_stream_array_ap_ufixed_8u_0_line_buffer_4_U  |shift_line_buffer_array_ap_ufixed_8_4_4_0_0_8u_config6_s_void_pooling2d_cl_stfYi  |        0|  64|  32|    0|    64|    8|     1|          512|
    |void_pooling2d_cl_stream_stream_array_ap_ufixed_8u_0_line_buffer_3_U  |shift_line_buffer_array_ap_ufixed_8_4_4_0_0_8u_config6_s_void_pooling2d_cl_stfYi  |        0|  64|  32|    0|    64|    8|     1|          512|
    |void_pooling2d_cl_stream_stream_array_ap_ufixed_8u_0_line_buffer_2_U  |shift_line_buffer_array_ap_ufixed_8_4_4_0_0_8u_config6_s_void_pooling2d_cl_stfYi  |        0|  64|  32|    0|    64|    8|     1|          512|
    |void_pooling2d_cl_stream_stream_array_ap_ufixed_8u_0_line_buffer_1_U  |shift_line_buffer_array_ap_ufixed_8_4_4_0_0_8u_config6_s_void_pooling2d_cl_stfYi  |        0|  64|  32|    0|    64|    8|     1|          512|
    |void_pooling2d_cl_stream_stream_array_ap_ufixed_8u_0_line_buffer_U    |shift_line_buffer_array_ap_ufixed_8_4_4_0_0_8u_config6_s_void_pooling2d_cl_stfYi  |        0|  64|  32|    0|    64|    8|     1|          512|
    +----------------------------------------------------------------------+----------------------------------------------------------------------------------+---------+----+----+-----+------+-----+------+-------------+
    |Total                                                                 |                                                                                  |        0| 512| 256|    0|   512|   64|     8|         4096|
    +----------------------------------------------------------------------+----------------------------------------------------------------------------------+---------+----+----+-----+------+-----+------+-------------+

    * FIFO: 
    N/A

    * Expression: 
    N/A

    * Multiplexer: 
    +-----------------------------------------------------------------------------------------+----+-----------+-----+-----------+
    |                                           Name                                          | LUT| Input Size| Bits| Total Bits|
    +-----------------------------------------------------------------------------------------+----+-----------+-----+-----------+
    |p_ZZN4nnet22compute_pool_buffer_2dINS_5arrayI9ap_ufixedILi8ELi4EL9ap_q_mode4EL9ap_225_o  |   9|          2|    8|         16|
    |p_ZZN4nnet22compute_pool_buffer_2dINS_5arrayI9ap_ufixedILi8ELi4EL9ap_q_mode4EL9ap_226_o  |   9|          2|    8|         16|
    |p_ZZN4nnet22compute_pool_buffer_2dINS_5arrayI9ap_ufixedILi8ELi4EL9ap_q_mode4EL9ap_227_o  |   9|          2|    8|         16|
    |p_ZZN4nnet22compute_pool_buffer_2dINS_5arrayI9ap_ufixedILi8ELi4EL9ap_q_mode4EL9ap_228_o  |   9|          2|    8|         16|
    |p_ZZN4nnet22compute_pool_buffer_2dINS_5arrayI9ap_ufixedILi8ELi4EL9ap_q_mode4EL9ap_229_o  |   9|          2|    8|         16|
    |p_ZZN4nnet22compute_pool_buffer_2dINS_5arrayI9ap_ufixedILi8ELi4EL9ap_q_mode4EL9ap_230_o  |   9|          2|    8|         16|
    |p_ZZN4nnet22compute_pool_buffer_2dINS_5arrayI9ap_ufixedILi8ELi4EL9ap_q_mode4EL9ap_239_o  |   9|          2|    8|         16|
    |p_ZZN4nnet22compute_pool_buffer_2dINS_5arrayI9ap_ufixedILi8ELi4EL9ap_q_mode4EL9ap_240_o  |   9|          2|    8|         16|
    |p_ZZN4nnet22compute_pool_buffer_2dINS_5arrayI9ap_ufixedILi8ELi4EL9ap_q_mode4EL9ap_241_o  |   9|          2|    8|         16|
    |p_ZZN4nnet22compute_pool_buffer_2dINS_5arrayI9ap_ufixedILi8ELi4EL9ap_q_mode4EL9ap_242_o  |   9|          2|    8|         16|
    |p_ZZN4nnet22compute_pool_buffer_2dINS_5arrayI9ap_ufixedILi8ELi4EL9ap_q_mode4EL9ap_243_o  |   9|          2|    8|         16|
    |p_ZZN4nnet22compute_pool_buffer_2dINS_5arrayI9ap_ufixedILi8ELi4EL9ap_q_mode4EL9ap_244_o  |   9|          2|    8|         16|
    |p_ZZN4nnet22compute_pool_buffer_2dINS_5arrayI9ap_ufixedILi8ELi4EL9ap_q_mode4EL9ap_245_o  |   9|          2|    8|         16|
    |p_ZZN4nnet22compute_pool_buffer_2dINS_5arrayI9ap_ufixedILi8ELi4EL9ap_q_mode4EL9ap_246_o  |   9|          2|    8|         16|
    |void_compute_pool_buffer_2d_array_const_ap_shift_reg_n_filt_stream_kernel_1_o            |   9|          2|    8|         16|
    |void_compute_pool_buffer_2d_array_const_ap_shift_reg_n_filt_stream_kernel_o              |   9|          2|    8|         16|
    +-----------------------------------------------------------------------------------------+----+-----------+-----+-----------+
    |Total                                                                                    | 144|         32|  128|        256|
    +-----------------------------------------------------------------------------------------+----+-----------+-----+-----------+

    * Register: 
    +-----------+---+----+-----+-----------+
    |    Name   | FF| LUT| Bits| Const Bits|
    +-----------+---+----+-----+-----------+
    |ap_CS_fsm  |  1|   0|    1|          0|
    +-----------+---+----+-----+-----------+
    |Total      |  1|   0|    1|          0|
    +-----------+---+----+-----+-----------+



================================================================
== Interface
================================================================
* Summary: 
+------------------------------------------------------------------------------------------------+-----+-----+------------+---------------------------------------------------------------------------------------+--------------+
|                                            RTL Ports                                           | Dir | Bits|  Protocol  |                                     Source Object                                     |    C Type    |
+------------------------------------------------------------------------------------------------+-----+-----+------------+---------------------------------------------------------------------------------------+--------------+
|ap_clk                                                                                          |   in|    1|  ap_ctrl_hs|                        shift_line_buffer<array<ap_ufixed<8, 4, 4, 0, 0>, 8u>, config6>|  return value|
|ap_rst                                                                                          |   in|    1|  ap_ctrl_hs|                        shift_line_buffer<array<ap_ufixed<8, 4, 4, 0, 0>, 8u>, config6>|  return value|
|ap_start                                                                                        |   in|    1|  ap_ctrl_hs|                        shift_line_buffer<array<ap_ufixed<8, 4, 4, 0, 0>, 8u>, config6>|  return value|
|ap_done                                                                                         |  out|    1|  ap_ctrl_hs|                        shift_line_buffer<array<ap_ufixed<8, 4, 4, 0, 0>, 8u>, config6>|  return value|
|ap_idle                                                                                         |  out|    1|  ap_ctrl_hs|                        shift_line_buffer<array<ap_ufixed<8, 4, 4, 0, 0>, 8u>, config6>|  return value|
|ap_ready                                                                                        |  out|    1|  ap_ctrl_hs|                        shift_line_buffer<array<ap_ufixed<8, 4, 4, 0, 0>, 8u>, config6>|  return value|
|ap_ce                                                                                           |   in|    1|  ap_ctrl_hs|                        shift_line_buffer<array<ap_ufixed<8, 4, 4, 0, 0>, 8u>, config6>|  return value|
|p_read                                                                                          |   in|    8|     ap_none|                                                                                 p_read|        scalar|
|p_read1                                                                                         |   in|    8|     ap_none|                                                                                p_read1|        scalar|
|p_read2                                                                                         |   in|    8|     ap_none|                                                                                p_read2|        scalar|
|p_read3                                                                                         |   in|    8|     ap_none|                                                                                p_read3|        scalar|
|p_read4                                                                                         |   in|    8|     ap_none|                                                                                p_read4|        scalar|
|p_read5                                                                                         |   in|    8|     ap_none|                                                                                p_read5|        scalar|
|p_read6                                                                                         |   in|    8|     ap_none|                                                                                p_read6|        scalar|
|p_read7                                                                                         |   in|    8|     ap_none|                                                                                p_read7|        scalar|
|void_compute_pool_buffer_2d_array_const_ap_shift_reg_n_filt_stream_kernel_1_i                   |   in|    8|     ap_ovld|            void_compute_pool_buffer_2d_array_const_ap_shift_reg_n_filt_stream_kernel_1|       pointer|
|void_compute_pool_buffer_2d_array_const_ap_shift_reg_n_filt_stream_kernel_1_o                   |  out|    8|     ap_ovld|            void_compute_pool_buffer_2d_array_const_ap_shift_reg_n_filt_stream_kernel_1|       pointer|
|void_compute_pool_buffer_2d_array_const_ap_shift_reg_n_filt_stream_kernel_1_o_ap_vld            |  out|    1|     ap_ovld|            void_compute_pool_buffer_2d_array_const_ap_shift_reg_n_filt_stream_kernel_1|       pointer|
|void_compute_pool_buffer_2d_array_const_ap_shift_reg_n_filt_stream_kernel_9                     |  out|    8|      ap_vld|            void_compute_pool_buffer_2d_array_const_ap_shift_reg_n_filt_stream_kernel_9|       pointer|
|void_compute_pool_buffer_2d_array_const_ap_shift_reg_n_filt_stream_kernel_9_ap_vld              |  out|    1|      ap_vld|            void_compute_pool_buffer_2d_array_const_ap_shift_reg_n_filt_stream_kernel_9|       pointer|
|void_compute_pool_buffer_2d_array_const_ap_shift_reg_n_filt_stream_kernel_i                     |   in|    8|     ap_ovld|              void_compute_pool_buffer_2d_array_const_ap_shift_reg_n_filt_stream_kernel|       pointer|
|void_compute_pool_buffer_2d_array_const_ap_shift_reg_n_filt_stream_kernel_o                     |  out|    8|     ap_ovld|              void_compute_pool_buffer_2d_array_const_ap_shift_reg_n_filt_stream_kernel|       pointer|
|void_compute_pool_buffer_2d_array_const_ap_shift_reg_n_filt_stream_kernel_o_ap_vld              |  out|    1|     ap_ovld|              void_compute_pool_buffer_2d_array_const_ap_shift_reg_n_filt_stream_kernel|       pointer|
|void_compute_pool_buffer_2d_array_const_ap_shift_reg_n_filt_stream_kernel_8                     |  out|    8|      ap_vld|            void_compute_pool_buffer_2d_array_const_ap_shift_reg_n_filt_stream_kernel_8|       pointer|
|void_compute_pool_buffer_2d_array_const_ap_shift_reg_n_filt_stream_kernel_8_ap_vld              |  out|    1|      ap_vld|            void_compute_pool_buffer_2d_array_const_ap_shift_reg_n_filt_stream_kernel_8|       pointer|
|p_ZZN4nnet22compute_pool_buffer_2dINS_5arrayI9ap_ufixedILi8ELi4EL9ap_q_mode4EL9ap_225_i         |   in|    8|     ap_ovld|  p_ZZN4nnet22compute_pool_buffer_2dINS_5arrayI9ap_ufixedILi8ELi4EL9ap_q_mode4EL9ap_225|       pointer|
|p_ZZN4nnet22compute_pool_buffer_2dINS_5arrayI9ap_ufixedILi8ELi4EL9ap_q_mode4EL9ap_225_o         |  out|    8|     ap_ovld|  p_ZZN4nnet22compute_pool_buffer_2dINS_5arrayI9ap_ufixedILi8ELi4EL9ap_q_mode4EL9ap_225|       pointer|
|p_ZZN4nnet22compute_pool_buffer_2dINS_5arrayI9ap_ufixedILi8ELi4EL9ap_q_mode4EL9ap_225_o_ap_vld  |  out|    1|     ap_ovld|  p_ZZN4nnet22compute_pool_buffer_2dINS_5arrayI9ap_ufixedILi8ELi4EL9ap_q_mode4EL9ap_225|       pointer|
|void_compute_pool_buffer_2d_array_const_ap_shift_reg_n_filt_stream_kernel_7                     |  out|    8|      ap_vld|            void_compute_pool_buffer_2d_array_const_ap_shift_reg_n_filt_stream_kernel_7|       pointer|
|void_compute_pool_buffer_2d_array_const_ap_shift_reg_n_filt_stream_kernel_7_ap_vld              |  out|    1|      ap_vld|            void_compute_pool_buffer_2d_array_const_ap_shift_reg_n_filt_stream_kernel_7|       pointer|
|p_ZZN4nnet22compute_pool_buffer_2dINS_5arrayI9ap_ufixedILi8ELi4EL9ap_q_mode4EL9ap_226_i         |   in|    8|     ap_ovld|  p_ZZN4nnet22compute_pool_buffer_2dINS_5arrayI9ap_ufixedILi8ELi4EL9ap_q_mode4EL9ap_226|       pointer|
|p_ZZN4nnet22compute_pool_buffer_2dINS_5arrayI9ap_ufixedILi8ELi4EL9ap_q_mode4EL9ap_226_o         |  out|    8|     ap_ovld|  p_ZZN4nnet22compute_pool_buffer_2dINS_5arrayI9ap_ufixedILi8ELi4EL9ap_q_mode4EL9ap_226|       pointer|
|p_ZZN4nnet22compute_pool_buffer_2dINS_5arrayI9ap_ufixedILi8ELi4EL9ap_q_mode4EL9ap_226_o_ap_vld  |  out|    1|     ap_ovld|  p_ZZN4nnet22compute_pool_buffer_2dINS_5arrayI9ap_ufixedILi8ELi4EL9ap_q_mode4EL9ap_226|       pointer|
|void_compute_pool_buffer_2d_array_const_ap_shift_reg_n_filt_stream_kernel_6                     |  out|    8|      ap_vld|            void_compute_pool_buffer_2d_array_const_ap_shift_reg_n_filt_stream_kernel_6|       pointer|
|void_compute_pool_buffer_2d_array_const_ap_shift_reg_n_filt_stream_kernel_6_ap_vld              |  out|    1|      ap_vld|            void_compute_pool_buffer_2d_array_const_ap_shift_reg_n_filt_stream_kernel_6|       pointer|
|p_ZZN4nnet22compute_pool_buffer_2dINS_5arrayI9ap_ufixedILi8ELi4EL9ap_q_mode4EL9ap_227_i         |   in|    8|     ap_ovld|  p_ZZN4nnet22compute_pool_buffer_2dINS_5arrayI9ap_ufixedILi8ELi4EL9ap_q_mode4EL9ap_227|       pointer|
|p_ZZN4nnet22compute_pool_buffer_2dINS_5arrayI9ap_ufixedILi8ELi4EL9ap_q_mode4EL9ap_227_o         |  out|    8|     ap_ovld|  p_ZZN4nnet22compute_pool_buffer_2dINS_5arrayI9ap_ufixedILi8ELi4EL9ap_q_mode4EL9ap_227|       pointer|
|p_ZZN4nnet22compute_pool_buffer_2dINS_5arrayI9ap_ufixedILi8ELi4EL9ap_q_mode4EL9ap_227_o_ap_vld  |  out|    1|     ap_ovld|  p_ZZN4nnet22compute_pool_buffer_2dINS_5arrayI9ap_ufixedILi8ELi4EL9ap_q_mode4EL9ap_227|       pointer|
|void_compute_pool_buffer_2d_array_const_ap_shift_reg_n_filt_stream_kernel_5                     |  out|    8|      ap_vld|            void_compute_pool_buffer_2d_array_const_ap_shift_reg_n_filt_stream_kernel_5|       pointer|
|void_compute_pool_buffer_2d_array_const_ap_shift_reg_n_filt_stream_kernel_5_ap_vld              |  out|    1|      ap_vld|            void_compute_pool_buffer_2d_array_const_ap_shift_reg_n_filt_stream_kernel_5|       pointer|
|p_ZZN4nnet22compute_pool_buffer_2dINS_5arrayI9ap_ufixedILi8ELi4EL9ap_q_mode4EL9ap_228_i         |   in|    8|     ap_ovld|  p_ZZN4nnet22compute_pool_buffer_2dINS_5arrayI9ap_ufixedILi8ELi4EL9ap_q_mode4EL9ap_228|       pointer|
|p_ZZN4nnet22compute_pool_buffer_2dINS_5arrayI9ap_ufixedILi8ELi4EL9ap_q_mode4EL9ap_228_o         |  out|    8|     ap_ovld|  p_ZZN4nnet22compute_pool_buffer_2dINS_5arrayI9ap_ufixedILi8ELi4EL9ap_q_mode4EL9ap_228|       pointer|
|p_ZZN4nnet22compute_pool_buffer_2dINS_5arrayI9ap_ufixedILi8ELi4EL9ap_q_mode4EL9ap_228_o_ap_vld  |  out|    1|     ap_ovld|  p_ZZN4nnet22compute_pool_buffer_2dINS_5arrayI9ap_ufixedILi8ELi4EL9ap_q_mode4EL9ap_228|       pointer|
|void_compute_pool_buffer_2d_array_const_ap_shift_reg_n_filt_stream_kernel_4                     |  out|    8|      ap_vld|            void_compute_pool_buffer_2d_array_const_ap_shift_reg_n_filt_stream_kernel_4|       pointer|
|void_compute_pool_buffer_2d_array_const_ap_shift_reg_n_filt_stream_kernel_4_ap_vld              |  out|    1|      ap_vld|            void_compute_pool_buffer_2d_array_const_ap_shift_reg_n_filt_stream_kernel_4|       pointer|
|p_ZZN4nnet22compute_pool_buffer_2dINS_5arrayI9ap_ufixedILi8ELi4EL9ap_q_mode4EL9ap_229_i         |   in|    8|     ap_ovld|  p_ZZN4nnet22compute_pool_buffer_2dINS_5arrayI9ap_ufixedILi8ELi4EL9ap_q_mode4EL9ap_229|       pointer|
|p_ZZN4nnet22compute_pool_buffer_2dINS_5arrayI9ap_ufixedILi8ELi4EL9ap_q_mode4EL9ap_229_o         |  out|    8|     ap_ovld|  p_ZZN4nnet22compute_pool_buffer_2dINS_5arrayI9ap_ufixedILi8ELi4EL9ap_q_mode4EL9ap_229|       pointer|
|p_ZZN4nnet22compute_pool_buffer_2dINS_5arrayI9ap_ufixedILi8ELi4EL9ap_q_mode4EL9ap_229_o_ap_vld  |  out|    1|     ap_ovld|  p_ZZN4nnet22compute_pool_buffer_2dINS_5arrayI9ap_ufixedILi8ELi4EL9ap_q_mode4EL9ap_229|       pointer|
|void_compute_pool_buffer_2d_array_const_ap_shift_reg_n_filt_stream_kernel_3                     |  out|    8|      ap_vld|            void_compute_pool_buffer_2d_array_const_ap_shift_reg_n_filt_stream_kernel_3|       pointer|
|void_compute_pool_buffer_2d_array_const_ap_shift_reg_n_filt_stream_kernel_3_ap_vld              |  out|    1|      ap_vld|            void_compute_pool_buffer_2d_array_const_ap_shift_reg_n_filt_stream_kernel_3|       pointer|
|p_ZZN4nnet22compute_pool_buffer_2dINS_5arrayI9ap_ufixedILi8ELi4EL9ap_q_mode4EL9ap_230_i         |   in|    8|     ap_ovld|  p_ZZN4nnet22compute_pool_buffer_2dINS_5arrayI9ap_ufixedILi8ELi4EL9ap_q_mode4EL9ap_230|       pointer|
|p_ZZN4nnet22compute_pool_buffer_2dINS_5arrayI9ap_ufixedILi8ELi4EL9ap_q_mode4EL9ap_230_o         |  out|    8|     ap_ovld|  p_ZZN4nnet22compute_pool_buffer_2dINS_5arrayI9ap_ufixedILi8ELi4EL9ap_q_mode4EL9ap_230|       pointer|
|p_ZZN4nnet22compute_pool_buffer_2dINS_5arrayI9ap_ufixedILi8ELi4EL9ap_q_mode4EL9ap_230_o_ap_vld  |  out|    1|     ap_ovld|  p_ZZN4nnet22compute_pool_buffer_2dINS_5arrayI9ap_ufixedILi8ELi4EL9ap_q_mode4EL9ap_230|       pointer|
|void_compute_pool_buffer_2d_array_const_ap_shift_reg_n_filt_stream_kernel_2                     |  out|    8|      ap_vld|            void_compute_pool_buffer_2d_array_const_ap_shift_reg_n_filt_stream_kernel_2|       pointer|
|void_compute_pool_buffer_2d_array_const_ap_shift_reg_n_filt_stream_kernel_2_ap_vld              |  out|    1|      ap_vld|            void_compute_pool_buffer_2d_array_const_ap_shift_reg_n_filt_stream_kernel_2|       pointer|
|p_ZZN4nnet22compute_pool_buffer_2dINS_5arrayI9ap_ufixedILi8ELi4EL9ap_q_mode4EL9ap_239_i         |   in|    8|     ap_ovld|  p_ZZN4nnet22compute_pool_buffer_2dINS_5arrayI9ap_ufixedILi8ELi4EL9ap_q_mode4EL9ap_239|       pointer|
|p_ZZN4nnet22compute_pool_buffer_2dINS_5arrayI9ap_ufixedILi8ELi4EL9ap_q_mode4EL9ap_239_o         |  out|    8|     ap_ovld|  p_ZZN4nnet22compute_pool_buffer_2dINS_5arrayI9ap_ufixedILi8ELi4EL9ap_q_mode4EL9ap_239|       pointer|
|p_ZZN4nnet22compute_pool_buffer_2dINS_5arrayI9ap_ufixedILi8ELi4EL9ap_q_mode4EL9ap_239_o_ap_vld  |  out|    1|     ap_ovld|  p_ZZN4nnet22compute_pool_buffer_2dINS_5arrayI9ap_ufixedILi8ELi4EL9ap_q_mode4EL9ap_239|       pointer|
|p_ZZN4nnet22compute_pool_buffer_2dINS_5arrayI9ap_ufixedILi8ELi4EL9ap_q_mode4EL9ap_231           |  out|    8|      ap_vld|  p_ZZN4nnet22compute_pool_buffer_2dINS_5arrayI9ap_ufixedILi8ELi4EL9ap_q_mode4EL9ap_231|       pointer|
|p_ZZN4nnet22compute_pool_buffer_2dINS_5arrayI9ap_ufixedILi8ELi4EL9ap_q_mode4EL9ap_231_ap_vld    |  out|    1|      ap_vld|  p_ZZN4nnet22compute_pool_buffer_2dINS_5arrayI9ap_ufixedILi8ELi4EL9ap_q_mode4EL9ap_231|       pointer|
|p_ZZN4nnet22compute_pool_buffer_2dINS_5arrayI9ap_ufixedILi8ELi4EL9ap_q_mode4EL9ap_240_i         |   in|    8|     ap_ovld|  p_ZZN4nnet22compute_pool_buffer_2dINS_5arrayI9ap_ufixedILi8ELi4EL9ap_q_mode4EL9ap_240|       pointer|
|p_ZZN4nnet22compute_pool_buffer_2dINS_5arrayI9ap_ufixedILi8ELi4EL9ap_q_mode4EL9ap_240_o         |  out|    8|     ap_ovld|  p_ZZN4nnet22compute_pool_buffer_2dINS_5arrayI9ap_ufixedILi8ELi4EL9ap_q_mode4EL9ap_240|       pointer|
|p_ZZN4nnet22compute_pool_buffer_2dINS_5arrayI9ap_ufixedILi8ELi4EL9ap_q_mode4EL9ap_240_o_ap_vld  |  out|    1|     ap_ovld|  p_ZZN4nnet22compute_pool_buffer_2dINS_5arrayI9ap_ufixedILi8ELi4EL9ap_q_mode4EL9ap_240|       pointer|
|p_ZZN4nnet22compute_pool_buffer_2dINS_5arrayI9ap_ufixedILi8ELi4EL9ap_q_mode4EL9ap_232           |  out|    8|      ap_vld|  p_ZZN4nnet22compute_pool_buffer_2dINS_5arrayI9ap_ufixedILi8ELi4EL9ap_q_mode4EL9ap_232|       pointer|
|p_ZZN4nnet22compute_pool_buffer_2dINS_5arrayI9ap_ufixedILi8ELi4EL9ap_q_mode4EL9ap_232_ap_vld    |  out|    1|      ap_vld|  p_ZZN4nnet22compute_pool_buffer_2dINS_5arrayI9ap_ufixedILi8ELi4EL9ap_q_mode4EL9ap_232|       pointer|
|p_ZZN4nnet22compute_pool_buffer_2dINS_5arrayI9ap_ufixedILi8ELi4EL9ap_q_mode4EL9ap_241_i         |   in|    8|     ap_ovld|  p_ZZN4nnet22compute_pool_buffer_2dINS_5arrayI9ap_ufixedILi8ELi4EL9ap_q_mode4EL9ap_241|       pointer|
|p_ZZN4nnet22compute_pool_buffer_2dINS_5arrayI9ap_ufixedILi8ELi4EL9ap_q_mode4EL9ap_241_o         |  out|    8|     ap_ovld|  p_ZZN4nnet22compute_pool_buffer_2dINS_5arrayI9ap_ufixedILi8ELi4EL9ap_q_mode4EL9ap_241|       pointer|
|p_ZZN4nnet22compute_pool_buffer_2dINS_5arrayI9ap_ufixedILi8ELi4EL9ap_q_mode4EL9ap_241_o_ap_vld  |  out|    1|     ap_ovld|  p_ZZN4nnet22compute_pool_buffer_2dINS_5arrayI9ap_ufixedILi8ELi4EL9ap_q_mode4EL9ap_241|       pointer|
|p_ZZN4nnet22compute_pool_buffer_2dINS_5arrayI9ap_ufixedILi8ELi4EL9ap_q_mode4EL9ap_233           |  out|    8|      ap_vld|  p_ZZN4nnet22compute_pool_buffer_2dINS_5arrayI9ap_ufixedILi8ELi4EL9ap_q_mode4EL9ap_233|       pointer|
|p_ZZN4nnet22compute_pool_buffer_2dINS_5arrayI9ap_ufixedILi8ELi4EL9ap_q_mode4EL9ap_233_ap_vld    |  out|    1|      ap_vld|  p_ZZN4nnet22compute_pool_buffer_2dINS_5arrayI9ap_ufixedILi8ELi4EL9ap_q_mode4EL9ap_233|       pointer|
|p_ZZN4nnet22compute_pool_buffer_2dINS_5arrayI9ap_ufixedILi8ELi4EL9ap_q_mode4EL9ap_242_i         |   in|    8|     ap_ovld|  p_ZZN4nnet22compute_pool_buffer_2dINS_5arrayI9ap_ufixedILi8ELi4EL9ap_q_mode4EL9ap_242|       pointer|
|p_ZZN4nnet22compute_pool_buffer_2dINS_5arrayI9ap_ufixedILi8ELi4EL9ap_q_mode4EL9ap_242_o         |  out|    8|     ap_ovld|  p_ZZN4nnet22compute_pool_buffer_2dINS_5arrayI9ap_ufixedILi8ELi4EL9ap_q_mode4EL9ap_242|       pointer|
|p_ZZN4nnet22compute_pool_buffer_2dINS_5arrayI9ap_ufixedILi8ELi4EL9ap_q_mode4EL9ap_242_o_ap_vld  |  out|    1|     ap_ovld|  p_ZZN4nnet22compute_pool_buffer_2dINS_5arrayI9ap_ufixedILi8ELi4EL9ap_q_mode4EL9ap_242|       pointer|
|p_ZZN4nnet22compute_pool_buffer_2dINS_5arrayI9ap_ufixedILi8ELi4EL9ap_q_mode4EL9ap_234           |  out|    8|      ap_vld|  p_ZZN4nnet22compute_pool_buffer_2dINS_5arrayI9ap_ufixedILi8ELi4EL9ap_q_mode4EL9ap_234|       pointer|
|p_ZZN4nnet22compute_pool_buffer_2dINS_5arrayI9ap_ufixedILi8ELi4EL9ap_q_mode4EL9ap_234_ap_vld    |  out|    1|      ap_vld|  p_ZZN4nnet22compute_pool_buffer_2dINS_5arrayI9ap_ufixedILi8ELi4EL9ap_q_mode4EL9ap_234|       pointer|
|p_ZZN4nnet22compute_pool_buffer_2dINS_5arrayI9ap_ufixedILi8ELi4EL9ap_q_mode4EL9ap_243_i         |   in|    8|     ap_ovld|  p_ZZN4nnet22compute_pool_buffer_2dINS_5arrayI9ap_ufixedILi8ELi4EL9ap_q_mode4EL9ap_243|       pointer|
|p_ZZN4nnet22compute_pool_buffer_2dINS_5arrayI9ap_ufixedILi8ELi4EL9ap_q_mode4EL9ap_243_o         |  out|    8|     ap_ovld|  p_ZZN4nnet22compute_pool_buffer_2dINS_5arrayI9ap_ufixedILi8ELi4EL9ap_q_mode4EL9ap_243|       pointer|
|p_ZZN4nnet22compute_pool_buffer_2dINS_5arrayI9ap_ufixedILi8ELi4EL9ap_q_mode4EL9ap_243_o_ap_vld  |  out|    1|     ap_ovld|  p_ZZN4nnet22compute_pool_buffer_2dINS_5arrayI9ap_ufixedILi8ELi4EL9ap_q_mode4EL9ap_243|       pointer|
|p_ZZN4nnet22compute_pool_buffer_2dINS_5arrayI9ap_ufixedILi8ELi4EL9ap_q_mode4EL9ap_235           |  out|    8|      ap_vld|  p_ZZN4nnet22compute_pool_buffer_2dINS_5arrayI9ap_ufixedILi8ELi4EL9ap_q_mode4EL9ap_235|       pointer|
|p_ZZN4nnet22compute_pool_buffer_2dINS_5arrayI9ap_ufixedILi8ELi4EL9ap_q_mode4EL9ap_235_ap_vld    |  out|    1|      ap_vld|  p_ZZN4nnet22compute_pool_buffer_2dINS_5arrayI9ap_ufixedILi8ELi4EL9ap_q_mode4EL9ap_235|       pointer|
|p_ZZN4nnet22compute_pool_buffer_2dINS_5arrayI9ap_ufixedILi8ELi4EL9ap_q_mode4EL9ap_244_i         |   in|    8|     ap_ovld|  p_ZZN4nnet22compute_pool_buffer_2dINS_5arrayI9ap_ufixedILi8ELi4EL9ap_q_mode4EL9ap_244|       pointer|
|p_ZZN4nnet22compute_pool_buffer_2dINS_5arrayI9ap_ufixedILi8ELi4EL9ap_q_mode4EL9ap_244_o         |  out|    8|     ap_ovld|  p_ZZN4nnet22compute_pool_buffer_2dINS_5arrayI9ap_ufixedILi8ELi4EL9ap_q_mode4EL9ap_244|       pointer|
|p_ZZN4nnet22compute_pool_buffer_2dINS_5arrayI9ap_ufixedILi8ELi4EL9ap_q_mode4EL9ap_244_o_ap_vld  |  out|    1|     ap_ovld|  p_ZZN4nnet22compute_pool_buffer_2dINS_5arrayI9ap_ufixedILi8ELi4EL9ap_q_mode4EL9ap_244|       pointer|
|p_ZZN4nnet22compute_pool_buffer_2dINS_5arrayI9ap_ufixedILi8ELi4EL9ap_q_mode4EL9ap_236           |  out|    8|      ap_vld|  p_ZZN4nnet22compute_pool_buffer_2dINS_5arrayI9ap_ufixedILi8ELi4EL9ap_q_mode4EL9ap_236|       pointer|
|p_ZZN4nnet22compute_pool_buffer_2dINS_5arrayI9ap_ufixedILi8ELi4EL9ap_q_mode4EL9ap_236_ap_vld    |  out|    1|      ap_vld|  p_ZZN4nnet22compute_pool_buffer_2dINS_5arrayI9ap_ufixedILi8ELi4EL9ap_q_mode4EL9ap_236|       pointer|
|p_ZZN4nnet22compute_pool_buffer_2dINS_5arrayI9ap_ufixedILi8ELi4EL9ap_q_mode4EL9ap_245_i         |   in|    8|     ap_ovld|  p_ZZN4nnet22compute_pool_buffer_2dINS_5arrayI9ap_ufixedILi8ELi4EL9ap_q_mode4EL9ap_245|       pointer|
|p_ZZN4nnet22compute_pool_buffer_2dINS_5arrayI9ap_ufixedILi8ELi4EL9ap_q_mode4EL9ap_245_o         |  out|    8|     ap_ovld|  p_ZZN4nnet22compute_pool_buffer_2dINS_5arrayI9ap_ufixedILi8ELi4EL9ap_q_mode4EL9ap_245|       pointer|
|p_ZZN4nnet22compute_pool_buffer_2dINS_5arrayI9ap_ufixedILi8ELi4EL9ap_q_mode4EL9ap_245_o_ap_vld  |  out|    1|     ap_ovld|  p_ZZN4nnet22compute_pool_buffer_2dINS_5arrayI9ap_ufixedILi8ELi4EL9ap_q_mode4EL9ap_245|       pointer|
|p_ZZN4nnet22compute_pool_buffer_2dINS_5arrayI9ap_ufixedILi8ELi4EL9ap_q_mode4EL9ap_237           |  out|    8|      ap_vld|  p_ZZN4nnet22compute_pool_buffer_2dINS_5arrayI9ap_ufixedILi8ELi4EL9ap_q_mode4EL9ap_237|       pointer|
|p_ZZN4nnet22compute_pool_buffer_2dINS_5arrayI9ap_ufixedILi8ELi4EL9ap_q_mode4EL9ap_237_ap_vld    |  out|    1|      ap_vld|  p_ZZN4nnet22compute_pool_buffer_2dINS_5arrayI9ap_ufixedILi8ELi4EL9ap_q_mode4EL9ap_237|       pointer|
|p_ZZN4nnet22compute_pool_buffer_2dINS_5arrayI9ap_ufixedILi8ELi4EL9ap_q_mode4EL9ap_246_i         |   in|    8|     ap_ovld|  p_ZZN4nnet22compute_pool_buffer_2dINS_5arrayI9ap_ufixedILi8ELi4EL9ap_q_mode4EL9ap_246|       pointer|
|p_ZZN4nnet22compute_pool_buffer_2dINS_5arrayI9ap_ufixedILi8ELi4EL9ap_q_mode4EL9ap_246_o         |  out|    8|     ap_ovld|  p_ZZN4nnet22compute_pool_buffer_2dINS_5arrayI9ap_ufixedILi8ELi4EL9ap_q_mode4EL9ap_246|       pointer|
|p_ZZN4nnet22compute_pool_buffer_2dINS_5arrayI9ap_ufixedILi8ELi4EL9ap_q_mode4EL9ap_246_o_ap_vld  |  out|    1|     ap_ovld|  p_ZZN4nnet22compute_pool_buffer_2dINS_5arrayI9ap_ufixedILi8ELi4EL9ap_q_mode4EL9ap_246|       pointer|
|p_ZZN4nnet22compute_pool_buffer_2dINS_5arrayI9ap_ufixedILi8ELi4EL9ap_q_mode4EL9ap_238           |  out|    8|      ap_vld|  p_ZZN4nnet22compute_pool_buffer_2dINS_5arrayI9ap_ufixedILi8ELi4EL9ap_q_mode4EL9ap_238|       pointer|
|p_ZZN4nnet22compute_pool_buffer_2dINS_5arrayI9ap_ufixedILi8ELi4EL9ap_q_mode4EL9ap_238_ap_vld    |  out|    1|      ap_vld|  p_ZZN4nnet22compute_pool_buffer_2dINS_5arrayI9ap_ufixedILi8ELi4EL9ap_q_mode4EL9ap_238|       pointer|
+------------------------------------------------------------------------------------------------+-----+-----+------------+---------------------------------------------------------------------------------------+--------------+

