#-----------------------------------------------------------
# Vivado v2023.2 (64-bit)
# SW Build 4029153 on Fri Oct 13 20:13:54 MDT 2023
# IP Build 4028589 on Sat Oct 14 00:45:43 MDT 2023
# SharedData Build 4025554 on Tue Oct 10 17:18:54 MDT 2023
# Start of session at: Mon Mar 30 22:18:29 2026
# Process ID: 7542
# Current directory: /home/chejimenez/GitHub/NBFM_SpeakerRecognition_FPGA_Accelerator/bitfiles/float32/vivado_float32/vivado_float32.runs/design_1_myproject_axi_0_0_synth_1
# Command line: vivado -log design_1_myproject_axi_0_0.vds -product Vivado -mode batch -messageDb vivado.pb -notrace -source design_1_myproject_axi_0_0.tcl
# Log file: /home/chejimenez/GitHub/NBFM_SpeakerRecognition_FPGA_Accelerator/bitfiles/float32/vivado_float32/vivado_float32.runs/design_1_myproject_axi_0_0_synth_1/design_1_myproject_axi_0_0.vds
# Journal file: /home/chejimenez/GitHub/NBFM_SpeakerRecognition_FPGA_Accelerator/bitfiles/float32/vivado_float32/vivado_float32.runs/design_1_myproject_axi_0_0_synth_1/vivado.jou
# Running On: chejimenez-Z170XP-SLI, OS: Linux, CPU Frequency: 3698.628 MHz, CPU Physical cores: 4, Host memory: 8273 MB
#-----------------------------------------------------------
source design_1_myproject_axi_0_0.tcl -notrace
