

================================================================
== Vitis HLS Report for 'relu_array_ap_fixed_16u_array_ap_ufixed_8_4_4_0_0_16u_relu_config15_s'
================================================================
* Date:           Sat Mar 21 19:23:57 2026

* Version:        2023.2 (Build 4023990 on Oct 11 2023)
* Project:        myproject_prj
* Solution:       solution1 (Vivado IP Flow Target)
* Product family: zynquplus
* Target device:  xck26-sfvc784-2LV-c


================================================================
== Performance Estimates
================================================================
+ Timing: 
    * Summary: 
    +--------+---------+----------+------------+
    |  Clock |  Target | Estimated| Uncertainty|
    +--------+---------+----------+------------+
    |ap_clk  |  5.00 ns|  3.447 ns|     1.35 ns|
    +--------+---------+----------+------------+

+ Latency: 
    * Summary: 
    +---------+---------+----------+----------+-----+-----+---------+
    |  Latency (cycles) |  Latency (absolute) |  Interval | Pipeline|
    |   min   |   max   |    min   |    max   | min | max |   Type  |
    +---------+---------+----------+----------+-----+-----+---------+
    |       73|       73|  0.365 us|  0.365 us|   73|   73|       no|
    +---------+---------+----------+----------+-----+-----+---------+

    + Detail: 
        * Instance: 
        N/A

        * Loop: 
        +---------------+---------+---------+----------+-----------+-----------+------+----------+
        |               |  Latency (cycles) | Iteration|  Initiation Interval  | Trip |          |
        |   Loop Name   |   min   |   max   |  Latency |  achieved |   target  | Count| Pipelined|
        +---------------+---------+---------+----------+-----------+-----------+------+----------+
        |- ReLUActLoop  |       71|       71|         3|          1|          1|    70|       yes|
        +---------------+---------+---------+----------+-----------+-----------+------+----------+



================================================================
== Utilization Estimates
================================================================
* Summary: 
+-----------------+---------+------+--------+--------+-----+
|       Name      | BRAM_18K|  DSP |   FF   |   LUT  | URAM|
+-----------------+---------+------+--------+--------+-----+
|DSP              |        -|     -|       -|       -|    -|
|Expression       |        -|     -|       0|    3266|    -|
|FIFO             |        -|     -|       -|       -|    -|
|Instance         |        -|     -|       -|       -|    -|
|Memory           |        -|     -|       -|       -|    -|
|Multiplexer      |        -|     -|       -|      63|    -|
|Register         |        -|     -|     205|       -|    -|
+-----------------+---------+------+--------+--------+-----+
|Total            |        0|     0|     205|    3329|    0|
+-----------------+---------+------+--------+--------+-----+
|Available        |      288|  1248|  234240|  117120|   64|
+-----------------+---------+------+--------+--------+-----+
|Utilization (%)  |        0|     0|      ~0|       2|    0|
+-----------------+---------+------+--------+--------+-----+

+ Detail: 
    * Instance: 
    N/A

    * DSP: 
    N/A

    * Memory: 
    N/A

    * FIFO: 
    N/A

    * Expression: 
    +----------------------------+----------+----+---+----+------------+------------+
    |        Variable Name       | Operation| DSP| FF| LUT| Bitwidth P0| Bitwidth P1|
    +----------------------------+----------+----+---+----+------------+------------+
    |add_ln52_10_fu_1024_p2      |         +|   0|  0|  15|           8|           8|
    |add_ln52_11_fu_1180_p2      |         +|   0|  0|  15|           8|           8|
    |add_ln52_12_fu_1336_p2      |         +|   0|  0|  15|           8|           8|
    |add_ln52_13_fu_1492_p2      |         +|   0|  0|  15|           8|           8|
    |add_ln52_14_fu_1648_p2      |         +|   0|  0|  15|           8|           8|
    |add_ln52_15_fu_1804_p2      |         +|   0|  0|  15|           8|           8|
    |add_ln52_16_fu_1960_p2      |         +|   0|  0|  15|           8|           8|
    |add_ln52_17_fu_2116_p2      |         +|   0|  0|  15|           8|           8|
    |add_ln52_18_fu_2272_p2      |         +|   0|  0|  15|           8|           8|
    |add_ln52_19_fu_2428_p2      |         +|   0|  0|  15|           8|           8|
    |add_ln52_20_fu_2584_p2      |         +|   0|  0|  15|           8|           8|
    |add_ln52_21_fu_2740_p2      |         +|   0|  0|  15|           8|           8|
    |add_ln52_22_fu_2896_p2      |         +|   0|  0|  15|           8|           8|
    |add_ln52_8_fu_712_p2        |         +|   0|  0|  15|           8|           8|
    |add_ln52_9_fu_868_p2        |         +|   0|  0|  15|           8|           8|
    |add_ln52_fu_556_p2          |         +|   0|  0|  15|           8|           8|
    |i_6_fu_317_p2               |         +|   0|  0|  14|           7|           1|
    |and_ln52_16_fu_626_p2       |       and|   0|  0|   2|           1|           1|
    |and_ln52_17_fu_702_p2       |       and|   0|  0|   2|           1|           1|
    |and_ln52_18_fu_782_p2       |       and|   0|  0|   2|           1|           1|
    |and_ln52_19_fu_858_p2       |       and|   0|  0|   2|           1|           1|
    |and_ln52_20_fu_938_p2       |       and|   0|  0|   2|           1|           1|
    |and_ln52_21_fu_1014_p2      |       and|   0|  0|   2|           1|           1|
    |and_ln52_22_fu_1094_p2      |       and|   0|  0|   2|           1|           1|
    |and_ln52_23_fu_1170_p2      |       and|   0|  0|   2|           1|           1|
    |and_ln52_24_fu_1250_p2      |       and|   0|  0|   2|           1|           1|
    |and_ln52_25_fu_1326_p2      |       and|   0|  0|   2|           1|           1|
    |and_ln52_26_fu_1406_p2      |       and|   0|  0|   2|           1|           1|
    |and_ln52_27_fu_1482_p2      |       and|   0|  0|   2|           1|           1|
    |and_ln52_28_fu_1562_p2      |       and|   0|  0|   2|           1|           1|
    |and_ln52_29_fu_1638_p2      |       and|   0|  0|   2|           1|           1|
    |and_ln52_30_fu_1718_p2      |       and|   0|  0|   2|           1|           1|
    |and_ln52_31_fu_1794_p2      |       and|   0|  0|   2|           1|           1|
    |and_ln52_32_fu_1874_p2      |       and|   0|  0|   2|           1|           1|
    |and_ln52_33_fu_1950_p2      |       and|   0|  0|   2|           1|           1|
    |and_ln52_34_fu_2030_p2      |       and|   0|  0|   2|           1|           1|
    |and_ln52_35_fu_2106_p2      |       and|   0|  0|   2|           1|           1|
    |and_ln52_36_fu_2186_p2      |       and|   0|  0|   2|           1|           1|
    |and_ln52_37_fu_2262_p2      |       and|   0|  0|   2|           1|           1|
    |and_ln52_38_fu_2342_p2      |       and|   0|  0|   2|           1|           1|
    |and_ln52_39_fu_2418_p2      |       and|   0|  0|   2|           1|           1|
    |and_ln52_40_fu_2498_p2      |       and|   0|  0|   2|           1|           1|
    |and_ln52_41_fu_2574_p2      |       and|   0|  0|   2|           1|           1|
    |and_ln52_42_fu_2654_p2      |       and|   0|  0|   2|           1|           1|
    |and_ln52_43_fu_2730_p2      |       and|   0|  0|   2|           1|           1|
    |and_ln52_44_fu_2810_p2      |       and|   0|  0|   2|           1|           1|
    |and_ln52_45_fu_2886_p2      |       and|   0|  0|   2|           1|           1|
    |and_ln52_46_fu_2966_p2      |       and|   0|  0|   2|           1|           1|
    |and_ln52_47_fu_620_p2       |       and|   0|  0|   2|           1|           1|
    |and_ln52_48_fu_2996_p2      |       and|   0|  0|   2|           1|           1|
    |and_ln52_49_fu_776_p2       |       and|   0|  0|   2|           1|           1|
    |and_ln52_50_fu_3058_p2      |       and|   0|  0|   2|           1|           1|
    |and_ln52_51_fu_932_p2       |       and|   0|  0|   2|           1|           1|
    |and_ln52_52_fu_3120_p2      |       and|   0|  0|   2|           1|           1|
    |and_ln52_53_fu_1088_p2      |       and|   0|  0|   2|           1|           1|
    |and_ln52_54_fu_3182_p2      |       and|   0|  0|   2|           1|           1|
    |and_ln52_55_fu_1244_p2      |       and|   0|  0|   2|           1|           1|
    |and_ln52_56_fu_3244_p2      |       and|   0|  0|   2|           1|           1|
    |and_ln52_57_fu_1400_p2      |       and|   0|  0|   2|           1|           1|
    |and_ln52_58_fu_3306_p2      |       and|   0|  0|   2|           1|           1|
    |and_ln52_59_fu_1556_p2      |       and|   0|  0|   2|           1|           1|
    |and_ln52_60_fu_3368_p2      |       and|   0|  0|   2|           1|           1|
    |and_ln52_61_fu_1712_p2      |       and|   0|  0|   2|           1|           1|
    |and_ln52_62_fu_3430_p2      |       and|   0|  0|   2|           1|           1|
    |and_ln52_63_fu_1868_p2      |       and|   0|  0|   2|           1|           1|
    |and_ln52_64_fu_3492_p2      |       and|   0|  0|   2|           1|           1|
    |and_ln52_65_fu_2024_p2      |       and|   0|  0|   2|           1|           1|
    |and_ln52_66_fu_3554_p2      |       and|   0|  0|   2|           1|           1|
    |and_ln52_67_fu_2180_p2      |       and|   0|  0|   2|           1|           1|
    |and_ln52_68_fu_3616_p2      |       and|   0|  0|   2|           1|           1|
    |and_ln52_69_fu_2336_p2      |       and|   0|  0|   2|           1|           1|
    |and_ln52_70_fu_3678_p2      |       and|   0|  0|   2|           1|           1|
    |and_ln52_71_fu_2492_p2      |       and|   0|  0|   2|           1|           1|
    |and_ln52_72_fu_3740_p2      |       and|   0|  0|   2|           1|           1|
    |and_ln52_73_fu_2648_p2      |       and|   0|  0|   2|           1|           1|
    |and_ln52_74_fu_3802_p2      |       and|   0|  0|   2|           1|           1|
    |and_ln52_75_fu_2804_p2      |       and|   0|  0|   2|           1|           1|
    |and_ln52_76_fu_3864_p2      |       and|   0|  0|   2|           1|           1|
    |and_ln52_77_fu_2960_p2      |       and|   0|  0|   2|           1|           1|
    |and_ln52_78_fu_3926_p2      |       and|   0|  0|   2|           1|           1|
    |and_ln52_fu_546_p2          |       and|   0|  0|   2|           1|           1|
    |ap_condition_273            |       and|   0|  0|   2|           1|           1|
    |icmp_ln41_fu_311_p2         |      icmp|   0|  0|  14|           7|           7|
    |icmp_ln51_10_fu_944_p2      |      icmp|   0|  0|  49|          42|           1|
    |icmp_ln51_11_fu_1100_p2     |      icmp|   0|  0|  49|          42|           1|
    |icmp_ln51_12_fu_1256_p2     |      icmp|   0|  0|  49|          42|           1|
    |icmp_ln51_13_fu_1412_p2     |      icmp|   0|  0|  49|          42|           1|
    |icmp_ln51_14_fu_1568_p2     |      icmp|   0|  0|  49|          42|           1|
    |icmp_ln51_15_fu_1724_p2     |      icmp|   0|  0|  49|          42|           1|
    |icmp_ln51_16_fu_1880_p2     |      icmp|   0|  0|  49|          42|           1|
    |icmp_ln51_17_fu_2036_p2     |      icmp|   0|  0|  49|          42|           1|
    |icmp_ln51_18_fu_2192_p2     |      icmp|   0|  0|  49|          42|           1|
    |icmp_ln51_19_fu_2348_p2     |      icmp|   0|  0|  49|          42|           1|
    |icmp_ln51_20_fu_2504_p2     |      icmp|   0|  0|  49|          42|           1|
    |icmp_ln51_21_fu_2660_p2     |      icmp|   0|  0|  49|          42|           1|
    |icmp_ln51_22_fu_2816_p2     |      icmp|   0|  0|  49|          42|           1|
    |icmp_ln51_8_fu_632_p2       |      icmp|   0|  0|  49|          42|           1|
    |icmp_ln51_9_fu_788_p2       |      icmp|   0|  0|  49|          42|           1|
    |icmp_ln51_fu_482_p2         |      icmp|   0|  0|  49|          42|           1|
    |icmp_ln52_101_fu_1508_p2    |      icmp|   0|  0|  28|          21|           2|
    |icmp_ln52_102_fu_1514_p2    |      icmp|   0|  0|  28|          21|           1|
    |icmp_ln52_106_fu_1618_p2    |      icmp|   0|  0|  19|          12|           1|
    |icmp_ln52_108_fu_1664_p2    |      icmp|   0|  0|  28|          21|           2|
    |icmp_ln52_109_fu_1670_p2    |      icmp|   0|  0|  28|          21|           1|
    |icmp_ln52_113_fu_1774_p2    |      icmp|   0|  0|  19|          12|           1|
    |icmp_ln52_115_fu_1820_p2    |      icmp|   0|  0|  28|          21|           2|
    |icmp_ln52_116_fu_1826_p2    |      icmp|   0|  0|  28|          21|           1|
    |icmp_ln52_119_fu_1976_p2    |      icmp|   0|  0|  28|          21|           2|
    |icmp_ln52_120_fu_1982_p2    |      icmp|   0|  0|  28|          21|           1|
    |icmp_ln52_121_fu_2086_p2    |      icmp|   0|  0|  19|          12|           1|
    |icmp_ln52_122_fu_2132_p2    |      icmp|   0|  0|  28|          21|           2|
    |icmp_ln52_123_fu_2138_p2    |      icmp|   0|  0|  28|          21|           1|
    |icmp_ln52_124_fu_2242_p2    |      icmp|   0|  0|  19|          12|           1|
    |icmp_ln52_125_fu_2288_p2    |      icmp|   0|  0|  28|          21|           2|
    |icmp_ln52_126_fu_2294_p2    |      icmp|   0|  0|  28|          21|           1|
    |icmp_ln52_127_fu_2398_p2    |      icmp|   0|  0|  19|          12|           1|
    |icmp_ln52_128_fu_2444_p2    |      icmp|   0|  0|  28|          21|           2|
    |icmp_ln52_129_fu_2450_p2    |      icmp|   0|  0|  28|          21|           1|
    |icmp_ln52_130_fu_2554_p2    |      icmp|   0|  0|  19|          12|           1|
    |icmp_ln52_131_fu_2600_p2    |      icmp|   0|  0|  28|          21|           2|
    |icmp_ln52_132_fu_2606_p2    |      icmp|   0|  0|  28|          21|           1|
    |icmp_ln52_133_fu_2710_p2    |      icmp|   0|  0|  19|          12|           1|
    |icmp_ln52_134_fu_2756_p2    |      icmp|   0|  0|  28|          21|           2|
    |icmp_ln52_135_fu_2762_p2    |      icmp|   0|  0|  28|          21|           1|
    |icmp_ln52_136_fu_2866_p2    |      icmp|   0|  0|  19|          12|           1|
    |icmp_ln52_137_fu_2912_p2    |      icmp|   0|  0|  28|          21|           2|
    |icmp_ln52_138_fu_2918_p2    |      icmp|   0|  0|  28|          21|           1|
    |icmp_ln52_57_fu_526_p2      |      icmp|   0|  0|  19|          12|           1|
    |icmp_ln52_59_fu_572_p2      |      icmp|   0|  0|  28|          21|           2|
    |icmp_ln52_60_fu_578_p2      |      icmp|   0|  0|  28|          21|           1|
    |icmp_ln52_64_fu_682_p2      |      icmp|   0|  0|  19|          12|           1|
    |icmp_ln52_66_fu_728_p2      |      icmp|   0|  0|  28|          21|           2|
    |icmp_ln52_67_fu_734_p2      |      icmp|   0|  0|  28|          21|           1|
    |icmp_ln52_71_fu_838_p2      |      icmp|   0|  0|  19|          12|           1|
    |icmp_ln52_73_fu_884_p2      |      icmp|   0|  0|  28|          21|           2|
    |icmp_ln52_74_fu_890_p2      |      icmp|   0|  0|  28|          21|           1|
    |icmp_ln52_78_fu_994_p2      |      icmp|   0|  0|  19|          12|           1|
    |icmp_ln52_80_fu_1040_p2     |      icmp|   0|  0|  28|          21|           2|
    |icmp_ln52_81_fu_1046_p2     |      icmp|   0|  0|  28|          21|           1|
    |icmp_ln52_85_fu_1150_p2     |      icmp|   0|  0|  19|          12|           1|
    |icmp_ln52_87_fu_1196_p2     |      icmp|   0|  0|  28|          21|           2|
    |icmp_ln52_88_fu_1202_p2     |      icmp|   0|  0|  28|          21|           1|
    |icmp_ln52_92_fu_1306_p2     |      icmp|   0|  0|  19|          12|           1|
    |icmp_ln52_94_fu_1352_p2     |      icmp|   0|  0|  28|          21|           2|
    |icmp_ln52_95_fu_1358_p2     |      icmp|   0|  0|  28|          21|           1|
    |icmp_ln52_99_fu_1462_p2     |      icmp|   0|  0|  19|          12|           1|
    |icmp_ln52_fu_1930_p2        |      icmp|   0|  0|  19|          12|           1|
    |ap_block_pp0_stage0_01001   |        or|   0|  0|   2|           1|           1|
    |or_ln52_24_fu_614_p2        |        or|   0|  0|   2|           1|           1|
    |or_ln52_25_fu_3001_p2       |        or|   0|  0|   2|           1|           1|
    |or_ln52_26_fu_696_p2        |        or|   0|  0|   2|           1|           1|
    |or_ln52_27_fu_770_p2        |        or|   0|  0|   2|           1|           1|
    |or_ln52_28_fu_3063_p2       |        or|   0|  0|   2|           1|           1|
    |or_ln52_29_fu_852_p2        |        or|   0|  0|   2|           1|           1|
    |or_ln52_30_fu_926_p2        |        or|   0|  0|   2|           1|           1|
    |or_ln52_31_fu_3125_p2       |        or|   0|  0|   2|           1|           1|
    |or_ln52_32_fu_1008_p2       |        or|   0|  0|   2|           1|           1|
    |or_ln52_33_fu_1082_p2       |        or|   0|  0|   2|           1|           1|
    |or_ln52_34_fu_3187_p2       |        or|   0|  0|   2|           1|           1|
    |or_ln52_35_fu_1164_p2       |        or|   0|  0|   2|           1|           1|
    |or_ln52_36_fu_1238_p2       |        or|   0|  0|   2|           1|           1|
    |or_ln52_37_fu_3249_p2       |        or|   0|  0|   2|           1|           1|
    |or_ln52_38_fu_1320_p2       |        or|   0|  0|   2|           1|           1|
    |or_ln52_39_fu_1394_p2       |        or|   0|  0|   2|           1|           1|
    |or_ln52_40_fu_3311_p2       |        or|   0|  0|   2|           1|           1|
    |or_ln52_41_fu_1476_p2       |        or|   0|  0|   2|           1|           1|
    |or_ln52_42_fu_1550_p2       |        or|   0|  0|   2|           1|           1|
    |or_ln52_43_fu_3373_p2       |        or|   0|  0|   2|           1|           1|
    |or_ln52_44_fu_1632_p2       |        or|   0|  0|   2|           1|           1|
    |or_ln52_45_fu_1706_p2       |        or|   0|  0|   2|           1|           1|
    |or_ln52_46_fu_3435_p2       |        or|   0|  0|   2|           1|           1|
    |or_ln52_47_fu_1788_p2       |        or|   0|  0|   2|           1|           1|
    |or_ln52_48_fu_1862_p2       |        or|   0|  0|   2|           1|           1|
    |or_ln52_49_fu_3497_p2       |        or|   0|  0|   2|           1|           1|
    |or_ln52_50_fu_1944_p2       |        or|   0|  0|   2|           1|           1|
    |or_ln52_51_fu_2018_p2       |        or|   0|  0|   2|           1|           1|
    |or_ln52_52_fu_3559_p2       |        or|   0|  0|   2|           1|           1|
    |or_ln52_53_fu_2100_p2       |        or|   0|  0|   2|           1|           1|
    |or_ln52_54_fu_2174_p2       |        or|   0|  0|   2|           1|           1|
    |or_ln52_55_fu_3621_p2       |        or|   0|  0|   2|           1|           1|
    |or_ln52_56_fu_2256_p2       |        or|   0|  0|   2|           1|           1|
    |or_ln52_57_fu_2330_p2       |        or|   0|  0|   2|           1|           1|
    |or_ln52_58_fu_3683_p2       |        or|   0|  0|   2|           1|           1|
    |or_ln52_59_fu_2412_p2       |        or|   0|  0|   2|           1|           1|
    |or_ln52_60_fu_2486_p2       |        or|   0|  0|   2|           1|           1|
    |or_ln52_61_fu_3745_p2       |        or|   0|  0|   2|           1|           1|
    |or_ln52_62_fu_2568_p2       |        or|   0|  0|   2|           1|           1|
    |or_ln52_63_fu_2642_p2       |        or|   0|  0|   2|           1|           1|
    |or_ln52_64_fu_3807_p2       |        or|   0|  0|   2|           1|           1|
    |or_ln52_65_fu_2724_p2       |        or|   0|  0|   2|           1|           1|
    |or_ln52_66_fu_2798_p2       |        or|   0|  0|   2|           1|           1|
    |or_ln52_67_fu_3869_p2       |        or|   0|  0|   2|           1|           1|
    |or_ln52_68_fu_2880_p2       |        or|   0|  0|   2|           1|           1|
    |or_ln52_69_fu_2954_p2       |        or|   0|  0|   2|           1|           1|
    |or_ln52_70_fu_3931_p2       |        or|   0|  0|   2|           1|           1|
    |or_ln52_fu_540_p2           |        or|   0|  0|   2|           1|           1|
    |out_data_23_fu_3027_p3      |    select|   0|  0|   8|           1|           8|
    |out_data_24_fu_3082_p3      |    select|   0|  0|   8|           1|           8|
    |out_data_25_fu_3089_p3      |    select|   0|  0|   8|           1|           8|
    |out_data_26_fu_3144_p3      |    select|   0|  0|   8|           1|           8|
    |out_data_27_fu_3151_p3      |    select|   0|  0|   8|           1|           8|
    |out_data_28_fu_3206_p3      |    select|   0|  0|   8|           1|           8|
    |out_data_29_fu_3213_p3      |    select|   0|  0|   8|           1|           8|
    |out_data_30_fu_3268_p3      |    select|   0|  0|   8|           1|           8|
    |out_data_31_fu_3275_p3      |    select|   0|  0|   8|           1|           8|
    |out_data_32_fu_3330_p3      |    select|   0|  0|   8|           1|           8|
    |out_data_33_fu_3337_p3      |    select|   0|  0|   8|           1|           8|
    |out_data_34_fu_3392_p3      |    select|   0|  0|   8|           1|           8|
    |out_data_35_fu_3399_p3      |    select|   0|  0|   8|           1|           8|
    |out_data_36_fu_3454_p3      |    select|   0|  0|   8|           1|           8|
    |out_data_37_fu_3461_p3      |    select|   0|  0|   8|           1|           8|
    |out_data_fu_3020_p3         |    select|   0|  0|   8|           1|           8|
    |select_ln51_1_fu_3585_p3    |    select|   0|  0|   8|           1|           8|
    |select_ln51_2_fu_3647_p3    |    select|   0|  0|   8|           1|           8|
    |select_ln51_3_fu_3709_p3    |    select|   0|  0|   8|           1|           8|
    |select_ln51_4_fu_3771_p3    |    select|   0|  0|   8|           1|           8|
    |select_ln51_5_fu_3833_p3    |    select|   0|  0|   8|           1|           8|
    |select_ln51_6_fu_3895_p3    |    select|   0|  0|   8|           1|           8|
    |select_ln51_7_fu_3957_p3    |    select|   0|  0|   8|           1|           8|
    |select_ln51_fu_3523_p3      |    select|   0|  0|   8|           1|           8|
    |select_ln52_100_fu_1074_p3  |    select|   0|  0|   2|           1|           1|
    |select_ln52_101_fu_3193_p3  |    select|   0|  0|   8|           1|           8|
    |select_ln52_103_fu_1230_p3  |    select|   0|  0|   2|           1|           1|
    |select_ln52_104_fu_3255_p3  |    select|   0|  0|   8|           1|           8|
    |select_ln52_106_fu_1386_p3  |    select|   0|  0|   2|           1|           1|
    |select_ln52_107_fu_3317_p3  |    select|   0|  0|   8|           1|           8|
    |select_ln52_109_fu_1542_p3  |    select|   0|  0|   2|           1|           1|
    |select_ln52_110_fu_3379_p3  |    select|   0|  0|   8|           1|           8|
    |select_ln52_112_fu_1698_p3  |    select|   0|  0|   2|           1|           1|
    |select_ln52_113_fu_3441_p3  |    select|   0|  0|   8|           1|           8|
    |select_ln52_115_fu_1854_p3  |    select|   0|  0|   2|           1|           1|
    |select_ln52_116_fu_3503_p3  |    select|   0|  0|   8|           1|           8|
    |select_ln52_117_fu_2010_p3  |    select|   0|  0|   2|           1|           1|
    |select_ln52_118_fu_3565_p3  |    select|   0|  0|   8|           1|           8|
    |select_ln52_119_fu_2166_p3  |    select|   0|  0|   2|           1|           1|
    |select_ln52_120_fu_3627_p3  |    select|   0|  0|   8|           1|           8|
    |select_ln52_121_fu_2322_p3  |    select|   0|  0|   2|           1|           1|
    |select_ln52_122_fu_3689_p3  |    select|   0|  0|   8|           1|           8|
    |select_ln52_123_fu_2478_p3  |    select|   0|  0|   2|           1|           1|
    |select_ln52_124_fu_3751_p3  |    select|   0|  0|   8|           1|           8|
    |select_ln52_125_fu_2634_p3  |    select|   0|  0|   2|           1|           1|
    |select_ln52_126_fu_3813_p3  |    select|   0|  0|   8|           1|           8|
    |select_ln52_127_fu_2790_p3  |    select|   0|  0|   2|           1|           1|
    |select_ln52_128_fu_3875_p3  |    select|   0|  0|   8|           1|           8|
    |select_ln52_129_fu_2946_p3  |    select|   0|  0|   2|           1|           1|
    |select_ln52_130_fu_3937_p3  |    select|   0|  0|   8|           1|           8|
    |select_ln52_32_fu_2985_p3   |    select|   0|  0|   7|           1|           7|
    |select_ln52_33_fu_3013_p3   |    select|   0|  0|   8|           1|           8|
    |select_ln52_35_fu_754_p3    |    select|   0|  0|   2|           1|           1|
    |select_ln52_36_fu_3047_p3   |    select|   0|  0|   7|           1|           7|
    |select_ln52_37_fu_3075_p3   |    select|   0|  0|   8|           1|           8|
    |select_ln52_39_fu_910_p3    |    select|   0|  0|   2|           1|           1|
    |select_ln52_40_fu_3109_p3   |    select|   0|  0|   7|           1|           7|
    |select_ln52_41_fu_3137_p3   |    select|   0|  0|   8|           1|           8|
    |select_ln52_43_fu_1066_p3   |    select|   0|  0|   2|           1|           1|
    |select_ln52_44_fu_3171_p3   |    select|   0|  0|   7|           1|           7|
    |select_ln52_45_fu_3199_p3   |    select|   0|  0|   8|           1|           8|
    |select_ln52_47_fu_1222_p3   |    select|   0|  0|   2|           1|           1|
    |select_ln52_48_fu_3233_p3   |    select|   0|  0|   7|           1|           7|
    |select_ln52_49_fu_3261_p3   |    select|   0|  0|   8|           1|           8|
    |select_ln52_50_fu_606_p3    |    select|   0|  0|   2|           1|           1|
    |select_ln52_51_fu_1378_p3   |    select|   0|  0|   2|           1|           1|
    |select_ln52_52_fu_3295_p3   |    select|   0|  0|   7|           1|           7|
    |select_ln52_53_fu_3323_p3   |    select|   0|  0|   8|           1|           8|
    |select_ln52_54_fu_3007_p3   |    select|   0|  0|   8|           1|           8|
    |select_ln52_55_fu_1534_p3   |    select|   0|  0|   2|           1|           1|
    |select_ln52_56_fu_3357_p3   |    select|   0|  0|   7|           1|           7|
    |select_ln52_57_fu_3385_p3   |    select|   0|  0|   8|           1|           8|
    |select_ln52_59_fu_1690_p3   |    select|   0|  0|   2|           1|           1|
    |select_ln52_60_fu_3419_p3   |    select|   0|  0|   7|           1|           7|
    |select_ln52_61_fu_3447_p3   |    select|   0|  0|   8|           1|           8|
    |select_ln52_62_fu_762_p3    |    select|   0|  0|   2|           1|           1|
    |select_ln52_63_fu_1846_p3   |    select|   0|  0|   2|           1|           1|
    |select_ln52_64_fu_3481_p3   |    select|   0|  0|   7|           1|           7|
    |select_ln52_65_fu_3509_p3   |    select|   0|  0|   8|           1|           8|
    |select_ln52_66_fu_3516_p3   |    select|   0|  0|   8|           1|           8|
    |select_ln52_67_fu_2002_p3   |    select|   0|  0|   2|           1|           1|
    |select_ln52_68_fu_3543_p3   |    select|   0|  0|   7|           1|           7|
    |select_ln52_69_fu_3571_p3   |    select|   0|  0|   8|           1|           8|
    |select_ln52_70_fu_3578_p3   |    select|   0|  0|   8|           1|           8|
    |select_ln52_71_fu_2158_p3   |    select|   0|  0|   2|           1|           1|
    |select_ln52_72_fu_3605_p3   |    select|   0|  0|   7|           1|           7|
    |select_ln52_73_fu_3633_p3   |    select|   0|  0|   8|           1|           8|
    |select_ln52_74_fu_3640_p3   |    select|   0|  0|   8|           1|           8|
    |select_ln52_75_fu_2314_p3   |    select|   0|  0|   2|           1|           1|
    |select_ln52_76_fu_3667_p3   |    select|   0|  0|   7|           1|           7|
    |select_ln52_77_fu_3695_p3   |    select|   0|  0|   8|           1|           8|
    |select_ln52_78_fu_3702_p3   |    select|   0|  0|   8|           1|           8|
    |select_ln52_79_fu_2470_p3   |    select|   0|  0|   2|           1|           1|
    |select_ln52_80_fu_3729_p3   |    select|   0|  0|   7|           1|           7|
    |select_ln52_81_fu_3757_p3   |    select|   0|  0|   8|           1|           8|
    |select_ln52_82_fu_3764_p3   |    select|   0|  0|   8|           1|           8|
    |select_ln52_83_fu_2626_p3   |    select|   0|  0|   2|           1|           1|
    |select_ln52_84_fu_3791_p3   |    select|   0|  0|   7|           1|           7|
    |select_ln52_85_fu_3819_p3   |    select|   0|  0|   8|           1|           8|
    |select_ln52_86_fu_3826_p3   |    select|   0|  0|   8|           1|           8|
    |select_ln52_87_fu_2782_p3   |    select|   0|  0|   2|           1|           1|
    |select_ln52_88_fu_3853_p3   |    select|   0|  0|   7|           1|           7|
    |select_ln52_89_fu_3881_p3   |    select|   0|  0|   8|           1|           8|
    |select_ln52_90_fu_3888_p3   |    select|   0|  0|   8|           1|           8|
    |select_ln52_91_fu_2938_p3   |    select|   0|  0|   2|           1|           1|
    |select_ln52_92_fu_3915_p3   |    select|   0|  0|   7|           1|           7|
    |select_ln52_93_fu_3943_p3   |    select|   0|  0|   8|           1|           8|
    |select_ln52_94_fu_3950_p3   |    select|   0|  0|   8|           1|           8|
    |select_ln52_95_fu_3069_p3   |    select|   0|  0|   8|           1|           8|
    |select_ln52_97_fu_918_p3    |    select|   0|  0|   2|           1|           1|
    |select_ln52_98_fu_3131_p3   |    select|   0|  0|   8|           1|           8|
    |select_ln52_fu_598_p3       |    select|   0|  0|   2|           1|           1|
    |ap_enable_pp0               |       xor|   0|  0|   2|           1|           2|
    |xor_ln52_111_fu_592_p2      |       xor|   0|  0|   2|           1|           2|
    |xor_ln52_112_fu_748_p2      |       xor|   0|  0|   2|           1|           2|
    |xor_ln52_113_fu_904_p2      |       xor|   0|  0|   2|           1|           2|
    |xor_ln52_114_fu_1060_p2     |       xor|   0|  0|   2|           1|           2|
    |xor_ln52_115_fu_1216_p2     |       xor|   0|  0|   2|           1|           2|
    |xor_ln52_116_fu_1372_p2     |       xor|   0|  0|   2|           1|           2|
    |xor_ln52_117_fu_1528_p2     |       xor|   0|  0|   2|           1|           2|
    |xor_ln52_118_fu_1684_p2     |       xor|   0|  0|   2|           1|           2|
    |xor_ln52_119_fu_1840_p2     |       xor|   0|  0|   2|           1|           2|
    |xor_ln52_120_fu_1996_p2     |       xor|   0|  0|   2|           1|           2|
    |xor_ln52_121_fu_2152_p2     |       xor|   0|  0|   2|           1|           2|
    |xor_ln52_122_fu_2308_p2     |       xor|   0|  0|   2|           1|           2|
    |xor_ln52_123_fu_2464_p2     |       xor|   0|  0|   2|           1|           2|
    |xor_ln52_124_fu_2620_p2     |       xor|   0|  0|   2|           1|           2|
    |xor_ln52_125_fu_2776_p2     |       xor|   0|  0|   2|           1|           2|
    |xor_ln52_126_fu_2932_p2     |       xor|   0|  0|   2|           1|           2|
    |xor_ln52_16_fu_2980_p2      |       xor|   0|  0|   2|           2|           1|
    |xor_ln52_17_fu_3037_p2      |       xor|   0|  0|   2|           1|           2|
    |xor_ln52_18_fu_3042_p2      |       xor|   0|  0|   2|           2|           1|
    |xor_ln52_19_fu_3099_p2      |       xor|   0|  0|   2|           1|           2|
    |xor_ln52_20_fu_3104_p2      |       xor|   0|  0|   2|           2|           1|
    |xor_ln52_21_fu_3161_p2      |       xor|   0|  0|   2|           1|           2|
    |xor_ln52_22_fu_3166_p2      |       xor|   0|  0|   2|           2|           1|
    |xor_ln52_23_fu_3223_p2      |       xor|   0|  0|   2|           1|           2|
    |xor_ln52_24_fu_3228_p2      |       xor|   0|  0|   2|           2|           1|
    |xor_ln52_25_fu_3285_p2      |       xor|   0|  0|   2|           1|           2|
    |xor_ln52_26_fu_3290_p2      |       xor|   0|  0|   2|           2|           1|
    |xor_ln52_27_fu_3347_p2      |       xor|   0|  0|   2|           1|           2|
    |xor_ln52_28_fu_3352_p2      |       xor|   0|  0|   2|           2|           1|
    |xor_ln52_29_fu_3409_p2      |       xor|   0|  0|   2|           1|           2|
    |xor_ln52_30_fu_3414_p2      |       xor|   0|  0|   2|           2|           1|
    |xor_ln52_31_fu_3471_p2      |       xor|   0|  0|   2|           1|           2|
    |xor_ln52_32_fu_3476_p2      |       xor|   0|  0|   2|           2|           1|
    |xor_ln52_33_fu_3533_p2      |       xor|   0|  0|   2|           1|           2|
    |xor_ln52_34_fu_3538_p2      |       xor|   0|  0|   2|           2|           1|
    |xor_ln52_35_fu_3595_p2      |       xor|   0|  0|   2|           1|           2|
    |xor_ln52_36_fu_3600_p2      |       xor|   0|  0|   2|           2|           1|
    |xor_ln52_37_fu_3657_p2      |       xor|   0|  0|   2|           1|           2|
    |xor_ln52_38_fu_3662_p2      |       xor|   0|  0|   2|           2|           1|
    |xor_ln52_39_fu_3719_p2      |       xor|   0|  0|   2|           1|           2|
    |xor_ln52_40_fu_3724_p2      |       xor|   0|  0|   2|           2|           1|
    |xor_ln52_41_fu_3781_p2      |       xor|   0|  0|   2|           1|           2|
    |xor_ln52_42_fu_3786_p2      |       xor|   0|  0|   2|           2|           1|
    |xor_ln52_43_fu_3843_p2      |       xor|   0|  0|   2|           1|           2|
    |xor_ln52_44_fu_3848_p2      |       xor|   0|  0|   2|           2|           1|
    |xor_ln52_45_fu_3905_p2      |       xor|   0|  0|   2|           1|           2|
    |xor_ln52_46_fu_3910_p2      |       xor|   0|  0|   2|           2|           1|
    |xor_ln52_fu_2975_p2         |       xor|   0|  0|   2|           1|           2|
    +----------------------------+----------+----+---+----+------------+------------+
    |Total                       |          |   0|  0|3266|        1969|        1068|
    +----------------------------+----------+----+---+----+------------+------------+

    * Multiplexer: 
    +-------------------------+----+-----------+-----+-----------+
    |           Name          | LUT| Input Size| Bits| Total Bits|
    +-------------------------+----+-----------+-----+-----------+
    |ap_done_int              |   9|          2|    1|          2|
    |ap_enable_reg_pp0_iter1  |   9|          2|    1|          2|
    |ap_sig_allocacmp_i_5     |   9|          2|    7|         14|
    |i_fu_286                 |   9|          2|    7|         14|
    |layer14_out_blk_n        |   9|          2|    1|          2|
    |layer15_out_blk_n        |   9|          2|    1|          2|
    |real_start               |   9|          2|    1|          2|
    +-------------------------+----+-----------+-----+-----------+
    |Total                    |  63|         14|   19|         38|
    +-------------------------+----+-----------+-----+-----------+

    * Register: 
    +----------------------------------+---+----+-----+-----------+
    |               Name               | FF| LUT| Bits| Const Bits|
    +----------------------------------+---+----+-----+-----------+
    |add_ln52_10_reg_4113              |  8|   0|    8|          0|
    |add_ln52_11_reg_4143              |  8|   0|    8|          0|
    |add_ln52_12_reg_4173              |  8|   0|    8|          0|
    |add_ln52_13_reg_4203              |  8|   0|    8|          0|
    |add_ln52_14_reg_4233              |  8|   0|    8|          0|
    |add_ln52_15_reg_4263              |  8|   0|    8|          0|
    |add_ln52_16_reg_4293              |  8|   0|    8|          0|
    |add_ln52_17_reg_4323              |  8|   0|    8|          0|
    |add_ln52_18_reg_4353              |  8|   0|    8|          0|
    |add_ln52_19_reg_4383              |  8|   0|    8|          0|
    |add_ln52_20_reg_4413              |  8|   0|    8|          0|
    |add_ln52_21_reg_4443              |  8|   0|    8|          0|
    |add_ln52_22_reg_4473              |  8|   0|    8|          0|
    |add_ln52_8_reg_4053               |  8|   0|    8|          0|
    |add_ln52_9_reg_4083               |  8|   0|    8|          0|
    |add_ln52_reg_4023                 |  8|   0|    8|          0|
    |and_ln52_16_reg_4036              |  1|   0|    1|          0|
    |and_ln52_18_reg_4066              |  1|   0|    1|          0|
    |and_ln52_20_reg_4096              |  1|   0|    1|          0|
    |and_ln52_22_reg_4126              |  1|   0|    1|          0|
    |and_ln52_24_reg_4156              |  1|   0|    1|          0|
    |and_ln52_26_reg_4186              |  1|   0|    1|          0|
    |and_ln52_28_reg_4216              |  1|   0|    1|          0|
    |and_ln52_30_reg_4246              |  1|   0|    1|          0|
    |and_ln52_32_reg_4276              |  1|   0|    1|          0|
    |and_ln52_34_reg_4306              |  1|   0|    1|          0|
    |and_ln52_36_reg_4336              |  1|   0|    1|          0|
    |and_ln52_38_reg_4366              |  1|   0|    1|          0|
    |and_ln52_40_reg_4396              |  1|   0|    1|          0|
    |and_ln52_42_reg_4426              |  1|   0|    1|          0|
    |and_ln52_44_reg_4456              |  1|   0|    1|          0|
    |and_ln52_46_reg_4486              |  1|   0|    1|          0|
    |ap_CS_fsm                         |  1|   0|    1|          0|
    |ap_done_reg                       |  1|   0|    1|          0|
    |ap_enable_reg_pp0_iter1           |  1|   0|    1|          0|
    |ap_enable_reg_pp0_iter2           |  1|   0|    1|          0|
    |ap_loop_exit_ready_pp0_iter1_reg  |  1|   0|    1|          0|
    |i_fu_286                          |  7|   0|    7|          0|
    |icmp_ln51_10_reg_4102             |  1|   0|    1|          0|
    |icmp_ln51_11_reg_4132             |  1|   0|    1|          0|
    |icmp_ln51_12_reg_4162             |  1|   0|    1|          0|
    |icmp_ln51_13_reg_4192             |  1|   0|    1|          0|
    |icmp_ln51_14_reg_4222             |  1|   0|    1|          0|
    |icmp_ln51_15_reg_4252             |  1|   0|    1|          0|
    |icmp_ln51_16_reg_4282             |  1|   0|    1|          0|
    |icmp_ln51_17_reg_4312             |  1|   0|    1|          0|
    |icmp_ln51_18_reg_4342             |  1|   0|    1|          0|
    |icmp_ln51_19_reg_4372             |  1|   0|    1|          0|
    |icmp_ln51_20_reg_4402             |  1|   0|    1|          0|
    |icmp_ln51_21_reg_4432             |  1|   0|    1|          0|
    |icmp_ln51_22_reg_4462             |  1|   0|    1|          0|
    |icmp_ln51_8_reg_4042              |  1|   0|    1|          0|
    |icmp_ln51_9_reg_4072              |  1|   0|    1|          0|
    |icmp_ln51_reg_4012                |  1|   0|    1|          0|
    |or_ln52_24_reg_4030               |  1|   0|    1|          0|
    |or_ln52_27_reg_4060               |  1|   0|    1|          0|
    |or_ln52_30_reg_4090               |  1|   0|    1|          0|
    |or_ln52_33_reg_4120               |  1|   0|    1|          0|
    |or_ln52_36_reg_4150               |  1|   0|    1|          0|
    |or_ln52_39_reg_4180               |  1|   0|    1|          0|
    |or_ln52_42_reg_4210               |  1|   0|    1|          0|
    |or_ln52_45_reg_4240               |  1|   0|    1|          0|
    |or_ln52_48_reg_4270               |  1|   0|    1|          0|
    |or_ln52_51_reg_4300               |  1|   0|    1|          0|
    |or_ln52_54_reg_4330               |  1|   0|    1|          0|
    |or_ln52_57_reg_4360               |  1|   0|    1|          0|
    |or_ln52_60_reg_4390               |  1|   0|    1|          0|
    |or_ln52_63_reg_4420               |  1|   0|    1|          0|
    |or_ln52_66_reg_4450               |  1|   0|    1|          0|
    |or_ln52_69_reg_4480               |  1|   0|    1|          0|
    |start_once_reg                    |  1|   0|    1|          0|
    |tmp_242_reg_4047                  |  1|   0|    1|          0|
    |tmp_247_reg_4077                  |  1|   0|    1|          0|
    |tmp_252_reg_4107                  |  1|   0|    1|          0|
    |tmp_257_reg_4137                  |  1|   0|    1|          0|
    |tmp_262_reg_4167                  |  1|   0|    1|          0|
    |tmp_267_reg_4197                  |  1|   0|    1|          0|
    |tmp_272_reg_4227                  |  1|   0|    1|          0|
    |tmp_277_reg_4257                  |  1|   0|    1|          0|
    |tmp_282_reg_4287                  |  1|   0|    1|          0|
    |tmp_287_reg_4317                  |  1|   0|    1|          0|
    |tmp_292_reg_4347                  |  1|   0|    1|          0|
    |tmp_297_reg_4377                  |  1|   0|    1|          0|
    |tmp_302_reg_4407                  |  1|   0|    1|          0|
    |tmp_307_reg_4437                  |  1|   0|    1|          0|
    |tmp_312_reg_4467                  |  1|   0|    1|          0|
    |tmp_reg_4017                      |  1|   0|    1|          0|
    +----------------------------------+---+----+-----+-----------+
    |Total                             |205|   0|  205|          0|
    +----------------------------------+---+----+-----+-----------+



================================================================
== Interface
================================================================
* Summary: 
+----------------------------+-----+-----+------------+-------------------------------------------------------------------------+--------------+
|          RTL Ports         | Dir | Bits|  Protocol  |                              Source Object                              |    C Type    |
+----------------------------+-----+-----+------------+-------------------------------------------------------------------------+--------------+
|ap_clk                      |   in|    1|  ap_ctrl_hs|  relu<array<ap_fixed,16u>,array<ap_ufixed<8,4,4,0,0>,16u>,relu_config15>|  return value|
|ap_rst                      |   in|    1|  ap_ctrl_hs|  relu<array<ap_fixed,16u>,array<ap_ufixed<8,4,4,0,0>,16u>,relu_config15>|  return value|
|ap_start                    |   in|    1|  ap_ctrl_hs|  relu<array<ap_fixed,16u>,array<ap_ufixed<8,4,4,0,0>,16u>,relu_config15>|  return value|
|start_full_n                |   in|    1|  ap_ctrl_hs|  relu<array<ap_fixed,16u>,array<ap_ufixed<8,4,4,0,0>,16u>,relu_config15>|  return value|
|ap_done                     |  out|    1|  ap_ctrl_hs|  relu<array<ap_fixed,16u>,array<ap_ufixed<8,4,4,0,0>,16u>,relu_config15>|  return value|
|ap_continue                 |   in|    1|  ap_ctrl_hs|  relu<array<ap_fixed,16u>,array<ap_ufixed<8,4,4,0,0>,16u>,relu_config15>|  return value|
|ap_idle                     |  out|    1|  ap_ctrl_hs|  relu<array<ap_fixed,16u>,array<ap_ufixed<8,4,4,0,0>,16u>,relu_config15>|  return value|
|ap_ready                    |  out|    1|  ap_ctrl_hs|  relu<array<ap_fixed,16u>,array<ap_ufixed<8,4,4,0,0>,16u>,relu_config15>|  return value|
|start_out                   |  out|    1|  ap_ctrl_hs|  relu<array<ap_fixed,16u>,array<ap_ufixed<8,4,4,0,0>,16u>,relu_config15>|  return value|
|start_write                 |  out|    1|  ap_ctrl_hs|  relu<array<ap_fixed,16u>,array<ap_ufixed<8,4,4,0,0>,16u>,relu_config15>|  return value|
|layer14_out_dout            |   in|  672|     ap_fifo|                                                              layer14_out|       pointer|
|layer14_out_num_data_valid  |   in|    8|     ap_fifo|                                                              layer14_out|       pointer|
|layer14_out_fifo_cap        |   in|    8|     ap_fifo|                                                              layer14_out|       pointer|
|layer14_out_empty_n         |   in|    1|     ap_fifo|                                                              layer14_out|       pointer|
|layer14_out_read            |  out|    1|     ap_fifo|                                                              layer14_out|       pointer|
|layer15_out_din             |  out|  128|     ap_fifo|                                                              layer15_out|       pointer|
|layer15_out_num_data_valid  |   in|    8|     ap_fifo|                                                              layer15_out|       pointer|
|layer15_out_fifo_cap        |   in|    8|     ap_fifo|                                                              layer15_out|       pointer|
|layer15_out_full_n          |   in|    1|     ap_fifo|                                                              layer15_out|       pointer|
|layer15_out_write           |  out|    1|     ap_fifo|                                                              layer15_out|       pointer|
+----------------------------+-----+-----+------------+-------------------------------------------------------------------------+--------------+

