

================================================================
== Vitis HLS Report for 'zeropad2d_cl_array_array_ap_ufixed_8u_config25_Pipeline_PadMain_CopyMain'
================================================================
* Date:           Sat Mar 21 19:23:44 2026

* Version:        2023.2 (Build 4023990 on Oct 11 2023)
* Project:        myproject_prj
* Solution:       solution1 (Vivado IP Flow Target)
* Product family: zynquplus
* Target device:  xck26-sfvc784-2LV-c


================================================================
== Performance Estimates
================================================================
+ Timing: 
    * Summary: 
    +--------+---------+----------+------------+
    |  Clock |  Target | Estimated| Uncertainty|
    +--------+---------+----------+------------+
    |ap_clk  |  5.00 ns|  3.538 ns|     1.35 ns|
    +--------+---------+----------+------------+

+ Latency: 
    * Summary: 
    +---------+---------+-----------+-----------+------+------+---------+
    |  Latency (cycles) |   Latency (absolute)  |   Interval  | Pipeline|
    |   min   |   max   |    min    |    max    |  min |  max |   Type  |
    +---------+---------+-----------+-----------+------+------+---------+
    |     2102|     2102|  10.510 us|  10.510 us|  2102|  2102|       no|
    +---------+---------+-----------+-----------+------+------+---------+

    + Detail: 
        * Instance: 
        N/A

        * Loop: 
        +--------------------+---------+---------+----------+-----------+-----------+------+----------+
        |                    |  Latency (cycles) | Iteration|  Initiation Interval  | Trip |          |
        |      Loop Name     |   min   |   max   |  Latency |  achieved |   target  | Count| Pipelined|
        +--------------------+---------+---------+----------+-----------+-----------+------+----------+
        |- PadMain_CopyMain  |     2100|     2100|         4|          3|          1|   700|       yes|
        +--------------------+---------+---------+----------+-----------+-----------+------+----------+



================================================================
== Utilization Estimates
================================================================
* Summary: 
+-----------------+---------+------+--------+--------+-----+
|       Name      | BRAM_18K|  DSP |   FF   |   LUT  | URAM|
+-----------------+---------+------+--------+--------+-----+
|DSP              |        -|     -|       -|       -|    -|
|Expression       |        -|     -|       0|     103|    -|
|FIFO             |        -|     -|       -|       -|    -|
|Instance         |        -|     -|       -|       -|    -|
|Memory           |        -|     -|       -|       -|    -|
|Multiplexer      |        -|     -|       -|     124|    -|
|Register         |        -|     -|      26|       -|    -|
+-----------------+---------+------+--------+--------+-----+
|Total            |        0|     0|      26|     227|    0|
+-----------------+---------+------+--------+--------+-----+
|Available        |      288|  1248|  234240|  117120|   64|
+-----------------+---------+------+--------+--------+-----+
|Utilization (%)  |        0|     0|      ~0|      ~0|    0|
+-----------------+---------+------+--------+--------+-----+

+ Detail: 
    * Instance: 
    N/A

    * DSP: 
    N/A

    * Memory: 
    N/A

    * FIFO: 
    N/A

    * Expression: 
    +----------------------------------+----------+----+---+----+------------+------------+
    |           Variable Name          | Operation| DSP| FF| LUT| Bitwidth P0| Bitwidth P1|
    +----------------------------------+----------+----+---+----+------------+------------+
    |add_ln59_fu_104_p2                |         +|   0|  0|  17|          10|           1|
    |add_ln65_fu_122_p2                |         +|   0|  0|  14|           7|           1|
    |ap_block_pp0_stage0_01001         |       and|   0|  0|   2|           1|           1|
    |ap_block_pp0_stage1_01001         |       and|   0|  0|   2|           1|           1|
    |ap_block_pp0_stage2_01001         |       and|   0|  0|   2|           1|           1|
    |ap_block_state2_pp0_stage1_iter0  |       and|   0|  0|   2|           1|           1|
    |ap_block_state4_pp0_stage0_iter1  |       and|   0|  0|   2|           1|           1|
    |ap_condition_263                  |       and|   0|  0|   2|           1|           1|
    |ap_predicate_op32_write_state2    |       and|   0|  0|   2|           1|           1|
    |icmp_ln59_fu_98_p2                |      icmp|   0|  0|  17|          10|          10|
    |icmp_ln65_1_fu_136_p2             |      icmp|   0|  0|  14|           7|           7|
    |icmp_ln65_fu_110_p2               |      icmp|   0|  0|  14|           7|           7|
    |ap_block_state3_pp0_stage2_iter0  |        or|   0|  0|   2|           1|           1|
    |or_ln59_fu_116_p2                 |        or|   0|  0|   2|           1|           1|
    |j_4_fu_128_p3                     |    select|   0|  0|   7|           1|           1|
    |ap_enable_pp0                     |       xor|   0|  0|   2|           1|           2|
    +----------------------------------+----------+----+---+----+------------+------------+
    |Total                             |          |   0|  0| 103|          52|          38|
    +----------------------------------+----------+----+---+----+------------+------------+

    * Multiplexer: 
    +--------------------------------------+----+-----------+-----+-----------+
    |                 Name                 | LUT| Input Size| Bits| Total Bits|
    +--------------------------------------+----+-----------+-----+-----------+
    |ap_NS_fsm                             |  20|          4|    1|          4|
    |ap_done_int                           |   9|          2|    1|          2|
    |ap_enable_reg_pp0_iter0               |   9|          2|    1|          2|
    |ap_enable_reg_pp0_iter0_reg           |   9|          2|    1|          2|
    |ap_enable_reg_pp0_iter1               |   9|          2|    1|          2|
    |ap_sig_allocacmp_indvar_flatten_load  |   9|          2|   10|         20|
    |ap_sig_allocacmp_j_3                  |   9|          2|    7|         14|
    |indvar_flatten_fu_52                  |   9|          2|   10|         20|
    |j_fu_48                               |   9|          2|    7|         14|
    |layer25_out_blk_n                     |   9|          2|    1|          2|
    |layer25_out_din                       |  14|          3|   64|        192|
    |layer6_out_blk_n                      |   9|          2|    1|          2|
    +--------------------------------------+----+-----------+-----+-----------+
    |Total                                 | 124|         27|  105|        276|
    +--------------------------------------+----+-----------+-----+-----------+

    * Register: 
    +-----------------------------+----+----+-----+-----------+
    |             Name            | FF | LUT| Bits| Const Bits|
    +-----------------------------+----+----+-----+-----------+
    |ap_CS_fsm                    |   3|   0|    3|          0|
    |ap_done_reg                  |   1|   0|    1|          0|
    |ap_enable_reg_pp0_iter0_reg  |   1|   0|    1|          0|
    |ap_enable_reg_pp0_iter1      |   1|   0|    1|          0|
    |icmp_ln59_reg_166            |   1|   0|    1|          0|
    |icmp_ln65_1_reg_174          |   1|   0|    1|          0|
    |indvar_flatten_fu_52         |  10|   0|   10|          0|
    |j_fu_48                      |   7|   0|    7|          0|
    |or_ln59_reg_170              |   1|   0|    1|          0|
    +-----------------------------+----+----+-----+-----------+
    |Total                        |  26|   0|   26|          0|
    +-----------------------------+----+----+-----+-----------+



================================================================
== Interface
================================================================
* Summary: 
+----------------------------+-----+-----+------------+----------------------------------------------------------------------------+--------------+
|          RTL Ports         | Dir | Bits|  Protocol  |                                Source Object                               |    C Type    |
+----------------------------+-----+-----+------------+----------------------------------------------------------------------------+--------------+
|ap_clk                      |   in|    1|  ap_ctrl_hs|  zeropad2d_cl<array,array<ap_ufixed,8u>,config25>_Pipeline_PadMain_CopyMain|  return value|
|ap_rst                      |   in|    1|  ap_ctrl_hs|  zeropad2d_cl<array,array<ap_ufixed,8u>,config25>_Pipeline_PadMain_CopyMain|  return value|
|ap_start                    |   in|    1|  ap_ctrl_hs|  zeropad2d_cl<array,array<ap_ufixed,8u>,config25>_Pipeline_PadMain_CopyMain|  return value|
|ap_done                     |  out|    1|  ap_ctrl_hs|  zeropad2d_cl<array,array<ap_ufixed,8u>,config25>_Pipeline_PadMain_CopyMain|  return value|
|ap_idle                     |  out|    1|  ap_ctrl_hs|  zeropad2d_cl<array,array<ap_ufixed,8u>,config25>_Pipeline_PadMain_CopyMain|  return value|
|ap_ready                    |  out|    1|  ap_ctrl_hs|  zeropad2d_cl<array,array<ap_ufixed,8u>,config25>_Pipeline_PadMain_CopyMain|  return value|
|layer25_out_din             |  out|   64|     ap_fifo|                                                                 layer25_out|       pointer|
|layer25_out_num_data_valid  |   in|   11|     ap_fifo|                                                                 layer25_out|       pointer|
|layer25_out_fifo_cap        |   in|   11|     ap_fifo|                                                                 layer25_out|       pointer|
|layer25_out_full_n          |   in|    1|     ap_fifo|                                                                 layer25_out|       pointer|
|layer25_out_write           |  out|    1|     ap_fifo|                                                                 layer25_out|       pointer|
|layer6_out_dout             |   in|   64|     ap_fifo|                                                                  layer6_out|       pointer|
|layer6_out_num_data_valid   |   in|   11|     ap_fifo|                                                                  layer6_out|       pointer|
|layer6_out_fifo_cap         |   in|   11|     ap_fifo|                                                                  layer6_out|       pointer|
|layer6_out_empty_n          |   in|    1|     ap_fifo|                                                                  layer6_out|       pointer|
|layer6_out_read             |  out|    1|     ap_fifo|                                                                  layer6_out|       pointer|
+----------------------------+-----+-----+------------+----------------------------------------------------------------------------+--------------+

