

================================================================
== Vitis HLS Report for 'myproject_axi_Pipeline_VITIS_LOOP_30_1'
================================================================
* Date:           Mon Mar 30 19:13:39 2026

* Version:        2023.2 (Build 4023990 on Oct 11 2023)
* Project:        myproject_prj
* Solution:       solution1 (Vivado IP Flow Target)
* Product family: zynquplus
* Target device:  xck26-sfvc784-2LV-c


================================================================
== Performance Estimates
================================================================
+ Timing: 
    * Summary: 
    +--------+---------+----------+------------+
    |  Clock |  Target | Estimated| Uncertainty|
    +--------+---------+----------+------------+
    |ap_clk  |  5.00 ns|  2.225 ns|     1.35 ns|
    +--------+---------+----------+------------+

+ Latency: 
    * Summary: 
    +---------+---------+----------+----------+------+------+---------+
    |  Latency (cycles) |  Latency (absolute) |   Interval  | Pipeline|
    |   min   |   max   |    min   |    max   |  min |  max |   Type  |
    +---------+---------+----------+----------+------+------+---------+
    |     1282|     1282|  6.410 us|  6.410 us|  1282|  1282|       no|
    +---------+---------+----------+----------+------+------+---------+

    + Detail: 
        * Instance: 
        N/A

        * Loop: 
        +-------------------+---------+---------+----------+-----------+-----------+------+----------+
        |                   |  Latency (cycles) | Iteration|  Initiation Interval  | Trip |          |
        |     Loop Name     |   min   |   max   |  Latency |  achieved |   target  | Count| Pipelined|
        +-------------------+---------+---------+----------+-----------+-----------+------+----------+
        |- VITIS_LOOP_30_1  |     1280|     1280|         2|          1|          1|  1280|       yes|
        +-------------------+---------+---------+----------+-----------+-----------+------+----------+



================================================================
== Utilization Estimates
================================================================
* Summary: 
+-----------------+---------+------+--------+--------+-----+
|       Name      | BRAM_18K|  DSP |   FF   |   LUT  | URAM|
+-----------------+---------+------+--------+--------+-----+
|DSP              |        -|     -|       -|       -|    -|
|Expression       |        -|     -|       0|      42|    -|
|FIFO             |        -|     -|       -|       -|    -|
|Instance         |        -|     -|       -|       -|    -|
|Memory           |        -|     -|       -|       -|    -|
|Multiplexer      |        -|     -|       -|      54|    -|
|Register         |        -|     -|      26|       -|    -|
+-----------------+---------+------+--------+--------+-----+
|Total            |        0|     0|      26|      96|    0|
+-----------------+---------+------+--------+--------+-----+
|Available        |      288|  1248|  234240|  117120|   64|
+-----------------+---------+------+--------+--------+-----+
|Utilization (%)  |        0|     0|      ~0|      ~0|    0|
+-----------------+---------+------+--------+--------+-----+

+ Detail: 
    * Instance: 
    N/A

    * DSP: 
    N/A

    * Memory: 
    N/A

    * FIFO: 
    N/A

    * Expression: 
    +----------------------------------+----------+----+---+----+------------+------------+
    |           Variable Name          | Operation| DSP| FF| LUT| Bitwidth P0| Bitwidth P1|
    +----------------------------------+----------+----+---+----+------------+------------+
    |i_17_fu_109_p2                    |         +|   0|  0|  18|          11|           1|
    |ap_block_state1_pp0_stage0_iter0  |       and|   0|  0|   2|           1|           1|
    |icmp_ln30_fu_103_p2               |      icmp|   0|  0|  18|          11|          11|
    |ap_block_pp0_stage0_01001         |        or|   0|  0|   2|           1|           1|
    |ap_enable_pp0                     |       xor|   0|  0|   2|           1|           2|
    +----------------------------------+----------+----+---+----+------------+------------+
    |Total                             |          |   0|  0|  42|          25|          16|
    +----------------------------------+----------+----+---+----+------------+------------+

    * Multiplexer: 
    +-------------------------+----+-----------+-----+-----------+
    |           Name          | LUT| Input Size| Bits| Total Bits|
    +-------------------------+----+-----------+-----+-----------+
    |ap_done_int              |   9|          2|    1|          2|
    |ap_enable_reg_pp0_iter1  |   9|          2|    1|          2|
    |ap_sig_allocacmp_i_16    |   9|          2|   11|         22|
    |i_fu_66                  |   9|          2|   11|         22|
    |in_stream_TDATA_blk_n    |   9|          2|    1|          2|
    |input_local_blk_n        |   9|          2|    1|          2|
    +-------------------------+----+-----------+-----+-----------+
    |Total                    |  54|         12|   26|         52|
    +-------------------------+----+-----------+-----+-----------+

    * Register: 
    +-------------------------+----+----+-----+-----------+
    |           Name          | FF | LUT| Bits| Const Bits|
    +-------------------------+----+----+-----+-----------+
    |ap_CS_fsm                |   1|   0|    1|          0|
    |ap_done_reg              |   1|   0|    1|          0|
    |ap_enable_reg_pp0_iter1  |   1|   0|    1|          0|
    |i_fu_66                  |  11|   0|   11|          0|
    |tmp_47_reg_164           |   6|   0|    6|          0|
    |trunc_ln41_reg_159       |   6|   0|    6|          0|
    +-------------------------+----+----+-----+-----------+
    |Total                    |  26|   0|   26|          0|
    +-------------------------+----+----+-----+-----------+



================================================================
== Interface
================================================================
* Summary: 
+--------------------+-----+-----+------------+----------------------------------------+--------------+
|      RTL Ports     | Dir | Bits|  Protocol  |              Source Object             |    C Type    |
+--------------------+-----+-----+------------+----------------------------------------+--------------+
|ap_clk              |   in|    1|  ap_ctrl_hs|  myproject_axi_Pipeline_VITIS_LOOP_30_1|  return value|
|ap_rst              |   in|    1|  ap_ctrl_hs|  myproject_axi_Pipeline_VITIS_LOOP_30_1|  return value|
|ap_start            |   in|    1|  ap_ctrl_hs|  myproject_axi_Pipeline_VITIS_LOOP_30_1|  return value|
|ap_done             |  out|    1|  ap_ctrl_hs|  myproject_axi_Pipeline_VITIS_LOOP_30_1|  return value|
|ap_idle             |  out|    1|  ap_ctrl_hs|  myproject_axi_Pipeline_VITIS_LOOP_30_1|  return value|
|ap_ready            |  out|    1|  ap_ctrl_hs|  myproject_axi_Pipeline_VITIS_LOOP_30_1|  return value|
|in_stream_TVALID    |   in|    1|        axis|                      in_stream_V_data_V|       pointer|
|in_stream_TDATA     |   in|   32|        axis|                      in_stream_V_data_V|       pointer|
|input_local_din     |  out|   32|     ap_fifo|                             input_local|       pointer|
|input_local_full_n  |   in|    1|     ap_fifo|                             input_local|       pointer|
|input_local_write   |  out|    1|     ap_fifo|                             input_local|       pointer|
|in_stream_TREADY    |  out|    1|        axis|                      in_stream_V_dest_V|       pointer|
|in_stream_TDEST     |   in|    1|        axis|                      in_stream_V_dest_V|       pointer|
|in_stream_TKEEP     |   in|    4|        axis|                      in_stream_V_keep_V|       pointer|
|in_stream_TSTRB     |   in|    4|        axis|                      in_stream_V_strb_V|       pointer|
|in_stream_TUSER     |   in|    4|        axis|                      in_stream_V_user_V|       pointer|
|in_stream_TLAST     |   in|    1|        axis|                      in_stream_V_last_V|       pointer|
|in_stream_TID       |   in|    4|        axis|                        in_stream_V_id_V|       pointer|
+--------------------+-----+-----+------------+----------------------------------------+--------------+

