

================================================================
== Vitis HLS Report for 'zeropad2d_cl_array_array_ap_ufixed_4_3_4_0_0_8u_config25_s'
================================================================
* Date:           Mon Mar 30 19:13:42 2026

* Version:        2023.2 (Build 4023990 on Oct 11 2023)
* Project:        myproject_prj
* Solution:       solution1 (Vivado IP Flow Target)
* Product family: zynquplus
* Target device:  xck26-sfvc784-2LV-c


================================================================
== Performance Estimates
================================================================
+ Timing: 
    * Summary: 
    +--------+---------+----------+------------+
    |  Clock |  Target | Estimated| Uncertainty|
    +--------+---------+----------+------------+
    |ap_clk  |  5.00 ns|  1.825 ns|     1.35 ns|
    +--------+---------+----------+------------+

+ Latency: 
    * Summary: 
    +---------+---------+----------+----------+-----+-----+---------+
    |  Latency (cycles) |  Latency (absolute) |  Interval | Pipeline|
    |   min   |   max   |    min   |    max   | min | max |   Type  |
    +---------+---------+----------+----------+-----+-----+---------+
    |      421|      421|  2.105 us|  2.105 us|  421|  421|       no|
    +---------+---------+----------+----------+-----+-----+---------+

    + Detail: 
        * Instance: 
        +-----------------------------------------------------------------------------------------+-------------------------------------------------------------------------------+---------+---------+----------+----------+-----+-----+---------+
        |                                                                                         |                                                                               |  Latency (cycles) |  Latency (absolute) |  Interval | Pipeline|
        |                                         Instance                                        |                                     Module                                    |   min   |   max   |    min   |    max   | min | max |   Type  |
        +-----------------------------------------------------------------------------------------+-------------------------------------------------------------------------------+---------+---------+----------+----------+-----+-----+---------+
        |grp_zeropad2d_cl_array_array_ap_ufixed_4_3_4_0_0_8u_config25_Pipeline_PadTopWidth_fu_22  |zeropad2d_cl_array_array_ap_ufixed_4_3_4_0_0_8u_config25_Pipeline_PadTopWidth  |       36|       36|  0.180 us|  0.180 us|   36|   36|       no|
        |grp_zeropad2d_cl_array_array_ap_ufixed_4_3_4_0_0_8u_config25_Pipeline_PadMain_fu_28      |zeropad2d_cl_array_array_ap_ufixed_4_3_4_0_0_8u_config25_Pipeline_PadMain      |      342|      342|  1.710 us|  1.710 us|  342|  342|       no|
        |grp_zeropad2d_cl_array_array_ap_ufixed_8u_config25_Pipeline_PadBottomWidth_fu_36         |zeropad2d_cl_array_array_ap_ufixed_8u_config25_Pipeline_PadBottomWidth         |       36|       36|  0.180 us|  0.180 us|   36|   36|       no|
        +-----------------------------------------------------------------------------------------+-------------------------------------------------------------------------------+---------+---------+----------+----------+-----+-----+---------+

        * Loop: 
        N/A



================================================================
== Utilization Estimates
================================================================
* Summary: 
+-----------------+---------+------+--------+--------+-----+
|       Name      | BRAM_18K|  DSP |   FF   |   LUT  | URAM|
+-----------------+---------+------+--------+--------+-----+
|DSP              |        -|     -|       -|       -|    -|
|Expression       |        -|     -|       0|       2|    -|
|FIFO             |        -|     -|       -|       -|    -|
|Instance         |        -|     -|      96|     493|    -|
|Memory           |        -|     -|       -|       -|    -|
|Multiplexer      |        -|     -|       -|     110|    -|
|Register         |        -|     -|      13|       -|    -|
+-----------------+---------+------+--------+--------+-----+
|Total            |        0|     0|     109|     605|    0|
+-----------------+---------+------+--------+--------+-----+
|Available        |      288|  1248|  234240|  117120|   64|
+-----------------+---------+------+--------+--------+-----+
|Utilization (%)  |        0|     0|      ~0|      ~0|    0|
+-----------------+---------+------+--------+--------+-----+

+ Detail: 
    * Instance: 
    +-----------------------------------------------------------------------------------------+-------------------------------------------------------------------------------+---------+----+----+-----+-----+
    |                                         Instance                                        |                                     Module                                    | BRAM_18K| DSP| FF | LUT | URAM|
    +-----------------------------------------------------------------------------------------+-------------------------------------------------------------------------------+---------+----+----+-----+-----+
    |grp_zeropad2d_cl_array_array_ap_ufixed_4_3_4_0_0_8u_config25_Pipeline_PadMain_fu_28      |zeropad2d_cl_array_array_ap_ufixed_4_3_4_0_0_8u_config25_Pipeline_PadMain      |        0|   0|  78|  343|    0|
    |grp_zeropad2d_cl_array_array_ap_ufixed_4_3_4_0_0_8u_config25_Pipeline_PadTopWidth_fu_22  |zeropad2d_cl_array_array_ap_ufixed_4_3_4_0_0_8u_config25_Pipeline_PadTopWidth  |        0|   0|   9|   75|    0|
    |grp_zeropad2d_cl_array_array_ap_ufixed_8u_config25_Pipeline_PadBottomWidth_fu_36         |zeropad2d_cl_array_array_ap_ufixed_8u_config25_Pipeline_PadBottomWidth         |        0|   0|   9|   75|    0|
    +-----------------------------------------------------------------------------------------+-------------------------------------------------------------------------------+---------+----+----+-----+-----+
    |Total                                                                                    |                                                                               |        0|   0|  96|  493|    0|
    +-----------------------------------------------------------------------------------------+-------------------------------------------------------------------------------+---------+----+----+-----+-----+

    * DSP: 
    N/A

    * Memory: 
    N/A

    * FIFO: 
    N/A

    * Expression: 
    +-----------------+----------+----+---+----+------------+------------+
    |  Variable Name  | Operation| DSP| FF| LUT| Bitwidth P0| Bitwidth P1|
    +-----------------+----------+----+---+----+------------+------------+
    |ap_block_state1  |        or|   0|  0|   2|           1|           1|
    +-----------------+----------+----+---+----+------------+------------+
    |Total            |          |   0|  0|   2|           1|           1|
    +-----------------+----------+----+---+----+------------+------------+

    * Multiplexer: 
    +-------------------+----+-----------+-----+-----------+
    |        Name       | LUT| Input Size| Bits| Total Bits|
    +-------------------+----+-----------+-----+-----------+
    |ap_NS_fsm          |  49|          9|    1|          9|
    |ap_done            |   9|          2|    1|          2|
    |layer25_out_din    |  14|          3|   32|         96|
    |layer25_out_write  |  20|          4|    1|          4|
    |layer6_out_read    |   9|          2|    1|          2|
    |real_start         |   9|          2|    1|          2|
    +-------------------+----+-----------+-----+-----------+
    |Total              | 110|         22|   37|        115|
    +-------------------+----+-----------+-----+-----------+

    * Register: 
    +------------------------------------------------------------------------------------------------------+---+----+-----+-----------+
    |                                                 Name                                                 | FF| LUT| Bits| Const Bits|
    +------------------------------------------------------------------------------------------------------+---+----+-----+-----------+
    |ap_CS_fsm                                                                                             |  8|   0|    8|          0|
    |ap_done_reg                                                                                           |  1|   0|    1|          0|
    |grp_zeropad2d_cl_array_array_ap_ufixed_4_3_4_0_0_8u_config25_Pipeline_PadMain_fu_28_ap_start_reg      |  1|   0|    1|          0|
    |grp_zeropad2d_cl_array_array_ap_ufixed_4_3_4_0_0_8u_config25_Pipeline_PadTopWidth_fu_22_ap_start_reg  |  1|   0|    1|          0|
    |grp_zeropad2d_cl_array_array_ap_ufixed_8u_config25_Pipeline_PadBottomWidth_fu_36_ap_start_reg         |  1|   0|    1|          0|
    |start_once_reg                                                                                        |  1|   0|    1|          0|
    +------------------------------------------------------------------------------------------------------+---+----+-----+-----------+
    |Total                                                                                                 | 13|   0|   13|          0|
    +------------------------------------------------------------------------------------------------------+---+----+-----+-----------+



================================================================
== Interface
================================================================
* Summary: 
+----------------------------+-----+-----+------------+-------------------------------------------------------------+--------------+
|          RTL Ports         | Dir | Bits|  Protocol  |                        Source Object                        |    C Type    |
+----------------------------+-----+-----+------------+-------------------------------------------------------------+--------------+
|ap_clk                      |   in|    1|  ap_ctrl_hs|  zeropad2d_cl<array,array<ap_ufixed<4,3,4,0,0>,8u>,config25>|  return value|
|ap_rst                      |   in|    1|  ap_ctrl_hs|  zeropad2d_cl<array,array<ap_ufixed<4,3,4,0,0>,8u>,config25>|  return value|
|ap_start                    |   in|    1|  ap_ctrl_hs|  zeropad2d_cl<array,array<ap_ufixed<4,3,4,0,0>,8u>,config25>|  return value|
|start_full_n                |   in|    1|  ap_ctrl_hs|  zeropad2d_cl<array,array<ap_ufixed<4,3,4,0,0>,8u>,config25>|  return value|
|ap_done                     |  out|    1|  ap_ctrl_hs|  zeropad2d_cl<array,array<ap_ufixed<4,3,4,0,0>,8u>,config25>|  return value|
|ap_continue                 |   in|    1|  ap_ctrl_hs|  zeropad2d_cl<array,array<ap_ufixed<4,3,4,0,0>,8u>,config25>|  return value|
|ap_idle                     |  out|    1|  ap_ctrl_hs|  zeropad2d_cl<array,array<ap_ufixed<4,3,4,0,0>,8u>,config25>|  return value|
|ap_ready                    |  out|    1|  ap_ctrl_hs|  zeropad2d_cl<array,array<ap_ufixed<4,3,4,0,0>,8u>,config25>|  return value|
|start_out                   |  out|    1|  ap_ctrl_hs|  zeropad2d_cl<array,array<ap_ufixed<4,3,4,0,0>,8u>,config25>|  return value|
|start_write                 |  out|    1|  ap_ctrl_hs|  zeropad2d_cl<array,array<ap_ufixed<4,3,4,0,0>,8u>,config25>|  return value|
|layer6_out_dout             |   in|   32|     ap_fifo|                                                   layer6_out|       pointer|
|layer6_out_num_data_valid   |   in|   10|     ap_fifo|                                                   layer6_out|       pointer|
|layer6_out_fifo_cap         |   in|   10|     ap_fifo|                                                   layer6_out|       pointer|
|layer6_out_empty_n          |   in|    1|     ap_fifo|                                                   layer6_out|       pointer|
|layer6_out_read             |  out|    1|     ap_fifo|                                                   layer6_out|       pointer|
|layer25_out_din             |  out|   32|     ap_fifo|                                                  layer25_out|       pointer|
|layer25_out_num_data_valid  |   in|   10|     ap_fifo|                                                  layer25_out|       pointer|
|layer25_out_fifo_cap        |   in|   10|     ap_fifo|                                                  layer25_out|       pointer|
|layer25_out_full_n          |   in|    1|     ap_fifo|                                                  layer25_out|       pointer|
|layer25_out_write           |  out|    1|     ap_fifo|                                                  layer25_out|       pointer|
+----------------------------+-----+-----+------------+-------------------------------------------------------------+--------------+

