

================================================================
== Vitis HLS Report for 'normalize_array_ap_fixed_8u_array_ap_fixed_55_26_5_3_0_8u_config4_s'
================================================================
* Date:           Sun Mar 22 09:48:39 2026

* Version:        2023.2 (Build 4023990 on Oct 11 2023)
* Project:        myproject_prj
* Solution:       solution1 (Vivado IP Flow Target)
* Product family: zynquplus
* Target device:  xck26-sfvc784-2LV-c


================================================================
== Performance Estimates
================================================================
+ Timing: 
    * Summary: 
    +--------+---------+----------+------------+
    |  Clock |  Target | Estimated| Uncertainty|
    +--------+---------+----------+------------+
    |ap_clk  |  5.00 ns|  3.570 ns|     1.35 ns|
    +--------+---------+----------+------------+

+ Latency: 
    * Summary: 
    +---------+---------+----------+----------+------+------+---------+
    |  Latency (cycles) |  Latency (absolute) |   Interval  | Pipeline|
    |   min   |   max   |    min   |    max   |  min |  max |   Type  |
    +---------+---------+----------+----------+------+------+---------+
    |     1284|     1284|  6.420 us|  6.420 us|  1284|  1284|       no|
    +---------+---------+----------+----------+------+------+---------+

    + Detail: 
        * Instance: 
        N/A

        * Loop: 
        +-----------------+---------+---------+----------+-----------+-----------+------+----------+
        |                 |  Latency (cycles) | Iteration|  Initiation Interval  | Trip |          |
        |    Loop Name    |   min   |   max   |  Latency |  achieved |   target  | Count| Pipelined|
        +-----------------+---------+---------+----------+-----------+-----------+------+----------+
        |- BatchNormLoop  |     1282|     1282|         4|          1|          1|  1280|       yes|
        +-----------------+---------+---------+----------+-----------+-----------+------+----------+

============================================================
+ Verbose Summary: Synthesis Manager
============================================================
InlineROM: 1
ExposeGlobal: 0
============================================================
+ Verbose Summary: CDFG Model
============================================================
IsTopModel: 0
ResetActiveHigh: 1
IsCombinational: 2
IsDatapathOnly: 0
HasWiredReturn: 1
HasMFsm: 2
HasVarLatency: 1
IsPipeline: 0
IsRtlPipelined: 0
IsInstanceOverlapped: 0
IsDontTouch: 0
HasImplIP: 0
IsGatedGlobalClock: 0

+ Individual pipeline summary: 
  * Pipeline-0: initiation interval (II) = 1, depth = 4


============================================================
+ Verbose Summary: Schedule
============================================================
* Number of FSM states : 4
* Pipeline : 1
  Pipeline-0 : II = 1, D = 4, States = { 1 2 3 4 }
* Dataflow Pipeline: 0

* FSM state transitions: 
1 --> 2 
2 --> 3 
3 --> 4 
4 --> 

* FSM state operations: 

State 1 <SV = 0> <Delay = 1.65>
ST_1 : Operation 7 [1/1] (0.00ns)   --->   "%i_02 = alloca i32 1" [firmware/nnet_utils/nnet_batchnorm_stream.h:25]   --->   Operation 7 'alloca' 'i_02' <Predicate = true> <Delay = 0.00>
ST_1 : Operation 8 [1/1] (0.00ns)   --->   "%specinterface_ln0 = specinterface void @_ssdm_op_SpecInterface, i440 %layer4_out, void @empty_11, i32 0, i32 0, void @empty_1, i32 0, i32 0, void @empty_1, void @empty_1, void @empty_1, i32 0, i32 0, i32 0, i32 0, void @empty_1, void @empty_1, i32 4294967295, i32 0"   --->   Operation 8 'specinterface' 'specinterface_ln0' <Predicate = true> <Delay = 0.00>
ST_1 : Operation 9 [1/1] (0.00ns)   --->   "%specinterface_ln0 = specinterface void @_ssdm_op_SpecInterface, i304 %layer2_out, void @empty_11, i32 0, i32 0, void @empty_1, i32 0, i32 0, void @empty_1, void @empty_1, void @empty_1, i32 0, i32 0, i32 0, i32 0, void @empty_1, void @empty_1, i32 4294967295, i32 0"   --->   Operation 9 'specinterface' 'specinterface_ln0' <Predicate = true> <Delay = 0.00>
ST_1 : Operation 10 [1/1] (0.00ns)   --->   "%specresourcelimit_ln22 = specresourcelimit void @_ssdm_op_SpecResourceLimit, i64 10240, void @empty_13, void @empty_1, void @empty_1, void @empty_1" [firmware/nnet_utils/nnet_batchnorm_stream.h:22]   --->   Operation 10 'specresourcelimit' 'specresourcelimit_ln22' <Predicate = true> <Delay = 0.00>
ST_1 : Operation 11 [1/1] (0.42ns)   --->   "%store_ln25 = store i11 0, i11 %i_02" [firmware/nnet_utils/nnet_batchnorm_stream.h:25]   --->   Operation 11 'store' 'store_ln25' <Predicate = true> <Delay = 0.42>
ST_1 : Operation 12 [1/1] (0.00ns)   --->   "%br_ln25 = br void %BatchNormpack" [firmware/nnet_utils/nnet_batchnorm_stream.h:25]   --->   Operation 12 'br' 'br_ln25' <Predicate = true> <Delay = 0.00>
ST_1 : Operation 13 [1/1] (0.00ns)   --->   "%i = load i11 %i_02" [firmware/nnet_utils/nnet_batchnorm_stream.h:25]   --->   Operation 13 'load' 'i' <Predicate = true> <Delay = 0.00>
ST_1 : Operation 14 [1/1] (0.79ns)   --->   "%icmp_ln25 = icmp_eq  i11 %i, i11 1280" [firmware/nnet_utils/nnet_batchnorm_stream.h:25]   --->   Operation 14 'icmp' 'icmp_ln25' <Predicate = true> <Delay = 0.79> <CoreInst = "Cmp">   --->   Core 9 'Cmp' <Latency = 0> <II = 1> <Delay = 0.79> <FuncUnit> <Opcode : 'icmp'> <InPorts = 2> <OutPorts = 1>
ST_1 : Operation 15 [1/1] (0.79ns)   --->   "%i_15 = add i11 %i, i11 1" [firmware/nnet_utils/nnet_batchnorm_stream.h:25]   --->   Operation 15 'add' 'i_15' <Predicate = true> <Delay = 0.79> <CoreInst = "Adder">   --->   Core 1 'Adder' <Latency = 0> <II = 1> <Delay = 0.79> <FuncUnit> <Opcode : 'add' 'sub'> <InPorts = 2> <OutPorts = 1>
ST_1 : Operation 16 [1/1] (0.00ns)   --->   "%br_ln25 = br i1 %icmp_ln25, void %BatchNormpack.split, void %for.end12" [firmware/nnet_utils/nnet_batchnorm_stream.h:25]   --->   Operation 16 'br' 'br_ln25' <Predicate = true> <Delay = 0.00>
ST_1 : Operation 17 [1/1] (0.42ns)   --->   "%store_ln25 = store i11 %i_15, i11 %i_02" [firmware/nnet_utils/nnet_batchnorm_stream.h:25]   --->   Operation 17 'store' 'store_ln25' <Predicate = (!icmp_ln25)> <Delay = 0.42>

State 2 <SV = 1> <Delay = 1.75>
ST_2 : Operation 18 [1/1] (1.75ns)   --->   "%layer2_out_read = read i304 @_ssdm_op_Read.ap_fifo.volatile.i304P0A, i304 %layer2_out" [firmware/nnet_utils/nnet_batchnorm_stream.h:28]   --->   Operation 18 'read' 'layer2_out_read' <Predicate = true> <Delay = 1.75> <CoreInst = "FIFO">   --->   Core 78 'FIFO' <Latency = 0> <II = 1> <Delay = 1.75> <Storage> <Opcode : 'read' 'write' 'nbread' 'nbwrite'> <Ports = 0> <Width = 304> <Depth = 1280> <FIFO>
ST_2 : Operation 19 [1/1] (0.00ns)   --->   "%a = trunc i304 %layer2_out_read" [firmware/nnet_utils/nnet_batchnorm_stream.h:28]   --->   Operation 19 'trunc' 'a' <Predicate = true> <Delay = 0.00>
ST_2 : Operation 20 [1/1] (0.00ns)   --->   "%a_11 = partselect i38 @_ssdm_op_PartSelect.i38.i304.i32.i32, i304 %layer2_out_read, i32 38, i32 75" [firmware/nnet_utils/nnet_batchnorm_stream.h:28]   --->   Operation 20 'partselect' 'a_11' <Predicate = true> <Delay = 0.00>
ST_2 : Operation 21 [1/1] (0.00ns)   --->   "%a_5 = partselect i38 @_ssdm_op_PartSelect.i38.i304.i32.i32, i304 %layer2_out_read, i32 76, i32 113" [firmware/nnet_utils/nnet_batchnorm_stream.h:28]   --->   Operation 21 'partselect' 'a_5' <Predicate = true> <Delay = 0.00>
ST_2 : Operation 22 [1/1] (0.00ns)   --->   "%a_6 = partselect i38 @_ssdm_op_PartSelect.i38.i304.i32.i32, i304 %layer2_out_read, i32 114, i32 151" [firmware/nnet_utils/nnet_batchnorm_stream.h:28]   --->   Operation 22 'partselect' 'a_6' <Predicate = true> <Delay = 0.00>
ST_2 : Operation 23 [1/1] (0.00ns)   --->   "%a_7 = partselect i38 @_ssdm_op_PartSelect.i38.i304.i32.i32, i304 %layer2_out_read, i32 152, i32 189" [firmware/nnet_utils/nnet_batchnorm_stream.h:28]   --->   Operation 23 'partselect' 'a_7' <Predicate = true> <Delay = 0.00>
ST_2 : Operation 24 [1/1] (0.00ns)   --->   "%a_8 = partselect i38 @_ssdm_op_PartSelect.i38.i304.i32.i32, i304 %layer2_out_read, i32 190, i32 227" [firmware/nnet_utils/nnet_batchnorm_stream.h:28]   --->   Operation 24 'partselect' 'a_8' <Predicate = true> <Delay = 0.00>
ST_2 : Operation 25 [1/1] (0.00ns)   --->   "%a_9 = partselect i38 @_ssdm_op_PartSelect.i38.i304.i32.i32, i304 %layer2_out_read, i32 228, i32 265" [firmware/nnet_utils/nnet_batchnorm_stream.h:28]   --->   Operation 25 'partselect' 'a_9' <Predicate = true> <Delay = 0.00>
ST_2 : Operation 26 [1/1] (0.00ns)   --->   "%a_1 = partselect i38 @_ssdm_op_PartSelect.i38.i304.i32.i32, i304 %layer2_out_read, i32 266, i32 303" [firmware/nnet_utils/nnet_batchnorm_stream.h:28]   --->   Operation 26 'partselect' 'a_1' <Predicate = true> <Delay = 0.00>

State 3 <SV = 2> <Delay = 3.57>
ST_3 : Operation 27 [1/1] (0.00ns)   --->   "%sext_ln42 = sext i38 %a" [firmware/nnet_utils/nnet_batchnorm_stream.h:42]   --->   Operation 27 'sext' 'sext_ln42' <Predicate = true> <Delay = 0.00>
ST_3 : Operation 28 [1/1] (3.57ns)   --->   "%mul_ln42 = mul i48 %sext_ln42, i48 847" [firmware/nnet_utils/nnet_batchnorm_stream.h:42]   --->   Operation 28 'mul' 'mul_ln42' <Predicate = true> <Delay = 3.57> <CoreInst = "Multiplier">   --->   Core 3 'Multiplier' <Latency = 0> <II = 1> <Delay = 3.57> <FuncUnit> <Opcode : 'mul'> <InPorts = 2> <OutPorts = 1>
ST_3 : Operation 29 [1/1] (0.00ns)   --->   "%sext_ln42_4 = sext i38 %a_11" [firmware/nnet_utils/nnet_batchnorm_stream.h:42]   --->   Operation 29 'sext' 'sext_ln42_4' <Predicate = true> <Delay = 0.00>
ST_3 : Operation 30 [1/1] (3.57ns)   --->   "%mul_ln42_4 = mul i49 %sext_ln42_4, i49 2028" [firmware/nnet_utils/nnet_batchnorm_stream.h:42]   --->   Operation 30 'mul' 'mul_ln42_4' <Predicate = true> <Delay = 3.57> <CoreInst = "Multiplier">   --->   Core 3 'Multiplier' <Latency = 0> <II = 1> <Delay = 3.57> <FuncUnit> <Opcode : 'mul'> <InPorts = 2> <OutPorts = 1>
ST_3 : Operation 31 [1/1] (0.00ns)   --->   "%sext_ln42_5 = sext i38 %a_5" [firmware/nnet_utils/nnet_batchnorm_stream.h:42]   --->   Operation 31 'sext' 'sext_ln42_5' <Predicate = true> <Delay = 0.00>
ST_3 : Operation 32 [1/1] (3.57ns)   --->   "%mul_ln42_5 = mul i50 %sext_ln42_5, i50 2106" [firmware/nnet_utils/nnet_batchnorm_stream.h:42]   --->   Operation 32 'mul' 'mul_ln42_5' <Predicate = true> <Delay = 3.57> <CoreInst = "Multiplier">   --->   Core 3 'Multiplier' <Latency = 0> <II = 1> <Delay = 3.57> <FuncUnit> <Opcode : 'mul'> <InPorts = 2> <OutPorts = 1>
ST_3 : Operation 33 [1/1] (0.00ns)   --->   "%sext_ln42_6 = sext i38 %a_6" [firmware/nnet_utils/nnet_batchnorm_stream.h:42]   --->   Operation 33 'sext' 'sext_ln42_6' <Predicate = true> <Delay = 0.00>
ST_3 : Operation 34 [1/1] (3.57ns)   --->   "%mul_ln42_6 = mul i49 %sext_ln42_6, i49 1110" [firmware/nnet_utils/nnet_batchnorm_stream.h:42]   --->   Operation 34 'mul' 'mul_ln42_6' <Predicate = true> <Delay = 3.57> <CoreInst = "Multiplier">   --->   Core 3 'Multiplier' <Latency = 0> <II = 1> <Delay = 3.57> <FuncUnit> <Opcode : 'mul'> <InPorts = 2> <OutPorts = 1>
ST_3 : Operation 35 [1/1] (0.00ns)   --->   "%sext_ln42_7 = sext i38 %a_7" [firmware/nnet_utils/nnet_batchnorm_stream.h:42]   --->   Operation 35 'sext' 'sext_ln42_7' <Predicate = true> <Delay = 0.00>
ST_3 : Operation 36 [1/1] (3.57ns)   --->   "%mul_ln42_7 = mul i49 %sext_ln42_7, i49 1619" [firmware/nnet_utils/nnet_batchnorm_stream.h:42]   --->   Operation 36 'mul' 'mul_ln42_7' <Predicate = true> <Delay = 3.57> <CoreInst = "Multiplier">   --->   Core 3 'Multiplier' <Latency = 0> <II = 1> <Delay = 3.57> <FuncUnit> <Opcode : 'mul'> <InPorts = 2> <OutPorts = 1>
ST_3 : Operation 37 [1/1] (0.00ns)   --->   "%sext_ln42_8 = sext i38 %a_8" [firmware/nnet_utils/nnet_batchnorm_stream.h:42]   --->   Operation 37 'sext' 'sext_ln42_8' <Predicate = true> <Delay = 0.00>
ST_3 : Operation 38 [1/1] (3.57ns)   --->   "%mul_ln42_8 = mul i49 %sext_ln42_8, i49 1125" [firmware/nnet_utils/nnet_batchnorm_stream.h:42]   --->   Operation 38 'mul' 'mul_ln42_8' <Predicate = true> <Delay = 3.57> <CoreInst = "Multiplier">   --->   Core 3 'Multiplier' <Latency = 0> <II = 1> <Delay = 3.57> <FuncUnit> <Opcode : 'mul'> <InPorts = 2> <OutPorts = 1>
ST_3 : Operation 39 [1/1] (0.00ns)   --->   "%sext_ln42_9 = sext i38 %a_9" [firmware/nnet_utils/nnet_batchnorm_stream.h:42]   --->   Operation 39 'sext' 'sext_ln42_9' <Predicate = true> <Delay = 0.00>
ST_3 : Operation 40 [1/1] (3.57ns)   --->   "%mul_ln42_9 = mul i49 %sext_ln42_9, i49 1270" [firmware/nnet_utils/nnet_batchnorm_stream.h:42]   --->   Operation 40 'mul' 'mul_ln42_9' <Predicate = true> <Delay = 3.57> <CoreInst = "Multiplier">   --->   Core 3 'Multiplier' <Latency = 0> <II = 1> <Delay = 3.57> <FuncUnit> <Opcode : 'mul'> <InPorts = 2> <OutPorts = 1>
ST_3 : Operation 41 [1/1] (0.00ns)   --->   "%sext_ln42_10 = sext i38 %a_1" [firmware/nnet_utils/nnet_batchnorm_stream.h:42]   --->   Operation 41 'sext' 'sext_ln42_10' <Predicate = true> <Delay = 0.00>
ST_3 : Operation 42 [1/1] (3.57ns)   --->   "%mul_ln42_10 = mul i49 %sext_ln42_10, i49 1255" [firmware/nnet_utils/nnet_batchnorm_stream.h:42]   --->   Operation 42 'mul' 'mul_ln42_10' <Predicate = true> <Delay = 3.57> <CoreInst = "Multiplier">   --->   Core 3 'Multiplier' <Latency = 0> <II = 1> <Delay = 3.57> <FuncUnit> <Opcode : 'mul'> <InPorts = 2> <OutPorts = 1>
ST_3 : Operation 65 [1/1] (0.00ns)   --->   "%ret_ln48 = ret" [firmware/nnet_utils/nnet_batchnorm_stream.h:48]   --->   Operation 65 'ret' 'ret_ln48' <Predicate = (icmp_ln25)> <Delay = 0.00>

State 4 <SV = 3> <Delay = 2.85>
ST_4 : Operation 43 [1/1] (0.00ns)   --->   "%specpipeline_ln26 = specpipeline void @_ssdm_op_SpecPipeline, i32 1, i32 0, i32 0, i32 0, void @empty_1" [firmware/nnet_utils/nnet_batchnorm_stream.h:26]   --->   Operation 43 'specpipeline' 'specpipeline_ln26' <Predicate = true> <Delay = 0.00>
ST_4 : Operation 44 [1/1] (0.00ns)   --->   "%speclooptripcount_ln25 = speclooptripcount void @_ssdm_op_SpecLoopTripCount, i64 1280, i64 1280, i64 1280" [firmware/nnet_utils/nnet_batchnorm_stream.h:25]   --->   Operation 44 'speclooptripcount' 'speclooptripcount_ln25' <Predicate = true> <Delay = 0.00>
ST_4 : Operation 45 [1/1] (0.00ns)   --->   "%specloopname_ln25 = specloopname void @_ssdm_op_SpecLoopName, void @empty_15" [firmware/nnet_utils/nnet_batchnorm_stream.h:25]   --->   Operation 45 'specloopname' 'specloopname_ln25' <Predicate = true> <Delay = 0.00>
ST_4 : Operation 46 [1/1] (1.09ns)   --->   "%add_ln42 = add i48 %mul_ln42, i48 281474949447680" [firmware/nnet_utils/nnet_batchnorm_stream.h:42]   --->   Operation 46 'add' 'add_ln42' <Predicate = true> <Delay = 1.09> <CoreInst = "Adder">   --->   Core 1 'Adder' <Latency = 0> <II = 1> <Delay = 1.09> <FuncUnit> <Opcode : 'add' 'sub'> <InPorts = 2> <OutPorts = 1>
ST_4 : Operation 47 [1/1] (0.00ns)   --->   "%sext_ln70 = sext i48 %add_ln42" [firmware/nnet_utils/nnet_mult.h:70->firmware/nnet_utils/nnet_batchnorm_stream.h:41]   --->   Operation 47 'sext' 'sext_ln70' <Predicate = true> <Delay = 0.00>
ST_4 : Operation 48 [1/1] (1.09ns)   --->   "%add_ln42_15 = add i49 %mul_ln42_4, i49 562949798232064" [firmware/nnet_utils/nnet_batchnorm_stream.h:42]   --->   Operation 48 'add' 'add_ln42_15' <Predicate = true> <Delay = 1.09> <CoreInst = "Adder">   --->   Core 1 'Adder' <Latency = 0> <II = 1> <Delay = 1.09> <FuncUnit> <Opcode : 'add' 'sub'> <InPorts = 2> <OutPorts = 1>
ST_4 : Operation 49 [1/1] (0.00ns)   --->   "%sext_ln70_13 = sext i49 %add_ln42_15" [firmware/nnet_utils/nnet_mult.h:70->firmware/nnet_utils/nnet_batchnorm_stream.h:41]   --->   Operation 49 'sext' 'sext_ln70_13' <Predicate = true> <Delay = 0.00>
ST_4 : Operation 50 [1/1] (1.10ns)   --->   "%add_ln42_16 = add i50 %mul_ln42_5, i50 144703488" [firmware/nnet_utils/nnet_batchnorm_stream.h:42]   --->   Operation 50 'add' 'add_ln42_16' <Predicate = true> <Delay = 1.10> <CoreInst = "Adder">   --->   Core 1 'Adder' <Latency = 0> <II = 1> <Delay = 1.10> <FuncUnit> <Opcode : 'add' 'sub'> <InPorts = 2> <OutPorts = 1>
ST_4 : Operation 51 [1/1] (0.00ns)   --->   "%sext_ln70_14 = sext i50 %add_ln42_16" [firmware/nnet_utils/nnet_mult.h:70->firmware/nnet_utils/nnet_batchnorm_stream.h:41]   --->   Operation 51 'sext' 'sext_ln70_14' <Predicate = true> <Delay = 0.00>
ST_4 : Operation 52 [1/1] (1.09ns)   --->   "%add_ln42_17 = add i49 %mul_ln42_6, i49 562949927731200" [firmware/nnet_utils/nnet_batchnorm_stream.h:42]   --->   Operation 52 'add' 'add_ln42_17' <Predicate = true> <Delay = 1.09> <CoreInst = "Adder">   --->   Core 1 'Adder' <Latency = 0> <II = 1> <Delay = 1.09> <FuncUnit> <Opcode : 'add' 'sub'> <InPorts = 2> <OutPorts = 1>
ST_4 : Operation 53 [1/1] (0.00ns)   --->   "%sext_ln70_15 = sext i49 %add_ln42_17" [firmware/nnet_utils/nnet_mult.h:70->firmware/nnet_utils/nnet_batchnorm_stream.h:41]   --->   Operation 53 'sext' 'sext_ln70_15' <Predicate = true> <Delay = 0.00>
ST_4 : Operation 54 [1/1] (1.09ns)   --->   "%add_ln42_18 = add i49 %mul_ln42_7, i49 240648192" [firmware/nnet_utils/nnet_batchnorm_stream.h:42]   --->   Operation 54 'add' 'add_ln42_18' <Predicate = true> <Delay = 1.09> <CoreInst = "Adder">   --->   Core 1 'Adder' <Latency = 0> <II = 1> <Delay = 1.09> <FuncUnit> <Opcode : 'add' 'sub'> <InPorts = 2> <OutPorts = 1>
ST_4 : Operation 55 [1/1] (0.00ns)   --->   "%sext_ln70_16 = sext i49 %add_ln42_18" [firmware/nnet_utils/nnet_mult.h:70->firmware/nnet_utils/nnet_batchnorm_stream.h:41]   --->   Operation 55 'sext' 'sext_ln70_16' <Predicate = true> <Delay = 0.00>
ST_4 : Operation 56 [1/1] (1.09ns)   --->   "%add_ln42_19 = add i49 %mul_ln42_8, i49 208666624" [firmware/nnet_utils/nnet_batchnorm_stream.h:42]   --->   Operation 56 'add' 'add_ln42_19' <Predicate = true> <Delay = 1.09> <CoreInst = "Adder">   --->   Core 1 'Adder' <Latency = 0> <II = 1> <Delay = 1.09> <FuncUnit> <Opcode : 'add' 'sub'> <InPorts = 2> <OutPorts = 1>
ST_4 : Operation 57 [1/1] (0.00ns)   --->   "%sext_ln70_17 = sext i49 %add_ln42_19" [firmware/nnet_utils/nnet_mult.h:70->firmware/nnet_utils/nnet_batchnorm_stream.h:41]   --->   Operation 57 'sext' 'sext_ln70_17' <Predicate = true> <Delay = 0.00>
ST_4 : Operation 58 [1/1] (1.09ns)   --->   "%add_ln42_20 = add i49 %mul_ln42_9, i49 91750400" [firmware/nnet_utils/nnet_batchnorm_stream.h:42]   --->   Operation 58 'add' 'add_ln42_20' <Predicate = true> <Delay = 1.09> <CoreInst = "Adder">   --->   Core 1 'Adder' <Latency = 0> <II = 1> <Delay = 1.09> <FuncUnit> <Opcode : 'add' 'sub'> <InPorts = 2> <OutPorts = 1>
ST_4 : Operation 59 [1/1] (0.00ns)   --->   "%sext_ln70_18 = sext i49 %add_ln42_20" [firmware/nnet_utils/nnet_mult.h:70->firmware/nnet_utils/nnet_batchnorm_stream.h:41]   --->   Operation 59 'sext' 'sext_ln70_18' <Predicate = true> <Delay = 0.00>
ST_4 : Operation 60 [1/1] (1.09ns)   --->   "%add_ln42_21 = add i49 %mul_ln42_10, i49 126877696" [firmware/nnet_utils/nnet_batchnorm_stream.h:42]   --->   Operation 60 'add' 'add_ln42_21' <Predicate = true> <Delay = 1.09> <CoreInst = "Adder">   --->   Core 1 'Adder' <Latency = 0> <II = 1> <Delay = 1.09> <FuncUnit> <Opcode : 'add' 'sub'> <InPorts = 2> <OutPorts = 1>
ST_4 : Operation 61 [1/1] (0.00ns)   --->   "%or_ln46_s = bitconcatenate i434 @_ssdm_op_BitConcatenate.i434.i49.i55.i55.i55.i55.i55.i55.i55, i49 %add_ln42_21, i55 %sext_ln70_18, i55 %sext_ln70_17, i55 %sext_ln70_16, i55 %sext_ln70_15, i55 %sext_ln70_14, i55 %sext_ln70_13, i55 %sext_ln70" [firmware/nnet_utils/nnet_batchnorm_stream.h:46]   --->   Operation 61 'bitconcatenate' 'or_ln46_s' <Predicate = true> <Delay = 0.00>
ST_4 : Operation 62 [1/1] (0.00ns)   --->   "%sext_ln46 = sext i434 %or_ln46_s" [firmware/nnet_utils/nnet_batchnorm_stream.h:46]   --->   Operation 62 'sext' 'sext_ln46' <Predicate = true> <Delay = 0.00>
ST_4 : Operation 63 [1/1] (1.75ns)   --->   "%write_ln46 = write void @_ssdm_op_Write.ap_fifo.volatile.i440P0A, i440 %layer4_out, i440 %sext_ln46" [firmware/nnet_utils/nnet_batchnorm_stream.h:46]   --->   Operation 63 'write' 'write_ln46' <Predicate = true> <Delay = 1.75> <CoreInst = "FIFO">   --->   Core 78 'FIFO' <Latency = 0> <II = 1> <Delay = 1.75> <Storage> <Opcode : 'read' 'write' 'nbread' 'nbwrite'> <Ports = 0> <Width = 440> <Depth = 1280> <FIFO>
ST_4 : Operation 64 [1/1] (0.00ns)   --->   "%br_ln25 = br void %BatchNormpack" [firmware/nnet_utils/nnet_batchnorm_stream.h:25]   --->   Operation 64 'br' 'br_ln25' <Predicate = true> <Delay = 0.00>


============================================================
+ Verbose Summary: Binding
============================================================
STG Binding: 
---------------- STG Properties BEGIN ----------------
- Is combinational: 0
- Is one-state seq: 0
- Is datapath-only: 0
- Is pipelined: 0
- Is top level: 0
Port [ Return ] is wired: 1; IO mode=ap_ctrl_hs:ce=0
Port [ layer2_out]:  wired=1; compound=1; hidden=0; nouse=0; global=0; static=0; extern=0; dir=0; type=3; pingpong=0; private_global=0; IO mode=ap_fifo:ce=0
Port [ layer4_out]:  wired=1; compound=1; hidden=0; nouse=0; global=0; static=0; extern=0; dir=1; type=3; pingpong=0; private_global=0; IO mode=ap_fifo:ce=0
---------------- STG Properties END ------------------

---------------- Datapath Model BEGIN ----------------

<LifeTime>
<method=bitvector/>
i_02                   (alloca           ) [ 01000]
specinterface_ln0      (specinterface    ) [ 00000]
specinterface_ln0      (specinterface    ) [ 00000]
specresourcelimit_ln22 (specresourcelimit) [ 00000]
store_ln25             (store            ) [ 00000]
br_ln25                (br               ) [ 00000]
i                      (load             ) [ 00000]
icmp_ln25              (icmp             ) [ 01110]
i_15                   (add              ) [ 00000]
br_ln25                (br               ) [ 00000]
store_ln25             (store            ) [ 00000]
layer2_out_read        (read             ) [ 00000]
a                      (trunc            ) [ 01010]
a_11                   (partselect       ) [ 01010]
a_5                    (partselect       ) [ 01010]
a_6                    (partselect       ) [ 01010]
a_7                    (partselect       ) [ 01010]
a_8                    (partselect       ) [ 01010]
a_9                    (partselect       ) [ 01010]
a_1                    (partselect       ) [ 01010]
sext_ln42              (sext             ) [ 00000]
mul_ln42               (mul              ) [ 01001]
sext_ln42_4            (sext             ) [ 00000]
mul_ln42_4             (mul              ) [ 01001]
sext_ln42_5            (sext             ) [ 00000]
mul_ln42_5             (mul              ) [ 01001]
sext_ln42_6            (sext             ) [ 00000]
mul_ln42_6             (mul              ) [ 01001]
sext_ln42_7            (sext             ) [ 00000]
mul_ln42_7             (mul              ) [ 01001]
sext_ln42_8            (sext             ) [ 00000]
mul_ln42_8             (mul              ) [ 01001]
sext_ln42_9            (sext             ) [ 00000]
mul_ln42_9             (mul              ) [ 01001]
sext_ln42_10           (sext             ) [ 00000]
mul_ln42_10            (mul              ) [ 01001]
specpipeline_ln26      (specpipeline     ) [ 00000]
speclooptripcount_ln25 (speclooptripcount) [ 00000]
specloopname_ln25      (specloopname     ) [ 00000]
add_ln42               (add              ) [ 00000]
sext_ln70              (sext             ) [ 00000]
add_ln42_15            (add              ) [ 00000]
sext_ln70_13           (sext             ) [ 00000]
add_ln42_16            (add              ) [ 00000]
sext_ln70_14           (sext             ) [ 00000]
add_ln42_17            (add              ) [ 00000]
sext_ln70_15           (sext             ) [ 00000]
add_ln42_18            (add              ) [ 00000]
sext_ln70_16           (sext             ) [ 00000]
add_ln42_19            (add              ) [ 00000]
sext_ln70_17           (sext             ) [ 00000]
add_ln42_20            (add              ) [ 00000]
sext_ln70_18           (sext             ) [ 00000]
add_ln42_21            (add              ) [ 00000]
or_ln46_s              (bitconcatenate   ) [ 00000]
sext_ln46              (sext             ) [ 00000]
write_ln46             (write            ) [ 00000]
br_ln25                (br               ) [ 00000]
ret_ln48               (ret              ) [ 00000]
</LifeTime>

<model>

<comp_list>
<comp id="0" class="1000" name="layer2_out">
<pin_list>
<pin id="1" dir="1" index="0" bw="1" slack="0"/>
</pin_list>
<bind>
<StgValue><ssdm name="layer2_out"/></StgValue>
</bind>
</comp>

<comp id="2" class="1000" name="layer4_out">
<pin_list>
<pin id="3" dir="1" index="0" bw="1" slack="0"/>
</pin_list>
<bind>
<StgValue><ssdm name="layer4_out"/></StgValue>
</bind>
</comp>

<comp id="4" class="1001" name="const_4">
<pin_list>
<pin id="5" dir="1" index="0" bw="1" slack="0"/>
</pin_list>
<bind>
<StgValue><ssdm name=""/></StgValue>
</bind>
</comp>

<comp id="6" class="1001" name="const_6">
<pin_list>
<pin id="7" dir="1" index="0" bw="1" slack="2147483647"/>
</pin_list>
<bind>
<StgValue><ssdm name="_ssdm_op_SpecInterface"/></StgValue>
</bind>
</comp>

<comp id="8" class="1001" name="const_8">
<pin_list>
<pin id="9" dir="1" index="0" bw="1" slack="2147483647"/>
</pin_list>
<bind>
<StgValue><ssdm name="empty_11"/></StgValue>
</bind>
</comp>

<comp id="10" class="1001" name="const_10">
<pin_list>
<pin id="11" dir="1" index="0" bw="1" slack="2147483647"/>
</pin_list>
<bind>
<StgValue><ssdm name=""/></StgValue>
</bind>
</comp>

<comp id="12" class="1001" name="const_12">
<pin_list>
<pin id="13" dir="1" index="0" bw="1" slack="2147483647"/>
</pin_list>
<bind>
<StgValue><ssdm name="empty_1"/></StgValue>
</bind>
</comp>

<comp id="14" class="1001" name="const_14">
<pin_list>
<pin id="15" dir="1" index="0" bw="1" slack="2147483647"/>
</pin_list>
<bind>
<StgValue><ssdm name=""/></StgValue>
</bind>
</comp>

<comp id="16" class="1001" name="const_16">
<pin_list>
<pin id="17" dir="1" index="0" bw="1" slack="2147483647"/>
</pin_list>
<bind>
<StgValue><ssdm name="_ssdm_op_SpecResourceLimit"/></StgValue>
</bind>
</comp>

<comp id="18" class="1001" name="const_18">
<pin_list>
<pin id="19" dir="1" index="0" bw="1" slack="2147483647"/>
</pin_list>
<bind>
<StgValue><ssdm name=""/></StgValue>
</bind>
</comp>

<comp id="20" class="1001" name="const_20">
<pin_list>
<pin id="21" dir="1" index="0" bw="1" slack="2147483647"/>
</pin_list>
<bind>
<StgValue><ssdm name="empty_13"/></StgValue>
</bind>
</comp>

<comp id="22" class="1001" name="const_22">
<pin_list>
<pin id="23" dir="1" index="0" bw="1" slack="0"/>
</pin_list>
<bind>
<StgValue><ssdm name=""/></StgValue>
</bind>
</comp>

<comp id="24" class="1001" name="const_24">
<pin_list>
<pin id="25" dir="1" index="0" bw="1" slack="0"/>
</pin_list>
<bind>
<StgValue><ssdm name=""/></StgValue>
</bind>
</comp>

<comp id="26" class="1001" name="const_26">
<pin_list>
<pin id="27" dir="1" index="0" bw="1" slack="0"/>
</pin_list>
<bind>
<StgValue><ssdm name=""/></StgValue>
</bind>
</comp>

<comp id="28" class="1001" name="const_28">
<pin_list>
<pin id="29" dir="1" index="0" bw="1" slack="0"/>
</pin_list>
<bind>
<StgValue><ssdm name="_ssdm_op_Read.ap_fifo.volatile.i304P0A"/></StgValue>
</bind>
</comp>

<comp id="30" class="1001" name="const_30">
<pin_list>
<pin id="31" dir="1" index="0" bw="1" slack="0"/>
</pin_list>
<bind>
<StgValue><ssdm name="_ssdm_op_PartSelect.i38.i304.i32.i32"/></StgValue>
</bind>
</comp>

<comp id="32" class="1001" name="const_32">
<pin_list>
<pin id="33" dir="1" index="0" bw="1" slack="0"/>
</pin_list>
<bind>
<StgValue><ssdm name=""/></StgValue>
</bind>
</comp>

<comp id="34" class="1001" name="const_34">
<pin_list>
<pin id="35" dir="1" index="0" bw="1" slack="0"/>
</pin_list>
<bind>
<StgValue><ssdm name=""/></StgValue>
</bind>
</comp>

<comp id="36" class="1001" name="const_36">
<pin_list>
<pin id="37" dir="1" index="0" bw="1" slack="0"/>
</pin_list>
<bind>
<StgValue><ssdm name=""/></StgValue>
</bind>
</comp>

<comp id="38" class="1001" name="const_38">
<pin_list>
<pin id="39" dir="1" index="0" bw="1" slack="0"/>
</pin_list>
<bind>
<StgValue><ssdm name=""/></StgValue>
</bind>
</comp>

<comp id="40" class="1001" name="const_40">
<pin_list>
<pin id="41" dir="1" index="0" bw="1" slack="0"/>
</pin_list>
<bind>
<StgValue><ssdm name=""/></StgValue>
</bind>
</comp>

<comp id="42" class="1001" name="const_42">
<pin_list>
<pin id="43" dir="1" index="0" bw="1" slack="0"/>
</pin_list>
<bind>
<StgValue><ssdm name=""/></StgValue>
</bind>
</comp>

<comp id="44" class="1001" name="const_44">
<pin_list>
<pin id="45" dir="1" index="0" bw="1" slack="0"/>
</pin_list>
<bind>
<StgValue><ssdm name=""/></StgValue>
</bind>
</comp>

<comp id="46" class="1001" name="const_46">
<pin_list>
<pin id="47" dir="1" index="0" bw="1" slack="0"/>
</pin_list>
<bind>
<StgValue><ssdm name=""/></StgValue>
</bind>
</comp>

<comp id="48" class="1001" name="const_48">
<pin_list>
<pin id="49" dir="1" index="0" bw="1" slack="0"/>
</pin_list>
<bind>
<StgValue><ssdm name=""/></StgValue>
</bind>
</comp>

<comp id="50" class="1001" name="const_50">
<pin_list>
<pin id="51" dir="1" index="0" bw="1" slack="0"/>
</pin_list>
<bind>
<StgValue><ssdm name=""/></StgValue>
</bind>
</comp>

<comp id="52" class="1001" name="const_52">
<pin_list>
<pin id="53" dir="1" index="0" bw="1" slack="0"/>
</pin_list>
<bind>
<StgValue><ssdm name=""/></StgValue>
</bind>
</comp>

<comp id="54" class="1001" name="const_54">
<pin_list>
<pin id="55" dir="1" index="0" bw="1" slack="0"/>
</pin_list>
<bind>
<StgValue><ssdm name=""/></StgValue>
</bind>
</comp>

<comp id="56" class="1001" name="const_56">
<pin_list>
<pin id="57" dir="1" index="0" bw="1" slack="0"/>
</pin_list>
<bind>
<StgValue><ssdm name=""/></StgValue>
</bind>
</comp>

<comp id="58" class="1001" name="const_58">
<pin_list>
<pin id="59" dir="1" index="0" bw="1" slack="0"/>
</pin_list>
<bind>
<StgValue><ssdm name=""/></StgValue>
</bind>
</comp>

<comp id="60" class="1001" name="const_60">
<pin_list>
<pin id="61" dir="1" index="0" bw="1" slack="0"/>
</pin_list>
<bind>
<StgValue><ssdm name=""/></StgValue>
</bind>
</comp>

<comp id="62" class="1001" name="const_62">
<pin_list>
<pin id="63" dir="1" index="0" bw="1" slack="0"/>
</pin_list>
<bind>
<StgValue><ssdm name=""/></StgValue>
</bind>
</comp>

<comp id="64" class="1001" name="const_64">
<pin_list>
<pin id="65" dir="1" index="0" bw="1" slack="0"/>
</pin_list>
<bind>
<StgValue><ssdm name=""/></StgValue>
</bind>
</comp>

<comp id="66" class="1001" name="const_66">
<pin_list>
<pin id="67" dir="1" index="0" bw="1" slack="0"/>
</pin_list>
<bind>
<StgValue><ssdm name=""/></StgValue>
</bind>
</comp>

<comp id="68" class="1001" name="const_68">
<pin_list>
<pin id="69" dir="1" index="0" bw="1" slack="0"/>
</pin_list>
<bind>
<StgValue><ssdm name=""/></StgValue>
</bind>
</comp>

<comp id="70" class="1001" name="const_70">
<pin_list>
<pin id="71" dir="1" index="0" bw="1" slack="0"/>
</pin_list>
<bind>
<StgValue><ssdm name=""/></StgValue>
</bind>
</comp>

<comp id="72" class="1001" name="const_72">
<pin_list>
<pin id="73" dir="1" index="0" bw="1" slack="0"/>
</pin_list>
<bind>
<StgValue><ssdm name=""/></StgValue>
</bind>
</comp>

<comp id="74" class="1001" name="const_74">
<pin_list>
<pin id="75" dir="1" index="0" bw="1" slack="0"/>
</pin_list>
<bind>
<StgValue><ssdm name=""/></StgValue>
</bind>
</comp>

<comp id="76" class="1001" name="const_76">
<pin_list>
<pin id="77" dir="1" index="0" bw="1" slack="2147483647"/>
</pin_list>
<bind>
<StgValue><ssdm name="_ssdm_op_SpecPipeline"/></StgValue>
</bind>
</comp>

<comp id="78" class="1001" name="const_78">
<pin_list>
<pin id="79" dir="1" index="0" bw="1" slack="2147483647"/>
</pin_list>
<bind>
<StgValue><ssdm name="_ssdm_op_SpecLoopTripCount"/></StgValue>
</bind>
</comp>

<comp id="80" class="1001" name="const_80">
<pin_list>
<pin id="81" dir="1" index="0" bw="1" slack="2147483647"/>
</pin_list>
<bind>
<StgValue><ssdm name=""/></StgValue>
</bind>
</comp>

<comp id="82" class="1001" name="const_82">
<pin_list>
<pin id="83" dir="1" index="0" bw="1" slack="2147483647"/>
</pin_list>
<bind>
<StgValue><ssdm name="_ssdm_op_SpecLoopName"/></StgValue>
</bind>
</comp>

<comp id="84" class="1001" name="const_84">
<pin_list>
<pin id="85" dir="1" index="0" bw="1" slack="2147483647"/>
</pin_list>
<bind>
<StgValue><ssdm name="empty_15"/></StgValue>
</bind>
</comp>

<comp id="86" class="1001" name="const_86">
<pin_list>
<pin id="87" dir="1" index="0" bw="1" slack="0"/>
</pin_list>
<bind>
<StgValue><ssdm name=""/></StgValue>
</bind>
</comp>

<comp id="88" class="1001" name="const_88">
<pin_list>
<pin id="89" dir="1" index="0" bw="1" slack="0"/>
</pin_list>
<bind>
<StgValue><ssdm name=""/></StgValue>
</bind>
</comp>

<comp id="90" class="1001" name="const_90">
<pin_list>
<pin id="91" dir="1" index="0" bw="1" slack="0"/>
</pin_list>
<bind>
<StgValue><ssdm name=""/></StgValue>
</bind>
</comp>

<comp id="92" class="1001" name="const_92">
<pin_list>
<pin id="93" dir="1" index="0" bw="1" slack="0"/>
</pin_list>
<bind>
<StgValue><ssdm name=""/></StgValue>
</bind>
</comp>

<comp id="94" class="1001" name="const_94">
<pin_list>
<pin id="95" dir="1" index="0" bw="1" slack="0"/>
</pin_list>
<bind>
<StgValue><ssdm name=""/></StgValue>
</bind>
</comp>

<comp id="96" class="1001" name="const_96">
<pin_list>
<pin id="97" dir="1" index="0" bw="1" slack="0"/>
</pin_list>
<bind>
<StgValue><ssdm name=""/></StgValue>
</bind>
</comp>

<comp id="98" class="1001" name="const_98">
<pin_list>
<pin id="99" dir="1" index="0" bw="1" slack="0"/>
</pin_list>
<bind>
<StgValue><ssdm name=""/></StgValue>
</bind>
</comp>

<comp id="100" class="1001" name="const_100">
<pin_list>
<pin id="101" dir="1" index="0" bw="1" slack="0"/>
</pin_list>
<bind>
<StgValue><ssdm name=""/></StgValue>
</bind>
</comp>

<comp id="102" class="1001" name="const_102">
<pin_list>
<pin id="103" dir="1" index="0" bw="1" slack="0"/>
</pin_list>
<bind>
<StgValue><ssdm name="_ssdm_op_BitConcatenate.i434.i49.i55.i55.i55.i55.i55.i55.i55"/></StgValue>
</bind>
</comp>

<comp id="104" class="1001" name="const_104">
<pin_list>
<pin id="105" dir="1" index="0" bw="1" slack="0"/>
</pin_list>
<bind>
<StgValue><ssdm name="_ssdm_op_Write.ap_fifo.volatile.i440P0A"/></StgValue>
</bind>
</comp>

<comp id="106" class="1004" name="i_02_fu_106">
<pin_list>
<pin id="107" dir="0" index="0" bw="1" slack="0"/>
<pin id="108" dir="1" index="1" bw="11" slack="0"/>
</pin_list>
<bind>
<opcode="alloca(26) " fcode="alloca"/>
<opset="i_02/1 "/>
</bind>
</comp>

<comp id="110" class="1004" name="layer2_out_read_read_fu_110">
<pin_list>
<pin id="111" dir="0" index="0" bw="304" slack="0"/>
<pin id="112" dir="0" index="1" bw="304" slack="0"/>
<pin id="113" dir="1" index="2" bw="304" slack="0"/>
</pin_list>
<bind>
<opcode="read(1150) " fcode="read"/>
<opset="layer2_out_read/2 "/>
</bind>
</comp>

<comp id="116" class="1004" name="write_ln46_write_fu_116">
<pin_list>
<pin id="117" dir="0" index="0" bw="0" slack="0"/>
<pin id="118" dir="0" index="1" bw="440" slack="0"/>
<pin id="119" dir="0" index="2" bw="434" slack="0"/>
<pin id="120" dir="1" index="3" bw="0" slack="2147483647"/>
</pin_list>
<bind>
<opcode="write(1151) " fcode="write"/>
<opset="write_ln46/4 "/>
</bind>
</comp>

<comp id="1089" class="1004" name="mul_ln42_fu_1089">
<pin_list>
<pin id="338043" dir="0" index="0" bw="38" slack="0"/>
<pin id="338044" dir="0" index="1" bw="11" slack="0"/>
<pin id="338045" dir="1" index="2" bw="48" slack="1"/>
</pin_list>
<bind>
<opcode="mul(12) " fcode="mul"/>
<opset="mul_ln42/3 "/>
</bind>
</comp>

<comp id="4601" class="1004" name="mul_ln42_7_fu_4601">
<pin_list>
<pin id="338059" dir="0" index="0" bw="38" slack="0"/>
<pin id="338060" dir="0" index="1" bw="12" slack="0"/>
<pin id="338061" dir="1" index="2" bw="49" slack="1"/>
</pin_list>
<bind>
<opcode="mul(12) " fcode="mul"/>
<opset="mul_ln42_7/3 "/>
</bind>
</comp>

<comp id="5019" class="1004" name="mul_ln42_4_fu_5019">
<pin_list>
<pin id="338047" dir="0" index="0" bw="38" slack="0"/>
<pin id="338048" dir="0" index="1" bw="12" slack="0"/>
<pin id="338049" dir="1" index="2" bw="49" slack="1"/>
</pin_list>
<bind>
<opcode="mul(12) " fcode="mul"/>
<opset="mul_ln42_4/3 "/>
</bind>
</comp>

<comp id="7350" class="1004" name="mul_ln42_9_fu_7350">
<pin_list>
<pin id="338067" dir="0" index="0" bw="38" slack="0"/>
<pin id="338068" dir="0" index="1" bw="12" slack="0"/>
<pin id="338069" dir="1" index="2" bw="49" slack="1"/>
</pin_list>
<bind>
<opcode="mul(12) " fcode="mul"/>
<opset="mul_ln42_9/3 "/>
</bind>
</comp>

<comp id="8524" class="1004" name="mul_ln42_8_fu_8524">
<pin_list>
<pin id="338063" dir="0" index="0" bw="38" slack="0"/>
<pin id="338064" dir="0" index="1" bw="12" slack="0"/>
<pin id="338065" dir="1" index="2" bw="49" slack="1"/>
</pin_list>
<bind>
<opcode="mul(12) " fcode="mul"/>
<opset="mul_ln42_8/3 "/>
</bind>
</comp>

<comp id="8618" class="1004" name="mul_ln42_10_fu_8618">
<pin_list>
<pin id="338071" dir="0" index="0" bw="38" slack="0"/>
<pin id="338072" dir="0" index="1" bw="12" slack="0"/>
<pin id="338073" dir="1" index="2" bw="49" slack="1"/>
</pin_list>
<bind>
<opcode="mul(12) " fcode="mul"/>
<opset="mul_ln42_10/3 "/>
</bind>
</comp>

<comp id="10180" class="1004" name="mul_ln42_5_fu_10180">
<pin_list>
<pin id="338051" dir="0" index="0" bw="38" slack="0"/>
<pin id="338052" dir="0" index="1" bw="13" slack="0"/>
<pin id="338053" dir="1" index="2" bw="50" slack="1"/>
</pin_list>
<bind>
<opcode="mul(12) " fcode="mul"/>
<opset="mul_ln42_5/3 "/>
</bind>
</comp>

<comp id="10321" class="1004" name="mul_ln42_6_fu_10321">
<pin_list>
<pin id="338055" dir="0" index="0" bw="38" slack="0"/>
<pin id="338056" dir="0" index="1" bw="12" slack="0"/>
<pin id="338057" dir="1" index="2" bw="49" slack="1"/>
</pin_list>
<bind>
<opcode="mul(12) " fcode="mul"/>
<opset="mul_ln42_6/3 "/>
</bind>
</comp>

<comp id="338075" class="1005" name="mul_ln42_reg_338075">
<pin_list>
<pin id="338076" dir="0" index="0" bw="48" slack="1"/>
<pin id="338077" dir="1" index="1" bw="48" slack="1"/>
</pin_list>
<bind>
<opset="mul_ln42 "/>
</bind>
</comp>

<comp id="338079" class="1005" name="mul_ln42_4_reg_338079">
<pin_list>
<pin id="338080" dir="0" index="0" bw="49" slack="1"/>
<pin id="338081" dir="1" index="1" bw="49" slack="1"/>
</pin_list>
<bind>
<opset="mul_ln42_4 "/>
</bind>
</comp>

<comp id="338083" class="1005" name="mul_ln42_5_reg_338083">
<pin_list>
<pin id="338084" dir="0" index="0" bw="50" slack="1"/>
<pin id="338085" dir="1" index="1" bw="50" slack="1"/>
</pin_list>
<bind>
<opset="mul_ln42_5 "/>
</bind>
</comp>

<comp id="338087" class="1005" name="mul_ln42_6_reg_338087">
<pin_list>
<pin id="338088" dir="0" index="0" bw="49" slack="1"/>
<pin id="338089" dir="1" index="1" bw="49" slack="1"/>
</pin_list>
<bind>
<opset="mul_ln42_6 "/>
</bind>
</comp>

<comp id="338091" class="1005" name="mul_ln42_7_reg_338091">
<pin_list>
<pin id="338092" dir="0" index="0" bw="49" slack="1"/>
<pin id="338093" dir="1" index="1" bw="49" slack="1"/>
</pin_list>
<bind>
<opset="mul_ln42_7 "/>
</bind>
</comp>

<comp id="338095" class="1005" name="mul_ln42_8_reg_338095">
<pin_list>
<pin id="338096" dir="0" index="0" bw="49" slack="1"/>
<pin id="338097" dir="1" index="1" bw="49" slack="1"/>
</pin_list>
<bind>
<opset="mul_ln42_8 "/>
</bind>
</comp>

<comp id="338099" class="1005" name="mul_ln42_9_reg_338099">
<pin_list>
<pin id="338100" dir="0" index="0" bw="49" slack="1"/>
<pin id="338101" dir="1" index="1" bw="49" slack="1"/>
</pin_list>
<bind>
<opset="mul_ln42_9 "/>
</bind>
</comp>

<comp id="338103" class="1005" name="mul_ln42_10_reg_338103">
<pin_list>
<pin id="338104" dir="0" index="0" bw="49" slack="1"/>
<pin id="338105" dir="1" index="1" bw="49" slack="1"/>
</pin_list>
<bind>
<opset="mul_ln42_10 "/>
</bind>
</comp>

<comp id="338108" class="1004" name="store_ln25_store_fu_338108">
<pin_list>
<pin id="338109" dir="0" index="0" bw="1" slack="0"/>
<pin id="338110" dir="0" index="1" bw="11" slack="0"/>
<pin id="338111" dir="1" index="2" bw="0" slack="2147483647"/>
</pin_list>
<bind>
<opcode="store(28) " fcode="store"/>
<opset="store_ln25/1 "/>
</bind>
</comp>

<comp id="338113" class="1004" name="i_load_fu_338113">
<pin_list>
<pin id="338114" dir="0" index="0" bw="11" slack="0"/>
<pin id="338115" dir="1" index="1" bw="11" slack="0"/>
</pin_list>
<bind>
<opcode="load(27) " fcode="load"/>
<opset="i/1 "/>
</bind>
</comp>

<comp id="338116" class="1004" name="icmp_ln25_fu_338116">
<pin_list>
<pin id="338117" dir="0" index="0" bw="11" slack="0"/>
<pin id="338118" dir="0" index="1" bw="11" slack="0"/>
<pin id="338119" dir="1" index="2" bw="1" slack="2"/>
</pin_list>
<bind>
<opcode="icmp(45) " fcode="icmp"/>
<opset="icmp_ln25/1 "/>
</bind>
</comp>

<comp id="338122" class="1004" name="i_15_fu_338122">
<pin_list>
<pin id="338123" dir="0" index="0" bw="11" slack="0"/>
<pin id="338124" dir="0" index="1" bw="1" slack="0"/>
<pin id="338125" dir="1" index="2" bw="11" slack="0"/>
</pin_list>
<bind>
<opcode="add(8) " fcode="add"/>
<opset="i_15/1 "/>
</bind>
</comp>

<comp id="338128" class="1004" name="store_ln25_store_fu_338128">
<pin_list>
<pin id="338129" dir="0" index="0" bw="11" slack="0"/>
<pin id="338130" dir="0" index="1" bw="11" slack="0"/>
<pin id="338131" dir="1" index="2" bw="0" slack="2147483647"/>
</pin_list>
<bind>
<opcode="store(28) " fcode="store"/>
<opset="store_ln25/1 "/>
</bind>
</comp>

<comp id="338133" class="1004" name="a_fu_338133">
<pin_list>
<pin id="338134" dir="0" index="0" bw="304" slack="0"/>
<pin id="338135" dir="1" index="1" bw="38" slack="1"/>
</pin_list>
<bind>
<opcode="trunc(33) " fcode="trunc"/>
<opset="a/2 "/>
</bind>
</comp>

<comp id="338137" class="1004" name="a_11_fu_338137">
<pin_list>
<pin id="338138" dir="0" index="0" bw="38" slack="0"/>
<pin id="338139" dir="0" index="1" bw="304" slack="0"/>
<pin id="338140" dir="0" index="2" bw="7" slack="0"/>
<pin id="338141" dir="0" index="3" bw="8" slack="0"/>
<pin id="338142" dir="1" index="4" bw="38" slack="1"/>
</pin_list>
<bind>
<opcode="partselect(1002) " fcode="partselect"/>
<opset="a_11/2 "/>
</bind>
</comp>

<comp id="338147" class="1004" name="a_5_fu_338147">
<pin_list>
<pin id="338148" dir="0" index="0" bw="38" slack="0"/>
<pin id="338149" dir="0" index="1" bw="304" slack="0"/>
<pin id="338150" dir="0" index="2" bw="8" slack="0"/>
<pin id="338151" dir="0" index="3" bw="8" slack="0"/>
<pin id="338152" dir="1" index="4" bw="38" slack="1"/>
</pin_list>
<bind>
<opcode="partselect(1002) " fcode="partselect"/>
<opset="a_5/2 "/>
</bind>
</comp>

<comp id="338157" class="1004" name="a_6_fu_338157">
<pin_list>
<pin id="338158" dir="0" index="0" bw="38" slack="0"/>
<pin id="338159" dir="0" index="1" bw="304" slack="0"/>
<pin id="338160" dir="0" index="2" bw="8" slack="0"/>
<pin id="338161" dir="0" index="3" bw="9" slack="0"/>
<pin id="338162" dir="1" index="4" bw="38" slack="1"/>
</pin_list>
<bind>
<opcode="partselect(1002) " fcode="partselect"/>
<opset="a_6/2 "/>
</bind>
</comp>

<comp id="338167" class="1004" name="a_7_fu_338167">
<pin_list>
<pin id="338168" dir="0" index="0" bw="38" slack="0"/>
<pin id="338169" dir="0" index="1" bw="304" slack="0"/>
<pin id="338170" dir="0" index="2" bw="9" slack="0"/>
<pin id="338171" dir="0" index="3" bw="9" slack="0"/>
<pin id="338172" dir="1" index="4" bw="38" slack="1"/>
</pin_list>
<bind>
<opcode="partselect(1002) " fcode="partselect"/>
<opset="a_7/2 "/>
</bind>
</comp>

<comp id="338177" class="1004" name="a_8_fu_338177">
<pin_list>
<pin id="338178" dir="0" index="0" bw="38" slack="0"/>
<pin id="338179" dir="0" index="1" bw="304" slack="0"/>
<pin id="338180" dir="0" index="2" bw="9" slack="0"/>
<pin id="338181" dir="0" index="3" bw="9" slack="0"/>
<pin id="338182" dir="1" index="4" bw="38" slack="1"/>
</pin_list>
<bind>
<opcode="partselect(1002) " fcode="partselect"/>
<opset="a_8/2 "/>
</bind>
</comp>

<comp id="338187" class="1004" name="a_9_fu_338187">
<pin_list>
<pin id="338188" dir="0" index="0" bw="38" slack="0"/>
<pin id="338189" dir="0" index="1" bw="304" slack="0"/>
<pin id="338190" dir="0" index="2" bw="9" slack="0"/>
<pin id="338191" dir="0" index="3" bw="10" slack="0"/>
<pin id="338192" dir="1" index="4" bw="38" slack="1"/>
</pin_list>
<bind>
<opcode="partselect(1002) " fcode="partselect"/>
<opset="a_9/2 "/>
</bind>
</comp>

<comp id="338197" class="1004" name="a_1_fu_338197">
<pin_list>
<pin id="338198" dir="0" index="0" bw="38" slack="0"/>
<pin id="338199" dir="0" index="1" bw="304" slack="0"/>
<pin id="338200" dir="0" index="2" bw="10" slack="0"/>
<pin id="338201" dir="0" index="3" bw="10" slack="0"/>
<pin id="338202" dir="1" index="4" bw="38" slack="1"/>
</pin_list>
<bind>
<opcode="partselect(1002) " fcode="partselect"/>
<opset="a_1/2 "/>
</bind>
</comp>

<comp id="338207" class="1004" name="sext_ln42_fu_338207">
<pin_list>
<pin id="338208" dir="0" index="0" bw="38" slack="1"/>
<pin id="338209" dir="1" index="1" bw="48" slack="0"/>
</pin_list>
<bind>
<opcode="sext(35) " fcode="sext"/>
<opset="sext_ln42/3 "/>
</bind>
</comp>

<comp id="338211" class="1004" name="sext_ln42_4_fu_338211">
<pin_list>
<pin id="338212" dir="0" index="0" bw="38" slack="1"/>
<pin id="338213" dir="1" index="1" bw="49" slack="0"/>
</pin_list>
<bind>
<opcode="sext(35) " fcode="sext"/>
<opset="sext_ln42_4/3 "/>
</bind>
</comp>

<comp id="338215" class="1004" name="sext_ln42_5_fu_338215">
<pin_list>
<pin id="338216" dir="0" index="0" bw="38" slack="1"/>
<pin id="338217" dir="1" index="1" bw="50" slack="0"/>
</pin_list>
<bind>
<opcode="sext(35) " fcode="sext"/>
<opset="sext_ln42_5/3 "/>
</bind>
</comp>

<comp id="338219" class="1004" name="sext_ln42_6_fu_338219">
<pin_list>
<pin id="338220" dir="0" index="0" bw="38" slack="1"/>
<pin id="338221" dir="1" index="1" bw="49" slack="0"/>
</pin_list>
<bind>
<opcode="sext(35) " fcode="sext"/>
<opset="sext_ln42_6/3 "/>
</bind>
</comp>

<comp id="338223" class="1004" name="sext_ln42_7_fu_338223">
<pin_list>
<pin id="338224" dir="0" index="0" bw="38" slack="1"/>
<pin id="338225" dir="1" index="1" bw="49" slack="0"/>
</pin_list>
<bind>
<opcode="sext(35) " fcode="sext"/>
<opset="sext_ln42_7/3 "/>
</bind>
</comp>

<comp id="338227" class="1004" name="sext_ln42_8_fu_338227">
<pin_list>
<pin id="338228" dir="0" index="0" bw="38" slack="1"/>
<pin id="338229" dir="1" index="1" bw="49" slack="0"/>
</pin_list>
<bind>
<opcode="sext(35) " fcode="sext"/>
<opset="sext_ln42_8/3 "/>
</bind>
</comp>

<comp id="338231" class="1004" name="sext_ln42_9_fu_338231">
<pin_list>
<pin id="338232" dir="0" index="0" bw="38" slack="1"/>
<pin id="338233" dir="1" index="1" bw="49" slack="0"/>
</pin_list>
<bind>
<opcode="sext(35) " fcode="sext"/>
<opset="sext_ln42_9/3 "/>
</bind>
</comp>

<comp id="338235" class="1004" name="sext_ln42_10_fu_338235">
<pin_list>
<pin id="338236" dir="0" index="0" bw="38" slack="1"/>
<pin id="338237" dir="1" index="1" bw="49" slack="0"/>
</pin_list>
<bind>
<opcode="sext(35) " fcode="sext"/>
<opset="sext_ln42_10/3 "/>
</bind>
</comp>

<comp id="338239" class="1004" name="add_ln42_fu_338239">
<pin_list>
<pin id="338240" dir="0" index="0" bw="48" slack="1"/>
<pin id="338241" dir="0" index="1" bw="26" slack="0"/>
<pin id="338242" dir="1" index="2" bw="48" slack="0"/>
</pin_list>
<bind>
<opcode="add(8) " fcode="add"/>
<opset="add_ln42/4 "/>
</bind>
</comp>

<comp id="338245" class="1004" name="sext_ln70_fu_338245">
<pin_list>
<pin id="338246" dir="0" index="0" bw="48" slack="0"/>
<pin id="338247" dir="1" index="1" bw="55" slack="0"/>
</pin_list>
<bind>
<opcode="sext(35) " fcode="sext"/>
<opset="sext_ln70/4 "/>
</bind>
</comp>

<comp id="338249" class="1004" name="add_ln42_15_fu_338249">
<pin_list>
<pin id="338250" dir="0" index="0" bw="49" slack="1"/>
<pin id="338251" dir="0" index="1" bw="29" slack="0"/>
<pin id="338252" dir="1" index="2" bw="49" slack="0"/>
</pin_list>
<bind>
<opcode="add(8) " fcode="add"/>
<opset="add_ln42_15/4 "/>
</bind>
</comp>

<comp id="338255" class="1004" name="sext_ln70_13_fu_338255">
<pin_list>
<pin id="338256" dir="0" index="0" bw="49" slack="0"/>
<pin id="338257" dir="1" index="1" bw="55" slack="0"/>
</pin_list>
<bind>
<opcode="sext(35) " fcode="sext"/>
<opset="sext_ln70_13/4 "/>
</bind>
</comp>

<comp id="338259" class="1004" name="add_ln42_16_fu_338259">
<pin_list>
<pin id="338260" dir="0" index="0" bw="50" slack="1"/>
<pin id="338261" dir="0" index="1" bw="29" slack="0"/>
<pin id="338262" dir="1" index="2" bw="50" slack="0"/>
</pin_list>
<bind>
<opcode="add(8) " fcode="add"/>
<opset="add_ln42_16/4 "/>
</bind>
</comp>

<comp id="338265" class="1004" name="sext_ln70_14_fu_338265">
<pin_list>
<pin id="338266" dir="0" index="0" bw="50" slack="0"/>
<pin id="338267" dir="1" index="1" bw="55" slack="0"/>
</pin_list>
<bind>
<opcode="sext(35) " fcode="sext"/>
<opset="sext_ln70_14/4 "/>
</bind>
</comp>

<comp id="338269" class="1004" name="add_ln42_17_fu_338269">
<pin_list>
<pin id="338270" dir="0" index="0" bw="49" slack="1"/>
<pin id="338271" dir="0" index="1" bw="26" slack="0"/>
<pin id="338272" dir="1" index="2" bw="49" slack="0"/>
</pin_list>
<bind>
<opcode="add(8) " fcode="add"/>
<opset="add_ln42_17/4 "/>
</bind>
</comp>

<comp id="338275" class="1004" name="sext_ln70_15_fu_338275">
<pin_list>
<pin id="338276" dir="0" index="0" bw="49" slack="0"/>
<pin id="338277" dir="1" index="1" bw="55" slack="0"/>
</pin_list>
<bind>
<opcode="sext(35) " fcode="sext"/>
<opset="sext_ln70_15/4 "/>
</bind>
</comp>

<comp id="338279" class="1004" name="add_ln42_18_fu_338279">
<pin_list>
<pin id="338280" dir="0" index="0" bw="49" slack="1"/>
<pin id="338281" dir="0" index="1" bw="29" slack="0"/>
<pin id="338282" dir="1" index="2" bw="49" slack="0"/>
</pin_list>
<bind>
<opcode="add(8) " fcode="add"/>
<opset="add_ln42_18/4 "/>
</bind>
</comp>

<comp id="338285" class="1004" name="sext_ln70_16_fu_338285">
<pin_list>
<pin id="338286" dir="0" index="0" bw="49" slack="0"/>
<pin id="338287" dir="1" index="1" bw="55" slack="0"/>
</pin_list>
<bind>
<opcode="sext(35) " fcode="sext"/>
<opset="sext_ln70_16/4 "/>
</bind>
</comp>

<comp id="338289" class="1004" name="add_ln42_19_fu_338289">
<pin_list>
<pin id="338290" dir="0" index="0" bw="49" slack="1"/>
<pin id="338291" dir="0" index="1" bw="29" slack="0"/>
<pin id="338292" dir="1" index="2" bw="49" slack="0"/>
</pin_list>
<bind>
<opcode="add(8) " fcode="add"/>
<opset="add_ln42_19/4 "/>
</bind>
</comp>

<comp id="338295" class="1004" name="sext_ln70_17_fu_338295">
<pin_list>
<pin id="338296" dir="0" index="0" bw="49" slack="0"/>
<pin id="338297" dir="1" index="1" bw="55" slack="0"/>
</pin_list>
<bind>
<opcode="sext(35) " fcode="sext"/>
<opset="sext_ln70_17/4 "/>
</bind>
</comp>

<comp id="338299" class="1004" name="add_ln42_20_fu_338299">
<pin_list>
<pin id="338300" dir="0" index="0" bw="49" slack="1"/>
<pin id="338301" dir="0" index="1" bw="28" slack="0"/>
<pin id="338302" dir="1" index="2" bw="49" slack="0"/>
</pin_list>
<bind>
<opcode="add(8) " fcode="add"/>
<opset="add_ln42_20/4 "/>
</bind>
</comp>

<comp id="338305" class="1004" name="sext_ln70_18_fu_338305">
<pin_list>
<pin id="338306" dir="0" index="0" bw="49" slack="0"/>
<pin id="338307" dir="1" index="1" bw="55" slack="0"/>
</pin_list>
<bind>
<opcode="sext(35) " fcode="sext"/>
<opset="sext_ln70_18/4 "/>
</bind>
</comp>

<comp id="338309" class="1004" name="add_ln42_21_fu_338309">
<pin_list>
<pin id="338310" dir="0" index="0" bw="49" slack="1"/>
<pin id="338311" dir="0" index="1" bw="28" slack="0"/>
<pin id="338312" dir="1" index="2" bw="49" slack="0"/>
</pin_list>
<bind>
<opcode="add(8) " fcode="add"/>
<opset="add_ln42_21/4 "/>
</bind>
</comp>

<comp id="338315" class="1004" name="or_ln46_s_fu_338315">
<pin_list>
<pin id="338316" dir="0" index="0" bw="434" slack="0"/>
<pin id="338317" dir="0" index="1" bw="49" slack="0"/>
<pin id="338318" dir="0" index="2" bw="49" slack="0"/>
<pin id="338319" dir="0" index="3" bw="49" slack="0"/>
<pin id="338320" dir="0" index="4" bw="49" slack="0"/>
<pin id="338321" dir="0" index="5" bw="49" slack="0"/>
<pin id="338322" dir="0" index="6" bw="50" slack="0"/>
<pin id="338323" dir="0" index="7" bw="49" slack="0"/>
<pin id="338324" dir="0" index="8" bw="48" slack="0"/>
<pin id="338325" dir="1" index="9" bw="434" slack="0"/>
</pin_list>
<bind>
<opcode="bitconcatenate(1004) " fcode="bitconcatenate"/>
<opset="or_ln46_s/4 "/>
</bind>
</comp>

<comp id="338335" class="1004" name="sext_ln46_fu_338335">
<pin_list>
<pin id="338336" dir="0" index="0" bw="434" slack="0"/>
<pin id="338337" dir="1" index="1" bw="440" slack="0"/>
</pin_list>
<bind>
<opcode="sext(35) " fcode="sext"/>
<opset="sext_ln46/4 "/>
</bind>
</comp>

<comp id="338340" class="1005" name="i_02_reg_338340">
<pin_list>
<pin id="338341" dir="0" index="0" bw="11" slack="0"/>
<pin id="338342" dir="1" index="1" bw="11" slack="0"/>
</pin_list>
<bind>
<opset="i_02 "/>
</bind>
</comp>

<comp id="338347" class="1005" name="icmp_ln25_reg_338347">
<pin_list>
<pin id="338348" dir="0" index="0" bw="1" slack="2"/>
<pin id="338349" dir="1" index="1" bw="1" slack="2147483647"/>
</pin_list>
<bind>
<opset="icmp_ln25 "/>
</bind>
</comp>

<comp id="338351" class="1005" name="a_reg_338351">
<pin_list>
<pin id="338352" dir="0" index="0" bw="38" slack="1"/>
<pin id="338353" dir="1" index="1" bw="38" slack="1"/>
</pin_list>
<bind>
<opset="a "/>
</bind>
</comp>

<comp id="338356" class="1005" name="a_11_reg_338356">
<pin_list>
<pin id="338357" dir="0" index="0" bw="38" slack="1"/>
<pin id="338358" dir="1" index="1" bw="38" slack="1"/>
</pin_list>
<bind>
<opset="a_11 "/>
</bind>
</comp>

<comp id="338361" class="1005" name="a_5_reg_338361">
<pin_list>
<pin id="338362" dir="0" index="0" bw="38" slack="1"/>
<pin id="338363" dir="1" index="1" bw="38" slack="1"/>
</pin_list>
<bind>
<opset="a_5 "/>
</bind>
</comp>

<comp id="338366" class="1005" name="a_6_reg_338366">
<pin_list>
<pin id="338367" dir="0" index="0" bw="38" slack="1"/>
<pin id="338368" dir="1" index="1" bw="38" slack="1"/>
</pin_list>
<bind>
<opset="a_6 "/>
</bind>
</comp>

<comp id="338371" class="1005" name="a_7_reg_338371">
<pin_list>
<pin id="338372" dir="0" index="0" bw="38" slack="1"/>
<pin id="338373" dir="1" index="1" bw="38" slack="1"/>
</pin_list>
<bind>
<opset="a_7 "/>
</bind>
</comp>

<comp id="338376" class="1005" name="a_8_reg_338376">
<pin_list>
<pin id="338377" dir="0" index="0" bw="38" slack="1"/>
<pin id="338378" dir="1" index="1" bw="38" slack="1"/>
</pin_list>
<bind>
<opset="a_8 "/>
</bind>
</comp>

<comp id="338381" class="1005" name="a_9_reg_338381">
<pin_list>
<pin id="338382" dir="0" index="0" bw="38" slack="1"/>
<pin id="338383" dir="1" index="1" bw="38" slack="1"/>
</pin_list>
<bind>
<opset="a_9 "/>
</bind>
</comp>

<comp id="338386" class="1005" name="a_1_reg_338386">
<pin_list>
<pin id="338387" dir="0" index="0" bw="38" slack="1"/>
<pin id="338388" dir="1" index="1" bw="38" slack="1"/>
</pin_list>
<bind>
<opset="a_1 "/>
</bind>
</comp>

</comp_list>

<net_list>
<net id="109"><net_src comp="4" pin="0"/><net_sink comp="106" pin=0"/></net>

<net id="114"><net_src comp="28" pin="0"/><net_sink comp="110" pin=0"/></net>

<net id="115"><net_src comp="0" pin="0"/><net_sink comp="110" pin=1"/></net>

<net id="121"><net_src comp="104" pin="0"/><net_sink comp="116" pin=0"/></net>

<net id="122"><net_src comp="2" pin="0"/><net_sink comp="116" pin=1"/></net>

<net id="338046"><net_src comp="60" pin="0"/><net_sink comp="1089" pin=1"/></net>

<net id="338050"><net_src comp="62" pin="0"/><net_sink comp="5019" pin=1"/></net>

<net id="338054"><net_src comp="64" pin="0"/><net_sink comp="10180" pin=1"/></net>

<net id="338058"><net_src comp="66" pin="0"/><net_sink comp="10321" pin=1"/></net>

<net id="338062"><net_src comp="68" pin="0"/><net_sink comp="4601" pin=1"/></net>

<net id="338066"><net_src comp="70" pin="0"/><net_sink comp="8524" pin=1"/></net>

<net id="338070"><net_src comp="72" pin="0"/><net_sink comp="7350" pin=1"/></net>

<net id="338074"><net_src comp="74" pin="0"/><net_sink comp="8618" pin=1"/></net>

<net id="338078"><net_src comp="1089" pin="2"/><net_sink comp="338075" pin=0"/></net>

<net id="338082"><net_src comp="5019" pin="2"/><net_sink comp="338079" pin=0"/></net>

<net id="338086"><net_src comp="10180" pin="2"/><net_sink comp="338083" pin=0"/></net>

<net id="338090"><net_src comp="10321" pin="2"/><net_sink comp="338087" pin=0"/></net>

<net id="338094"><net_src comp="4601" pin="2"/><net_sink comp="338091" pin=0"/></net>

<net id="338098"><net_src comp="8524" pin="2"/><net_sink comp="338095" pin=0"/></net>

<net id="338102"><net_src comp="7350" pin="2"/><net_sink comp="338099" pin=0"/></net>

<net id="338106"><net_src comp="8618" pin="2"/><net_sink comp="338103" pin=0"/></net>

<net id="338112"><net_src comp="22" pin="0"/><net_sink comp="338108" pin=0"/></net>

<net id="338120"><net_src comp="338113" pin="1"/><net_sink comp="338116" pin=0"/></net>

<net id="338121"><net_src comp="24" pin="0"/><net_sink comp="338116" pin=1"/></net>

<net id="338126"><net_src comp="338113" pin="1"/><net_sink comp="338122" pin=0"/></net>

<net id="338127"><net_src comp="26" pin="0"/><net_sink comp="338122" pin=1"/></net>

<net id="338132"><net_src comp="338122" pin="2"/><net_sink comp="338128" pin=0"/></net>

<net id="338136"><net_src comp="110" pin="2"/><net_sink comp="338133" pin=0"/></net>

<net id="338143"><net_src comp="30" pin="0"/><net_sink comp="338137" pin=0"/></net>

<net id="338144"><net_src comp="110" pin="2"/><net_sink comp="338137" pin=1"/></net>

<net id="338145"><net_src comp="32" pin="0"/><net_sink comp="338137" pin=2"/></net>

<net id="338146"><net_src comp="34" pin="0"/><net_sink comp="338137" pin=3"/></net>

<net id="338153"><net_src comp="30" pin="0"/><net_sink comp="338147" pin=0"/></net>

<net id="338154"><net_src comp="110" pin="2"/><net_sink comp="338147" pin=1"/></net>

<net id="338155"><net_src comp="36" pin="0"/><net_sink comp="338147" pin=2"/></net>

<net id="338156"><net_src comp="38" pin="0"/><net_sink comp="338147" pin=3"/></net>

<net id="338163"><net_src comp="30" pin="0"/><net_sink comp="338157" pin=0"/></net>

<net id="338164"><net_src comp="110" pin="2"/><net_sink comp="338157" pin=1"/></net>

<net id="338165"><net_src comp="40" pin="0"/><net_sink comp="338157" pin=2"/></net>

<net id="338166"><net_src comp="42" pin="0"/><net_sink comp="338157" pin=3"/></net>

<net id="338173"><net_src comp="30" pin="0"/><net_sink comp="338167" pin=0"/></net>

<net id="338174"><net_src comp="110" pin="2"/><net_sink comp="338167" pin=1"/></net>

<net id="338175"><net_src comp="44" pin="0"/><net_sink comp="338167" pin=2"/></net>

<net id="338176"><net_src comp="46" pin="0"/><net_sink comp="338167" pin=3"/></net>

<net id="338183"><net_src comp="30" pin="0"/><net_sink comp="338177" pin=0"/></net>

<net id="338184"><net_src comp="110" pin="2"/><net_sink comp="338177" pin=1"/></net>

<net id="338185"><net_src comp="48" pin="0"/><net_sink comp="338177" pin=2"/></net>

<net id="338186"><net_src comp="50" pin="0"/><net_sink comp="338177" pin=3"/></net>

<net id="338193"><net_src comp="30" pin="0"/><net_sink comp="338187" pin=0"/></net>

<net id="338194"><net_src comp="110" pin="2"/><net_sink comp="338187" pin=1"/></net>

<net id="338195"><net_src comp="52" pin="0"/><net_sink comp="338187" pin=2"/></net>

<net id="338196"><net_src comp="54" pin="0"/><net_sink comp="338187" pin=3"/></net>

<net id="338203"><net_src comp="30" pin="0"/><net_sink comp="338197" pin=0"/></net>

<net id="338204"><net_src comp="110" pin="2"/><net_sink comp="338197" pin=1"/></net>

<net id="338205"><net_src comp="56" pin="0"/><net_sink comp="338197" pin=2"/></net>

<net id="338206"><net_src comp="58" pin="0"/><net_sink comp="338197" pin=3"/></net>

<net id="338210"><net_src comp="338207" pin="1"/><net_sink comp="1089" pin=0"/></net>

<net id="338214"><net_src comp="338211" pin="1"/><net_sink comp="5019" pin=0"/></net>

<net id="338218"><net_src comp="338215" pin="1"/><net_sink comp="10180" pin=0"/></net>

<net id="338222"><net_src comp="338219" pin="1"/><net_sink comp="10321" pin=0"/></net>

<net id="338226"><net_src comp="338223" pin="1"/><net_sink comp="4601" pin=0"/></net>

<net id="338230"><net_src comp="338227" pin="1"/><net_sink comp="8524" pin=0"/></net>

<net id="338234"><net_src comp="338231" pin="1"/><net_sink comp="7350" pin=0"/></net>

<net id="338238"><net_src comp="338235" pin="1"/><net_sink comp="8618" pin=0"/></net>

<net id="338243"><net_src comp="338075" pin="1"/><net_sink comp="338239" pin=0"/></net>

<net id="338244"><net_src comp="86" pin="0"/><net_sink comp="338239" pin=1"/></net>

<net id="338248"><net_src comp="338239" pin="2"/><net_sink comp="338245" pin=0"/></net>

<net id="338253"><net_src comp="338079" pin="1"/><net_sink comp="338249" pin=0"/></net>

<net id="338254"><net_src comp="88" pin="0"/><net_sink comp="338249" pin=1"/></net>

<net id="338258"><net_src comp="338249" pin="2"/><net_sink comp="338255" pin=0"/></net>

<net id="338263"><net_src comp="338083" pin="1"/><net_sink comp="338259" pin=0"/></net>

<net id="338264"><net_src comp="90" pin="0"/><net_sink comp="338259" pin=1"/></net>

<net id="338268"><net_src comp="338259" pin="2"/><net_sink comp="338265" pin=0"/></net>

<net id="338273"><net_src comp="338087" pin="1"/><net_sink comp="338269" pin=0"/></net>

<net id="338274"><net_src comp="92" pin="0"/><net_sink comp="338269" pin=1"/></net>

<net id="338278"><net_src comp="338269" pin="2"/><net_sink comp="338275" pin=0"/></net>

<net id="338283"><net_src comp="338091" pin="1"/><net_sink comp="338279" pin=0"/></net>

<net id="338284"><net_src comp="94" pin="0"/><net_sink comp="338279" pin=1"/></net>

<net id="338288"><net_src comp="338279" pin="2"/><net_sink comp="338285" pin=0"/></net>

<net id="338293"><net_src comp="338095" pin="1"/><net_sink comp="338289" pin=0"/></net>

<net id="338294"><net_src comp="96" pin="0"/><net_sink comp="338289" pin=1"/></net>

<net id="338298"><net_src comp="338289" pin="2"/><net_sink comp="338295" pin=0"/></net>

<net id="338303"><net_src comp="338099" pin="1"/><net_sink comp="338299" pin=0"/></net>

<net id="338304"><net_src comp="98" pin="0"/><net_sink comp="338299" pin=1"/></net>

<net id="338308"><net_src comp="338299" pin="2"/><net_sink comp="338305" pin=0"/></net>

<net id="338313"><net_src comp="338103" pin="1"/><net_sink comp="338309" pin=0"/></net>

<net id="338314"><net_src comp="100" pin="0"/><net_sink comp="338309" pin=1"/></net>

<net id="338326"><net_src comp="102" pin="0"/><net_sink comp="338315" pin=0"/></net>

<net id="338327"><net_src comp="338309" pin="2"/><net_sink comp="338315" pin=1"/></net>

<net id="338328"><net_src comp="338305" pin="1"/><net_sink comp="338315" pin=2"/></net>

<net id="338329"><net_src comp="338295" pin="1"/><net_sink comp="338315" pin=3"/></net>

<net id="338330"><net_src comp="338285" pin="1"/><net_sink comp="338315" pin=4"/></net>

<net id="338331"><net_src comp="338275" pin="1"/><net_sink comp="338315" pin=5"/></net>

<net id="338332"><net_src comp="338265" pin="1"/><net_sink comp="338315" pin=6"/></net>

<net id="338333"><net_src comp="338255" pin="1"/><net_sink comp="338315" pin=7"/></net>

<net id="338334"><net_src comp="338245" pin="1"/><net_sink comp="338315" pin=8"/></net>

<net id="338338"><net_src comp="338315" pin="9"/><net_sink comp="338335" pin=0"/></net>

<net id="338339"><net_src comp="338335" pin="1"/><net_sink comp="116" pin=2"/></net>

<net id="338343"><net_src comp="106" pin="1"/><net_sink comp="338340" pin=0"/></net>

<net id="338344"><net_src comp="338340" pin="1"/><net_sink comp="338108" pin=1"/></net>

<net id="338345"><net_src comp="338340" pin="1"/><net_sink comp="338113" pin=0"/></net>

<net id="338346"><net_src comp="338340" pin="1"/><net_sink comp="338128" pin=1"/></net>

<net id="338350"><net_src comp="338116" pin="2"/><net_sink comp="338347" pin=0"/></net>

<net id="338354"><net_src comp="338133" pin="1"/><net_sink comp="338351" pin=0"/></net>

<net id="338355"><net_src comp="338351" pin="1"/><net_sink comp="338207" pin=0"/></net>

<net id="338359"><net_src comp="338137" pin="4"/><net_sink comp="338356" pin=0"/></net>

<net id="338360"><net_src comp="338356" pin="1"/><net_sink comp="338211" pin=0"/></net>

<net id="338364"><net_src comp="338147" pin="4"/><net_sink comp="338361" pin=0"/></net>

<net id="338365"><net_src comp="338361" pin="1"/><net_sink comp="338215" pin=0"/></net>

<net id="338369"><net_src comp="338157" pin="4"/><net_sink comp="338366" pin=0"/></net>

<net id="338370"><net_src comp="338366" pin="1"/><net_sink comp="338219" pin=0"/></net>

<net id="338374"><net_src comp="338167" pin="4"/><net_sink comp="338371" pin=0"/></net>

<net id="338375"><net_src comp="338371" pin="1"/><net_sink comp="338223" pin=0"/></net>

<net id="338379"><net_src comp="338177" pin="4"/><net_sink comp="338376" pin=0"/></net>

<net id="338380"><net_src comp="338376" pin="1"/><net_sink comp="338227" pin=0"/></net>

<net id="338384"><net_src comp="338187" pin="4"/><net_sink comp="338381" pin=0"/></net>

<net id="338385"><net_src comp="338381" pin="1"/><net_sink comp="338231" pin=0"/></net>

<net id="338389"><net_src comp="338197" pin="4"/><net_sink comp="338386" pin=0"/></net>

<net id="338390"><net_src comp="338386" pin="1"/><net_sink comp="338235" pin=0"/></net>

</net_list>

</model> 
---------------- Datapath Model END ------------------

* FSMD analyzer results:
  - Output states:
	Port: layer4_out | {4 }
 - Input state : 
	Port: normalize<array<ap_fixed,8u>,array<ap_fixed<55,26,5,3,0>,8u>,config4> : layer2_out | {2 }
  - Chain level:
	State 1
		store_ln25 : 1
		i : 1
		icmp_ln25 : 2
		i_15 : 2
		br_ln25 : 3
		store_ln25 : 3
	State 2
	State 3
		mul_ln42 : 1
		mul_ln42_4 : 1
		mul_ln42_5 : 1
		mul_ln42_6 : 1
		mul_ln42_7 : 1
		mul_ln42_8 : 1
		mul_ln42_9 : 1
		mul_ln42_10 : 1
	State 4
		sext_ln70 : 1
		sext_ln70_13 : 1
		sext_ln70_14 : 1
		sext_ln70_15 : 1
		sext_ln70_16 : 1
		sext_ln70_17 : 1
		sext_ln70_18 : 1
		or_ln46_s : 2
		sext_ln46 : 3
		write_ln46 : 4


============================================================
+ Verbose Summary: Datapath Resource usage 
============================================================

* Functional unit list:
|----------|-----------------------------|---------|---------|---------|
| Operation|       Functional Unit       |   DSP   |    FF   |   LUT   |
|----------|-----------------------------|---------|---------|---------|
|          |        i_15_fu_338122       |    0    |    0    |    18   |
|          |      add_ln42_fu_338239     |    0    |    0    |    55   |
|          |    add_ln42_15_fu_338249    |    0    |    0    |    56   |
|          |    add_ln42_16_fu_338259    |    0    |    0    |    57   |
|    add   |    add_ln42_17_fu_338269    |    0    |    0    |    56   |
|          |    add_ln42_18_fu_338279    |    0    |    0    |    56   |
|          |    add_ln42_19_fu_338289    |    0    |    0    |    56   |
|          |    add_ln42_20_fu_338299    |    0    |    0    |    56   |
|          |    add_ln42_21_fu_338309    |    0    |    0    |    56   |
|----------|-----------------------------|---------|---------|---------|
|          |       mul_ln42_fu_1089      |    2    |    0    |    26   |
|          |      mul_ln42_7_fu_4601     |    2    |    0    |    26   |
|          |      mul_ln42_4_fu_5019     |    2    |    0    |    26   |
|    mul   |      mul_ln42_9_fu_7350     |    2    |    0    |    26   |
|          |      mul_ln42_8_fu_8524     |    2    |    0    |    26   |
|          |     mul_ln42_10_fu_8618     |    2    |    0    |    26   |
|          |     mul_ln42_5_fu_10180     |    2    |    0    |    26   |
|          |     mul_ln42_6_fu_10321     |    2    |    0    |    26   |
|----------|-----------------------------|---------|---------|---------|
|   icmp   |     icmp_ln25_fu_338116     |    0    |    0    |    18   |
|----------|-----------------------------|---------|---------|---------|
|   read   | layer2_out_read_read_fu_110 |    0    |    0    |    0    |
|----------|-----------------------------|---------|---------|---------|
|   write  |   write_ln46_write_fu_116   |    0    |    0    |    0    |
|----------|-----------------------------|---------|---------|---------|
|   trunc  |         a_fu_338133         |    0    |    0    |    0    |
|----------|-----------------------------|---------|---------|---------|
|          |        a_11_fu_338137       |    0    |    0    |    0    |
|          |        a_5_fu_338147        |    0    |    0    |    0    |
|          |        a_6_fu_338157        |    0    |    0    |    0    |
|partselect|        a_7_fu_338167        |    0    |    0    |    0    |
|          |        a_8_fu_338177        |    0    |    0    |    0    |
|          |        a_9_fu_338187        |    0    |    0    |    0    |
|          |        a_1_fu_338197        |    0    |    0    |    0    |
|----------|-----------------------------|---------|---------|---------|
|          |     sext_ln42_fu_338207     |    0    |    0    |    0    |
|          |    sext_ln42_4_fu_338211    |    0    |    0    |    0    |
|          |    sext_ln42_5_fu_338215    |    0    |    0    |    0    |
|          |    sext_ln42_6_fu_338219    |    0    |    0    |    0    |
|          |    sext_ln42_7_fu_338223    |    0    |    0    |    0    |
|          |    sext_ln42_8_fu_338227    |    0    |    0    |    0    |
|          |    sext_ln42_9_fu_338231    |    0    |    0    |    0    |
|   sext   |    sext_ln42_10_fu_338235   |    0    |    0    |    0    |
|          |     sext_ln70_fu_338245     |    0    |    0    |    0    |
|          |    sext_ln70_13_fu_338255   |    0    |    0    |    0    |
|          |    sext_ln70_14_fu_338265   |    0    |    0    |    0    |
|          |    sext_ln70_15_fu_338275   |    0    |    0    |    0    |
|          |    sext_ln70_16_fu_338285   |    0    |    0    |    0    |
|          |    sext_ln70_17_fu_338295   |    0    |    0    |    0    |
|          |    sext_ln70_18_fu_338305   |    0    |    0    |    0    |
|          |     sext_ln46_fu_338335     |    0    |    0    |    0    |
|----------|-----------------------------|---------|---------|---------|
|bitconcatenate|     or_ln46_s_fu_338315     |    0    |    0    |    0    |
|----------|-----------------------------|---------|---------|---------|
|   Total  |                             |    16   |    0    |   692   |
|----------|-----------------------------|---------|---------|---------|

Memories:
N/A

* Register list:
+----------------------+--------+
|                      |   FF   |
+----------------------+--------+
|    a_11_reg_338356   |   38   |
|    a_1_reg_338386    |   38   |
|    a_5_reg_338361    |   38   |
|    a_6_reg_338366    |   38   |
|    a_7_reg_338371    |   38   |
|    a_8_reg_338376    |   38   |
|    a_9_reg_338381    |   38   |
|     a_reg_338351     |   38   |
|    i_02_reg_338340   |   11   |
| icmp_ln25_reg_338347 |    1   |
|mul_ln42_10_reg_338103|   49   |
| mul_ln42_4_reg_338079|   49   |
| mul_ln42_5_reg_338083|   50   |
| mul_ln42_6_reg_338087|   49   |
| mul_ln42_7_reg_338091|   49   |
| mul_ln42_8_reg_338095|   49   |
| mul_ln42_9_reg_338099|   49   |
|  mul_ln42_reg_338075 |   48   |
+----------------------+--------+
|         Total        |   708  |
+----------------------+--------+

* Multiplexer (MUX) list: 
|--------|------|------|------|--------|
|  Comp  |  Pin | Size |  BW  | S x BW |
|--------|------|------|------|--------|
|  Total |      |      |      |    0   |
|--------|------|------|------|--------|



* Summary:
+-----------+--------+--------+--------+
|           |   DSP  |   FF   |   LUT  |
+-----------+--------+--------+--------+
|  Function |   16   |    0   |   692  |
|   Memory  |    -   |    -   |    -   |
|Multiplexer|    -   |    -   |    -   |
|  Register |    -   |   708  |    -   |
+-----------+--------+--------+--------+
|   Total   |   16   |   708  |   692  |
+-----------+--------+--------+--------+
