#-----------------------------------------------------------
# Vivado v2022.2 (64-bit)
# SW Build 3671981 on Fri Oct 14 04:59:54 MDT 2022
# IP Build 3669848 on Fri Oct 14 08:30:02 MDT 2022
# Start of session at: Tue Apr 21 23:29:36 2026
# Process ID: 207475
# Current directory: /tmp/finn_dev_emanuel-hernandez/vivado_stitch_proj_rgrwy7hk
# Command line: vivado -mode batch -source make_project.tcl
# Log file: /tmp/finn_dev_emanuel-hernandez/vivado_stitch_proj_rgrwy7hk/vivado.log
# Journal file: /tmp/finn_dev_emanuel-hernandez/vivado_stitch_proj_rgrwy7hk/vivado.jou
# Running On: finn_dev_emanuel-hernandez, OS: Linux, CPU Frequency: 431.484 MHz, CPU Physical cores: 12, Host memory: 16465 MB
#-----------------------------------------------------------
INFO: [Common 17-1239] XILINX_LOCAL_USER_DATA is set to 'no'.
source make_project.tcl
# create_project finn_vivado_stitch_proj /tmp/finn_dev_emanuel-hernandez/vivado_stitch_proj_rgrwy7hk -part xck26-sfvc784-2LV-c
# set_msg_config -id {[BD 41-1753]} -suppress
# set_property ip_repo_paths [list $::env(FINN_ROOT)/finn-rtllib/memstream /tmp/finn_dev_emanuel-hernandez/code_gen_ipgen_StreamingFIFO_rtl_0_4taksrf2 /tmp/finn_dev_emanuel-hernandez/code_gen_ipgen_MVAU_hls_0_9o55e_ui/project_MVAU_hls_0/sol1/impl/ip /tmp/finn_dev_emanuel-hernandez/code_gen_ipgen_StreamingFIFO_rtl_1_18blvgxn /tmp/finn_dev_emanuel-hernandez/code_gen_ipgen_StreamingDataWidthConverter_rtl_0_f29r1rbc /tmp/finn_dev_emanuel-hernandez/code_gen_ipgen_StreamingFIFO_rtl_2_hiyxqcqa /tmp/finn_dev_emanuel-hernandez/code_gen_ipgen_MVAU_hls_1_4wszsza_/project_MVAU_hls_1/sol1/impl/ip /tmp/finn_dev_emanuel-hernandez/code_gen_ipgen_StreamingFIFO_rtl_3_miynv6om /tmp/finn_dev_emanuel-hernandez/code_gen_ipgen_MVAU_rtl_0__i8psk7n /tmp/finn_dev_emanuel-hernandez/code_gen_ipgen_StreamingFIFO_rtl_4_dyz8ia_a] [current_project]
# update_ip_catalog
INFO: [IP_Flow 19-234] Refreshing IP repositories
INFO: [IP_Flow 19-1700] Loaded user IP repository '/home/emanuel-hernandez/finn/finn-rtllib/memstream'.
INFO: [IP_Flow 19-1700] Loaded user IP repository '/tmp/finn_dev_emanuel-hernandez/code_gen_ipgen_StreamingFIFO_rtl_0_4taksrf2'.
INFO: [IP_Flow 19-1700] Loaded user IP repository '/tmp/finn_dev_emanuel-hernandez/code_gen_ipgen_MVAU_hls_0_9o55e_ui/project_MVAU_hls_0/sol1/impl/ip'.
INFO: [IP_Flow 19-1700] Loaded user IP repository '/tmp/finn_dev_emanuel-hernandez/code_gen_ipgen_StreamingFIFO_rtl_1_18blvgxn'.
INFO: [IP_Flow 19-1700] Loaded user IP repository '/tmp/finn_dev_emanuel-hernandez/code_gen_ipgen_StreamingDataWidthConverter_rtl_0_f29r1rbc'.
INFO: [IP_Flow 19-1700] Loaded user IP repository '/tmp/finn_dev_emanuel-hernandez/code_gen_ipgen_StreamingFIFO_rtl_2_hiyxqcqa'.
INFO: [IP_Flow 19-1700] Loaded user IP repository '/tmp/finn_dev_emanuel-hernandez/code_gen_ipgen_MVAU_hls_1_4wszsza_/project_MVAU_hls_1/sol1/impl/ip'.
INFO: [IP_Flow 19-1700] Loaded user IP repository '/tmp/finn_dev_emanuel-hernandez/code_gen_ipgen_StreamingFIFO_rtl_3_miynv6om'.
INFO: [IP_Flow 19-1700] Loaded user IP repository '/tmp/finn_dev_emanuel-hernandez/code_gen_ipgen_MVAU_rtl_0__i8psk7n'.
INFO: [IP_Flow 19-1700] Loaded user IP repository '/tmp/finn_dev_emanuel-hernandez/code_gen_ipgen_StreamingFIFO_rtl_4_dyz8ia_a'.
INFO: [IP_Flow 19-2313] Loaded Vivado IP repository '/tools/Xilinx/Vivado/2022.2/data/ip'.
# create_bd_design "finn_design"
Wrote  : </tmp/finn_dev_emanuel-hernandez/vivado_stitch_proj_rgrwy7hk/finn_vivado_stitch_proj.srcs/sources_1/bd/finn_design/finn_design.bd> 
# add_files -norecurse /tmp/finn_dev_emanuel-hernandez/code_gen_ipgen_StreamingFIFO_rtl_0_4taksrf2/Q_srl.v
# add_files -norecurse /tmp/finn_dev_emanuel-hernandez/code_gen_ipgen_StreamingFIFO_rtl_0_4taksrf2/StreamingFIFO_rtl_0.v
# create_bd_cell -type module -reference StreamingFIFO_rtl_0 StreamingFIFO_rtl_0
INFO: [IP_Flow 19-5107] Inferred bus interface 'ap_clk' of definition 'xilinx.com:signal:clock:1.0' (from X_INTERFACE_INFO parameter from HDL file).
INFO: [IP_Flow 19-5107] Inferred bus interface 'ap_clk' of definition 'xilinx.com:signal:clock:1.0' (from 'X_INTERFACE_INFO' attribute).
INFO: [IP_Flow 19-5107] Inferred bus interface 'in0_V' of definition 'xilinx.com:interface:axis:1.0' (from Xilinx Repository).
INFO: [IP_Flow 19-5107] Inferred bus interface 'out_V' of definition 'xilinx.com:interface:axis:1.0' (from Xilinx Repository).
INFO: [IP_Flow 19-5107] Inferred bus interface 'ap_rst_n' of definition 'xilinx.com:signal:reset:1.0' (from Xilinx Repository).
INFO: [IP_Flow 19-4728] Bus Interface 'ap_rst_n': Added interface parameter 'POLARITY' with value 'ACTIVE_LOW'.
INFO: [IP_Flow 19-4728] Bus Interface 'ap_clk': Added interface parameter 'ASSOCIATED_RESET' with value 'ap_rst_n'.
INFO: [IP_Flow 19-4728] Bus Interface 'ap_clk': Added interface parameter 'ASSOCIATED_BUSIF' with value 'in0_V'.
WARNING: [IP_Flow 19-3157] Bus Interface 'ap_rst_n': Bus parameter POLARITY is ACTIVE_LOW but port 'ap_rst_n' is not *resetn - please double check the POLARITY setting.
INFO: [IP_Flow 19-234] Refreshing IP repositories
INFO: [IP_Flow 19-1700] Loaded user IP repository '/home/emanuel-hernandez/finn/finn-rtllib/memstream'.
INFO: [IP_Flow 19-1700] Loaded user IP repository '/tmp/finn_dev_emanuel-hernandez/code_gen_ipgen_StreamingFIFO_rtl_0_4taksrf2'.
INFO: [IP_Flow 19-1700] Loaded user IP repository '/tmp/finn_dev_emanuel-hernandez/code_gen_ipgen_MVAU_hls_0_9o55e_ui/project_MVAU_hls_0/sol1/impl/ip'.
INFO: [IP_Flow 19-1700] Loaded user IP repository '/tmp/finn_dev_emanuel-hernandez/code_gen_ipgen_StreamingFIFO_rtl_1_18blvgxn'.
INFO: [IP_Flow 19-1700] Loaded user IP repository '/tmp/finn_dev_emanuel-hernandez/code_gen_ipgen_StreamingDataWidthConverter_rtl_0_f29r1rbc'.
INFO: [IP_Flow 19-1700] Loaded user IP repository '/tmp/finn_dev_emanuel-hernandez/code_gen_ipgen_StreamingFIFO_rtl_2_hiyxqcqa'.
INFO: [IP_Flow 19-1700] Loaded user IP repository '/tmp/finn_dev_emanuel-hernandez/code_gen_ipgen_MVAU_hls_1_4wszsza_/project_MVAU_hls_1/sol1/impl/ip'.
INFO: [IP_Flow 19-1700] Loaded user IP repository '/tmp/finn_dev_emanuel-hernandez/code_gen_ipgen_StreamingFIFO_rtl_3_miynv6om'.
INFO: [IP_Flow 19-1700] Loaded user IP repository '/tmp/finn_dev_emanuel-hernandez/code_gen_ipgen_MVAU_rtl_0__i8psk7n'.
INFO: [IP_Flow 19-1700] Loaded user IP repository '/tmp/finn_dev_emanuel-hernandez/code_gen_ipgen_StreamingFIFO_rtl_4_dyz8ia_a'.
# create_bd_cell -type hier MVAU_hls_0
# create_bd_pin -dir I -type clk /MVAU_hls_0/ap_clk
# create_bd_pin -dir I -type rst /MVAU_hls_0/ap_rst_n
# create_bd_intf_pin -mode Master -vlnv xilinx.com:interface:axis_rtl:1.0 /MVAU_hls_0/out_V
# create_bd_intf_pin -mode Slave -vlnv xilinx.com:interface:axis_rtl:1.0 /MVAU_hls_0/in0_V
# create_bd_cell -type ip -vlnv xilinx.com:hls:MVAU_hls_0:1.0 /MVAU_hls_0/MVAU_hls_0
# create_bd_cell -type ip -vlnv amd.com:finn:memstream:1.0 /MVAU_hls_0/MVAU_hls_0_wstrm
# set_property -dict [list CONFIG.DEPTH {10240} CONFIG.WIDTH {128} CONFIG.INIT_FILE {/tmp/finn_dev_emanuel-hernandez/code_gen_ipgen_MVAU_hls_0_9o55e_ui/memblock.dat} CONFIG.RAM_STYLE {auto} ] [get_bd_cells /MVAU_hls_0/MVAU_hls_0_wstrm]
WARNING: [IP_Flow 19-4684] Expected long value for param AXILITE_ADDR_WIDTH but, float/scientific notation value 13.0 is provided. The value is converted to long type(13)
WARNING: [IP_Flow 19-4684] Expected long value for param AXILITE_ADDR_WIDTH but, float/scientific notation value 18.0 is provided. The value is converted to long type(18)
# connect_bd_intf_net [get_bd_intf_pins MVAU_hls_0/MVAU_hls_0_wstrm/m_axis_0] [get_bd_intf_pins MVAU_hls_0/MVAU_hls_0/weights_V]
# connect_bd_net [get_bd_pins MVAU_hls_0/ap_rst_n] [get_bd_pins MVAU_hls_0/MVAU_hls_0_wstrm/ap_rst_n]
# connect_bd_net [get_bd_pins MVAU_hls_0/ap_clk] [get_bd_pins MVAU_hls_0/MVAU_hls_0_wstrm/ap_clk]
# connect_bd_net [get_bd_pins MVAU_hls_0/ap_rst_n] [get_bd_pins MVAU_hls_0/MVAU_hls_0/ap_rst_n]
# connect_bd_net [get_bd_pins MVAU_hls_0/ap_clk] [get_bd_pins MVAU_hls_0/MVAU_hls_0/ap_clk]
# connect_bd_intf_net [get_bd_intf_pins MVAU_hls_0/in0_V] [get_bd_intf_pins MVAU_hls_0/MVAU_hls_0/in0_V]
# connect_bd_intf_net [get_bd_intf_pins MVAU_hls_0/out_V] [get_bd_intf_pins MVAU_hls_0/MVAU_hls_0/out_V]
# save_bd_design
Wrote  : </tmp/finn_dev_emanuel-hernandez/vivado_stitch_proj_rgrwy7hk/finn_vivado_stitch_proj.srcs/sources_1/bd/finn_design/finn_design.bd> 
# add_files -norecurse /tmp/finn_dev_emanuel-hernandez/code_gen_ipgen_StreamingFIFO_rtl_1_18blvgxn/Q_srl.v
# add_files -norecurse /tmp/finn_dev_emanuel-hernandez/code_gen_ipgen_StreamingFIFO_rtl_1_18blvgxn/StreamingFIFO_rtl_1.v
# create_bd_cell -type module -reference StreamingFIFO_rtl_1 StreamingFIFO_rtl_1
INFO: [IP_Flow 19-5107] Inferred bus interface 'ap_clk' of definition 'xilinx.com:signal:clock:1.0' (from X_INTERFACE_INFO parameter from HDL file).
INFO: [IP_Flow 19-5107] Inferred bus interface 'ap_clk' of definition 'xilinx.com:signal:clock:1.0' (from 'X_INTERFACE_INFO' attribute).
INFO: [IP_Flow 19-5107] Inferred bus interface 'in0_V' of definition 'xilinx.com:interface:axis:1.0' (from Xilinx Repository).
INFO: [IP_Flow 19-5107] Inferred bus interface 'out_V' of definition 'xilinx.com:interface:axis:1.0' (from Xilinx Repository).
INFO: [IP_Flow 19-5107] Inferred bus interface 'ap_rst_n' of definition 'xilinx.com:signal:reset:1.0' (from Xilinx Repository).
INFO: [IP_Flow 19-4728] Bus Interface 'ap_rst_n': Added interface parameter 'POLARITY' with value 'ACTIVE_LOW'.
INFO: [IP_Flow 19-4728] Bus Interface 'ap_clk': Added interface parameter 'ASSOCIATED_RESET' with value 'ap_rst_n'.
INFO: [IP_Flow 19-4728] Bus Interface 'ap_clk': Added interface parameter 'ASSOCIATED_BUSIF' with value 'in0_V'.
WARNING: [IP_Flow 19-3157] Bus Interface 'ap_rst_n': Bus parameter POLARITY is ACTIVE_LOW but port 'ap_rst_n' is not *resetn - please double check the POLARITY setting.
INFO: [IP_Flow 19-234] Refreshing IP repositories
INFO: [IP_Flow 19-1700] Loaded user IP repository '/home/emanuel-hernandez/finn/finn-rtllib/memstream'.
INFO: [IP_Flow 19-1700] Loaded user IP repository '/tmp/finn_dev_emanuel-hernandez/code_gen_ipgen_StreamingFIFO_rtl_0_4taksrf2'.
INFO: [IP_Flow 19-1700] Loaded user IP repository '/tmp/finn_dev_emanuel-hernandez/code_gen_ipgen_MVAU_hls_0_9o55e_ui/project_MVAU_hls_0/sol1/impl/ip'.
INFO: [IP_Flow 19-1700] Loaded user IP repository '/tmp/finn_dev_emanuel-hernandez/code_gen_ipgen_StreamingFIFO_rtl_1_18blvgxn'.
INFO: [IP_Flow 19-1700] Loaded user IP repository '/tmp/finn_dev_emanuel-hernandez/code_gen_ipgen_StreamingDataWidthConverter_rtl_0_f29r1rbc'.
INFO: [IP_Flow 19-1700] Loaded user IP repository '/tmp/finn_dev_emanuel-hernandez/code_gen_ipgen_StreamingFIFO_rtl_2_hiyxqcqa'.
INFO: [IP_Flow 19-1700] Loaded user IP repository '/tmp/finn_dev_emanuel-hernandez/code_gen_ipgen_MVAU_hls_1_4wszsza_/project_MVAU_hls_1/sol1/impl/ip'.
INFO: [IP_Flow 19-1700] Loaded user IP repository '/tmp/finn_dev_emanuel-hernandez/code_gen_ipgen_StreamingFIFO_rtl_3_miynv6om'.
INFO: [IP_Flow 19-1700] Loaded user IP repository '/tmp/finn_dev_emanuel-hernandez/code_gen_ipgen_MVAU_rtl_0__i8psk7n'.
INFO: [IP_Flow 19-1700] Loaded user IP repository '/tmp/finn_dev_emanuel-hernandez/code_gen_ipgen_StreamingFIFO_rtl_4_dyz8ia_a'.
# add_files -norecurse /tmp/finn_dev_emanuel-hernandez/code_gen_ipgen_StreamingDataWidthConverter_rtl_0_f29r1rbc/dwc_axi.sv
# add_files -norecurse /tmp/finn_dev_emanuel-hernandez/code_gen_ipgen_StreamingDataWidthConverter_rtl_0_f29r1rbc/dwc.sv
# add_files -norecurse /tmp/finn_dev_emanuel-hernandez/code_gen_ipgen_StreamingDataWidthConverter_rtl_0_f29r1rbc/StreamingDataWidthConverter_rtl_0.v
# create_bd_cell -type module -reference StreamingDataWidthConverter_rtl_0 StreamingDataWidthConverter_rtl_0
INFO: [IP_Flow 19-5107] Inferred bus interface 'ap_clk' of definition 'xilinx.com:signal:clock:1.0' (from X_INTERFACE_INFO parameter from HDL file).
INFO: [IP_Flow 19-5107] Inferred bus interface 'ap_clk' of definition 'xilinx.com:signal:clock:1.0' (from 'X_INTERFACE_INFO' attribute).
INFO: [IP_Flow 19-5107] Inferred bus interface 'in0_V' of definition 'xilinx.com:interface:axis:1.0' (from Xilinx Repository).
INFO: [IP_Flow 19-5107] Inferred bus interface 'out_V' of definition 'xilinx.com:interface:axis:1.0' (from Xilinx Repository).
INFO: [IP_Flow 19-5107] Inferred bus interface 'ap_rst_n' of definition 'xilinx.com:signal:reset:1.0' (from Xilinx Repository).
INFO: [IP_Flow 19-4728] Bus Interface 'ap_rst_n': Added interface parameter 'POLARITY' with value 'ACTIVE_LOW'.
INFO: [IP_Flow 19-4728] Bus Interface 'ap_clk': Added interface parameter 'ASSOCIATED_RESET' with value 'ap_rst_n'.
INFO: [IP_Flow 19-4728] Bus Interface 'ap_clk': Added interface parameter 'ASSOCIATED_BUSIF' with value 'in0_V'.
INFO: [IP_Flow 19-818] Not transferring value dependency attribute "(((spirit:decode(id('MODELPARAM_VALUE.IBITS')) + 7) / 8) * 8)" into user parameter "AXI_IBITS".
INFO: [IP_Flow 19-818] Not transferring value dependency attribute "(((spirit:decode(id('MODELPARAM_VALUE.OBITS')) + 7) / 8) * 8)" into user parameter "AXI_OBITS".
WARNING: [IP_Flow 19-3157] Bus Interface 'ap_rst_n': Bus parameter POLARITY is ACTIVE_LOW but port 'ap_rst_n' is not *resetn - please double check the POLARITY setting.
INFO: [IP_Flow 19-234] Refreshing IP repositories
INFO: [IP_Flow 19-1700] Loaded user IP repository '/home/emanuel-hernandez/finn/finn-rtllib/memstream'.
INFO: [IP_Flow 19-1700] Loaded user IP repository '/tmp/finn_dev_emanuel-hernandez/code_gen_ipgen_StreamingFIFO_rtl_0_4taksrf2'.
INFO: [IP_Flow 19-1700] Loaded user IP repository '/tmp/finn_dev_emanuel-hernandez/code_gen_ipgen_MVAU_hls_0_9o55e_ui/project_MVAU_hls_0/sol1/impl/ip'.
INFO: [IP_Flow 19-1700] Loaded user IP repository '/tmp/finn_dev_emanuel-hernandez/code_gen_ipgen_StreamingFIFO_rtl_1_18blvgxn'.
INFO: [IP_Flow 19-1700] Loaded user IP repository '/tmp/finn_dev_emanuel-hernandez/code_gen_ipgen_StreamingDataWidthConverter_rtl_0_f29r1rbc'.
INFO: [IP_Flow 19-1700] Loaded user IP repository '/tmp/finn_dev_emanuel-hernandez/code_gen_ipgen_StreamingFIFO_rtl_2_hiyxqcqa'.
INFO: [IP_Flow 19-1700] Loaded user IP repository '/tmp/finn_dev_emanuel-hernandez/code_gen_ipgen_MVAU_hls_1_4wszsza_/project_MVAU_hls_1/sol1/impl/ip'.
INFO: [IP_Flow 19-1700] Loaded user IP repository '/tmp/finn_dev_emanuel-hernandez/code_gen_ipgen_StreamingFIFO_rtl_3_miynv6om'.
INFO: [IP_Flow 19-1700] Loaded user IP repository '/tmp/finn_dev_emanuel-hernandez/code_gen_ipgen_MVAU_rtl_0__i8psk7n'.
INFO: [IP_Flow 19-1700] Loaded user IP repository '/tmp/finn_dev_emanuel-hernandez/code_gen_ipgen_StreamingFIFO_rtl_4_dyz8ia_a'.
# add_files -norecurse /tmp/finn_dev_emanuel-hernandez/code_gen_ipgen_StreamingFIFO_rtl_2_hiyxqcqa/Q_srl.v
# add_files -norecurse /tmp/finn_dev_emanuel-hernandez/code_gen_ipgen_StreamingFIFO_rtl_2_hiyxqcqa/StreamingFIFO_rtl_2.v
# create_bd_cell -type module -reference StreamingFIFO_rtl_2 StreamingFIFO_rtl_2
INFO: [IP_Flow 19-5107] Inferred bus interface 'ap_clk' of definition 'xilinx.com:signal:clock:1.0' (from X_INTERFACE_INFO parameter from HDL file).
INFO: [IP_Flow 19-5107] Inferred bus interface 'ap_clk' of definition 'xilinx.com:signal:clock:1.0' (from 'X_INTERFACE_INFO' attribute).
INFO: [IP_Flow 19-5107] Inferred bus interface 'in0_V' of definition 'xilinx.com:interface:axis:1.0' (from Xilinx Repository).
INFO: [IP_Flow 19-5107] Inferred bus interface 'out_V' of definition 'xilinx.com:interface:axis:1.0' (from Xilinx Repository).
INFO: [IP_Flow 19-5107] Inferred bus interface 'ap_rst_n' of definition 'xilinx.com:signal:reset:1.0' (from Xilinx Repository).
INFO: [IP_Flow 19-4728] Bus Interface 'ap_rst_n': Added interface parameter 'POLARITY' with value 'ACTIVE_LOW'.
INFO: [IP_Flow 19-4728] Bus Interface 'ap_clk': Added interface parameter 'ASSOCIATED_RESET' with value 'ap_rst_n'.
INFO: [IP_Flow 19-4728] Bus Interface 'ap_clk': Added interface parameter 'ASSOCIATED_BUSIF' with value 'in0_V'.
WARNING: [IP_Flow 19-3157] Bus Interface 'ap_rst_n': Bus parameter POLARITY is ACTIVE_LOW but port 'ap_rst_n' is not *resetn - please double check the POLARITY setting.
INFO: [IP_Flow 19-234] Refreshing IP repositories
INFO: [IP_Flow 19-1700] Loaded user IP repository '/home/emanuel-hernandez/finn/finn-rtllib/memstream'.
INFO: [IP_Flow 19-1700] Loaded user IP repository '/tmp/finn_dev_emanuel-hernandez/code_gen_ipgen_StreamingFIFO_rtl_0_4taksrf2'.
INFO: [IP_Flow 19-1700] Loaded user IP repository '/tmp/finn_dev_emanuel-hernandez/code_gen_ipgen_MVAU_hls_0_9o55e_ui/project_MVAU_hls_0/sol1/impl/ip'.
INFO: [IP_Flow 19-1700] Loaded user IP repository '/tmp/finn_dev_emanuel-hernandez/code_gen_ipgen_StreamingFIFO_rtl_1_18blvgxn'.
INFO: [IP_Flow 19-1700] Loaded user IP repository '/tmp/finn_dev_emanuel-hernandez/code_gen_ipgen_StreamingDataWidthConverter_rtl_0_f29r1rbc'.
INFO: [IP_Flow 19-1700] Loaded user IP repository '/tmp/finn_dev_emanuel-hernandez/code_gen_ipgen_StreamingFIFO_rtl_2_hiyxqcqa'.
INFO: [IP_Flow 19-1700] Loaded user IP repository '/tmp/finn_dev_emanuel-hernandez/code_gen_ipgen_MVAU_hls_1_4wszsza_/project_MVAU_hls_1/sol1/impl/ip'.
INFO: [IP_Flow 19-1700] Loaded user IP repository '/tmp/finn_dev_emanuel-hernandez/code_gen_ipgen_StreamingFIFO_rtl_3_miynv6om'.
INFO: [IP_Flow 19-1700] Loaded user IP repository '/tmp/finn_dev_emanuel-hernandez/code_gen_ipgen_MVAU_rtl_0__i8psk7n'.
INFO: [IP_Flow 19-1700] Loaded user IP repository '/tmp/finn_dev_emanuel-hernandez/code_gen_ipgen_StreamingFIFO_rtl_4_dyz8ia_a'.
# create_bd_cell -type hier MVAU_hls_1
# create_bd_pin -dir I -type clk /MVAU_hls_1/ap_clk
# create_bd_pin -dir I -type rst /MVAU_hls_1/ap_rst_n
# create_bd_intf_pin -mode Master -vlnv xilinx.com:interface:axis_rtl:1.0 /MVAU_hls_1/out_V
# create_bd_intf_pin -mode Slave -vlnv xilinx.com:interface:axis_rtl:1.0 /MVAU_hls_1/in0_V
# create_bd_cell -type ip -vlnv xilinx.com:hls:MVAU_hls_1:1.0 /MVAU_hls_1/MVAU_hls_1
# create_bd_cell -type ip -vlnv amd.com:finn:memstream:1.0 /MVAU_hls_1/MVAU_hls_1_wstrm
# set_property -dict [list CONFIG.DEPTH {8192} CONFIG.WIDTH {8} CONFIG.INIT_FILE {/tmp/finn_dev_emanuel-hernandez/code_gen_ipgen_MVAU_hls_1_4wszsza_/memblock.dat} CONFIG.RAM_STYLE {auto} ] [get_bd_cells /MVAU_hls_1/MVAU_hls_1_wstrm]
WARNING: [IP_Flow 19-4684] Expected long value for param AXILITE_ADDR_WIDTH but, float/scientific notation value 11.0 is provided. The value is converted to long type(11)
WARNING: [IP_Flow 19-4684] Expected long value for param AXILITE_ADDR_WIDTH but, float/scientific notation value 15.0 is provided. The value is converted to long type(15)
# connect_bd_intf_net [get_bd_intf_pins MVAU_hls_1/MVAU_hls_1_wstrm/m_axis_0] [get_bd_intf_pins MVAU_hls_1/MVAU_hls_1/weights_V]
# connect_bd_net [get_bd_pins MVAU_hls_1/ap_rst_n] [get_bd_pins MVAU_hls_1/MVAU_hls_1_wstrm/ap_rst_n]
# connect_bd_net [get_bd_pins MVAU_hls_1/ap_clk] [get_bd_pins MVAU_hls_1/MVAU_hls_1_wstrm/ap_clk]
# connect_bd_net [get_bd_pins MVAU_hls_1/ap_rst_n] [get_bd_pins MVAU_hls_1/MVAU_hls_1/ap_rst_n]
# connect_bd_net [get_bd_pins MVAU_hls_1/ap_clk] [get_bd_pins MVAU_hls_1/MVAU_hls_1/ap_clk]
# connect_bd_intf_net [get_bd_intf_pins MVAU_hls_1/in0_V] [get_bd_intf_pins MVAU_hls_1/MVAU_hls_1/in0_V]
# connect_bd_intf_net [get_bd_intf_pins MVAU_hls_1/out_V] [get_bd_intf_pins MVAU_hls_1/MVAU_hls_1/out_V]
# save_bd_design
Wrote  : </tmp/finn_dev_emanuel-hernandez/vivado_stitch_proj_rgrwy7hk/finn_vivado_stitch_proj.srcs/sources_1/bd/finn_design/finn_design.bd> 
# add_files -norecurse /tmp/finn_dev_emanuel-hernandez/code_gen_ipgen_StreamingFIFO_rtl_3_miynv6om/Q_srl.v
# add_files -norecurse /tmp/finn_dev_emanuel-hernandez/code_gen_ipgen_StreamingFIFO_rtl_3_miynv6om/StreamingFIFO_rtl_3.v
# create_bd_cell -type module -reference StreamingFIFO_rtl_3 StreamingFIFO_rtl_3
INFO: [IP_Flow 19-5107] Inferred bus interface 'ap_clk' of definition 'xilinx.com:signal:clock:1.0' (from X_INTERFACE_INFO parameter from HDL file).
INFO: [IP_Flow 19-5107] Inferred bus interface 'ap_clk' of definition 'xilinx.com:signal:clock:1.0' (from 'X_INTERFACE_INFO' attribute).
INFO: [IP_Flow 19-5107] Inferred bus interface 'in0_V' of definition 'xilinx.com:interface:axis:1.0' (from Xilinx Repository).
INFO: [IP_Flow 19-5107] Inferred bus interface 'out_V' of definition 'xilinx.com:interface:axis:1.0' (from Xilinx Repository).
INFO: [IP_Flow 19-5107] Inferred bus interface 'ap_rst_n' of definition 'xilinx.com:signal:reset:1.0' (from Xilinx Repository).
INFO: [IP_Flow 19-4728] Bus Interface 'ap_rst_n': Added interface parameter 'POLARITY' with value 'ACTIVE_LOW'.
INFO: [IP_Flow 19-4728] Bus Interface 'ap_clk': Added interface parameter 'ASSOCIATED_RESET' with value 'ap_rst_n'.
INFO: [IP_Flow 19-4728] Bus Interface 'ap_clk': Added interface parameter 'ASSOCIATED_BUSIF' with value 'in0_V'.
WARNING: [IP_Flow 19-3157] Bus Interface 'ap_rst_n': Bus parameter POLARITY is ACTIVE_LOW but port 'ap_rst_n' is not *resetn - please double check the POLARITY setting.
INFO: [IP_Flow 19-234] Refreshing IP repositories
INFO: [IP_Flow 19-1700] Loaded user IP repository '/home/emanuel-hernandez/finn/finn-rtllib/memstream'.
INFO: [IP_Flow 19-1700] Loaded user IP repository '/tmp/finn_dev_emanuel-hernandez/code_gen_ipgen_StreamingFIFO_rtl_0_4taksrf2'.
INFO: [IP_Flow 19-1700] Loaded user IP repository '/tmp/finn_dev_emanuel-hernandez/code_gen_ipgen_MVAU_hls_0_9o55e_ui/project_MVAU_hls_0/sol1/impl/ip'.
INFO: [IP_Flow 19-1700] Loaded user IP repository '/tmp/finn_dev_emanuel-hernandez/code_gen_ipgen_StreamingFIFO_rtl_1_18blvgxn'.
INFO: [IP_Flow 19-1700] Loaded user IP repository '/tmp/finn_dev_emanuel-hernandez/code_gen_ipgen_StreamingDataWidthConverter_rtl_0_f29r1rbc'.
INFO: [IP_Flow 19-1700] Loaded user IP repository '/tmp/finn_dev_emanuel-hernandez/code_gen_ipgen_StreamingFIFO_rtl_2_hiyxqcqa'.
INFO: [IP_Flow 19-1700] Loaded user IP repository '/tmp/finn_dev_emanuel-hernandez/code_gen_ipgen_MVAU_hls_1_4wszsza_/project_MVAU_hls_1/sol1/impl/ip'.
INFO: [IP_Flow 19-1700] Loaded user IP repository '/tmp/finn_dev_emanuel-hernandez/code_gen_ipgen_StreamingFIFO_rtl_3_miynv6om'.
INFO: [IP_Flow 19-1700] Loaded user IP repository '/tmp/finn_dev_emanuel-hernandez/code_gen_ipgen_MVAU_rtl_0__i8psk7n'.
INFO: [IP_Flow 19-1700] Loaded user IP repository '/tmp/finn_dev_emanuel-hernandez/code_gen_ipgen_StreamingFIFO_rtl_4_dyz8ia_a'.
# create_bd_cell -type hier MVAU_rtl_0
# create_bd_pin -dir I -type clk /MVAU_rtl_0/ap_clk
# create_bd_pin -dir I -type rst /MVAU_rtl_0/ap_rst_n
# create_bd_intf_pin -mode Master -vlnv xilinx.com:interface:axis_rtl:1.0 /MVAU_rtl_0/out_V
# create_bd_intf_pin -mode Slave -vlnv xilinx.com:interface:axis_rtl:1.0 /MVAU_rtl_0/in0_V
# add_files -norecurse /tmp/finn_dev_emanuel-hernandez/code_gen_ipgen_MVAU_rtl_0__i8psk7n/MVAU_rtl_0_wrapper.v
# add_files -norecurse /home/emanuel-hernandez/finn/finn-rtllib/mvu/mvu_vvu_axi.sv
# add_files -norecurse /home/emanuel-hernandez/finn/finn-rtllib/mvu/replay_buffer.sv
# add_files -norecurse /home/emanuel-hernandez/finn/finn-rtllib/mvu/mvu_4sx4u.sv
# add_files -norecurse /home/emanuel-hernandez/finn/finn-rtllib/mvu/mvu_vvu_8sx9_dsp58.sv
# add_files -norecurse /home/emanuel-hernandez/finn/finn-rtllib/mvu/mvu_8sx8u_dsp48.sv
# create_bd_cell -type hier -reference MVAU_rtl_0 /MVAU_rtl_0/MVAU_rtl_0
INFO: [BD 41-1695] Exec TCL: Specified '-reference' and/or '-hier' option will be ignored while creating 'hier' cell 'MVAU_rtl_0'.
INFO: [IP_Flow 19-5107] Inferred bus interface 'ap_clk' of definition 'xilinx.com:signal:clock:1.0' (from X_INTERFACE_INFO parameter from HDL file).
INFO: [IP_Flow 19-5107] Inferred bus interface 'ap_clk' of definition 'xilinx.com:signal:clock:1.0' (from 'X_INTERFACE_INFO' attribute).
INFO: [IP_Flow 19-5107] Inferred bus interface 'in0_V' of definition 'xilinx.com:interface:axis:1.0' (from Xilinx Repository).
INFO: [IP_Flow 19-5107] Inferred bus interface 'out_V' of definition 'xilinx.com:interface:axis:1.0' (from Xilinx Repository).
INFO: [IP_Flow 19-5107] Inferred bus interface 'weights_V' of definition 'xilinx.com:interface:axis:1.0' (from Xilinx Repository).
INFO: [IP_Flow 19-5107] Inferred bus interface 'ap_rst_n' of definition 'xilinx.com:signal:reset:1.0' (from Xilinx Repository).
INFO: [IP_Flow 19-4728] Bus Interface 'ap_rst_n': Added interface parameter 'POLARITY' with value 'ACTIVE_LOW'.
INFO: [IP_Flow 19-4728] Bus Interface 'ap_clk': Added interface parameter 'ASSOCIATED_RESET' with value 'ap_rst_n'.
INFO: [IP_Flow 19-4728] Bus Interface 'ap_clk': Added interface parameter 'ASSOCIATED_BUSIF' with value 'weights_V'.
INFO: [IP_Flow 19-818] Not transferring value dependency attribute "(((((spirit:decode(id('MODELPARAM_VALUE.PE')) * spirit:decode(id('MODELPARAM_VALUE.SIMD'))) * spirit:decode(id('MODELPARAM_VALUE.WEIGHT_WIDTH'))) + 7) / 8) * 8)" into user parameter "WEIGHT_STREAM_WIDTH_BA".
INFO: [IP_Flow 19-818] Not transferring value dependency attribute "(((((((spirit:decode(id('MODELPARAM_VALUE.IS_MVU')) = 1) ? 1 : spirit:decode(id('MODELPARAM_VALUE.PE'))) * spirit:decode(id('MODELPARAM_VALUE.SIMD'))) * spirit:decode(id('MODELPARAM_VALUE.ACTIVATION_WIDTH'))) + 7) / 8) * 8)" into user parameter "INPUT_STREAM_WIDTH_BA".
INFO: [IP_Flow 19-818] Not transferring value dependency attribute "((((spirit:decode(id('MODELPARAM_VALUE.PE')) * spirit:decode(id('MODELPARAM_VALUE.ACCU_WIDTH'))) + 7) / 8) * 8)" into user parameter "OUTPUT_STREAM_WIDTH_BA".
WARNING: [IP_Flow 19-3157] Bus Interface 'ap_rst_n': Bus parameter POLARITY is ACTIVE_LOW but port 'ap_rst_n' is not *resetn - please double check the POLARITY setting.
INFO: [IP_Flow 19-234] Refreshing IP repositories
INFO: [IP_Flow 19-1700] Loaded user IP repository '/home/emanuel-hernandez/finn/finn-rtllib/memstream'.
INFO: [IP_Flow 19-1700] Loaded user IP repository '/tmp/finn_dev_emanuel-hernandez/code_gen_ipgen_StreamingFIFO_rtl_0_4taksrf2'.
INFO: [IP_Flow 19-1700] Loaded user IP repository '/tmp/finn_dev_emanuel-hernandez/code_gen_ipgen_MVAU_hls_0_9o55e_ui/project_MVAU_hls_0/sol1/impl/ip'.
INFO: [IP_Flow 19-1700] Loaded user IP repository '/tmp/finn_dev_emanuel-hernandez/code_gen_ipgen_StreamingFIFO_rtl_1_18blvgxn'.
INFO: [IP_Flow 19-1700] Loaded user IP repository '/tmp/finn_dev_emanuel-hernandez/code_gen_ipgen_StreamingDataWidthConverter_rtl_0_f29r1rbc'.
INFO: [IP_Flow 19-1700] Loaded user IP repository '/tmp/finn_dev_emanuel-hernandez/code_gen_ipgen_StreamingFIFO_rtl_2_hiyxqcqa'.
INFO: [IP_Flow 19-1700] Loaded user IP repository '/tmp/finn_dev_emanuel-hernandez/code_gen_ipgen_MVAU_hls_1_4wszsza_/project_MVAU_hls_1/sol1/impl/ip'.
INFO: [IP_Flow 19-1700] Loaded user IP repository '/tmp/finn_dev_emanuel-hernandez/code_gen_ipgen_StreamingFIFO_rtl_3_miynv6om'.
INFO: [IP_Flow 19-1700] Loaded user IP repository '/tmp/finn_dev_emanuel-hernandez/code_gen_ipgen_MVAU_rtl_0__i8psk7n'.
INFO: [IP_Flow 19-1700] Loaded user IP repository '/tmp/finn_dev_emanuel-hernandez/code_gen_ipgen_StreamingFIFO_rtl_4_dyz8ia_a'.
# create_bd_cell -type ip -vlnv amd.com:finn:memstream:1.0 /MVAU_rtl_0/MVAU_rtl_0_wstrm
# set_property -dict [list CONFIG.DEPTH {640} CONFIG.WIDTH {8} CONFIG.INIT_FILE {/tmp/finn_dev_emanuel-hernandez/code_gen_ipgen_MVAU_rtl_0__i8psk7n/memblock.dat} CONFIG.RAM_STYLE {auto} ] [get_bd_cells /MVAU_rtl_0/MVAU_rtl_0_wstrm]
WARNING: [IP_Flow 19-4684] Expected long value for param AXILITE_ADDR_WIDTH but, float/scientific notation value 11.0 is provided. The value is converted to long type(11)
WARNING: [IP_Flow 19-4684] Expected long value for param AXILITE_ADDR_WIDTH but, float/scientific notation value 12.0 is provided. The value is converted to long type(12)
# connect_bd_intf_net [get_bd_intf_pins MVAU_rtl_0/MVAU_rtl_0_wstrm/m_axis_0] [get_bd_intf_pins MVAU_rtl_0/MVAU_rtl_0/weights_V]
# connect_bd_net [get_bd_pins MVAU_rtl_0/ap_rst_n] [get_bd_pins MVAU_rtl_0/MVAU_rtl_0_wstrm/ap_rst_n]
# connect_bd_net [get_bd_pins MVAU_rtl_0/ap_clk] [get_bd_pins MVAU_rtl_0/MVAU_rtl_0_wstrm/ap_clk]
# connect_bd_net [get_bd_pins MVAU_rtl_0/ap_rst_n] [get_bd_pins MVAU_rtl_0/MVAU_rtl_0/ap_rst_n]
# connect_bd_net [get_bd_pins MVAU_rtl_0/ap_clk] [get_bd_pins MVAU_rtl_0/MVAU_rtl_0/ap_clk]
# connect_bd_intf_net [get_bd_intf_pins MVAU_rtl_0/in0_V] [get_bd_intf_pins MVAU_rtl_0/MVAU_rtl_0/in0_V]
# connect_bd_intf_net [get_bd_intf_pins MVAU_rtl_0/out_V] [get_bd_intf_pins MVAU_rtl_0/MVAU_rtl_0/out_V]
# save_bd_design
Wrote  : </tmp/finn_dev_emanuel-hernandez/vivado_stitch_proj_rgrwy7hk/finn_vivado_stitch_proj.srcs/sources_1/bd/finn_design/finn_design.bd> 
# add_files -norecurse /tmp/finn_dev_emanuel-hernandez/code_gen_ipgen_StreamingFIFO_rtl_4_dyz8ia_a/Q_srl.v
# add_files -norecurse /tmp/finn_dev_emanuel-hernandez/code_gen_ipgen_StreamingFIFO_rtl_4_dyz8ia_a/StreamingFIFO_rtl_4.v
# create_bd_cell -type module -reference StreamingFIFO_rtl_4 StreamingFIFO_rtl_4
INFO: [IP_Flow 19-5107] Inferred bus interface 'ap_clk' of definition 'xilinx.com:signal:clock:1.0' (from X_INTERFACE_INFO parameter from HDL file).
INFO: [IP_Flow 19-5107] Inferred bus interface 'ap_clk' of definition 'xilinx.com:signal:clock:1.0' (from 'X_INTERFACE_INFO' attribute).
INFO: [IP_Flow 19-5107] Inferred bus interface 'in0_V' of definition 'xilinx.com:interface:axis:1.0' (from Xilinx Repository).
INFO: [IP_Flow 19-5107] Inferred bus interface 'out_V' of definition 'xilinx.com:interface:axis:1.0' (from Xilinx Repository).
INFO: [IP_Flow 19-5107] Inferred bus interface 'ap_rst_n' of definition 'xilinx.com:signal:reset:1.0' (from Xilinx Repository).
INFO: [IP_Flow 19-4728] Bus Interface 'ap_rst_n': Added interface parameter 'POLARITY' with value 'ACTIVE_LOW'.
INFO: [IP_Flow 19-4728] Bus Interface 'ap_clk': Added interface parameter 'ASSOCIATED_RESET' with value 'ap_rst_n'.
INFO: [IP_Flow 19-4728] Bus Interface 'ap_clk': Added interface parameter 'ASSOCIATED_BUSIF' with value 'in0_V'.
WARNING: [IP_Flow 19-3157] Bus Interface 'ap_rst_n': Bus parameter POLARITY is ACTIVE_LOW but port 'ap_rst_n' is not *resetn - please double check the POLARITY setting.
INFO: [IP_Flow 19-234] Refreshing IP repositories
INFO: [IP_Flow 19-1700] Loaded user IP repository '/home/emanuel-hernandez/finn/finn-rtllib/memstream'.
INFO: [IP_Flow 19-1700] Loaded user IP repository '/tmp/finn_dev_emanuel-hernandez/code_gen_ipgen_StreamingFIFO_rtl_0_4taksrf2'.
INFO: [IP_Flow 19-1700] Loaded user IP repository '/tmp/finn_dev_emanuel-hernandez/code_gen_ipgen_MVAU_hls_0_9o55e_ui/project_MVAU_hls_0/sol1/impl/ip'.
INFO: [IP_Flow 19-1700] Loaded user IP repository '/tmp/finn_dev_emanuel-hernandez/code_gen_ipgen_StreamingFIFO_rtl_1_18blvgxn'.
INFO: [IP_Flow 19-1700] Loaded user IP repository '/tmp/finn_dev_emanuel-hernandez/code_gen_ipgen_StreamingDataWidthConverter_rtl_0_f29r1rbc'.
INFO: [IP_Flow 19-1700] Loaded user IP repository '/tmp/finn_dev_emanuel-hernandez/code_gen_ipgen_StreamingFIFO_rtl_2_hiyxqcqa'.
INFO: [IP_Flow 19-1700] Loaded user IP repository '/tmp/finn_dev_emanuel-hernandez/code_gen_ipgen_MVAU_hls_1_4wszsza_/project_MVAU_hls_1/sol1/impl/ip'.
INFO: [IP_Flow 19-1700] Loaded user IP repository '/tmp/finn_dev_emanuel-hernandez/code_gen_ipgen_StreamingFIFO_rtl_3_miynv6om'.
INFO: [IP_Flow 19-1700] Loaded user IP repository '/tmp/finn_dev_emanuel-hernandez/code_gen_ipgen_MVAU_rtl_0__i8psk7n'.
INFO: [IP_Flow 19-1700] Loaded user IP repository '/tmp/finn_dev_emanuel-hernandez/code_gen_ipgen_StreamingFIFO_rtl_4_dyz8ia_a'.
# make_bd_pins_external [get_bd_pins StreamingFIFO_rtl_0/ap_clk]
# set_property name ap_clk [get_bd_ports ap_clk_0]
# make_bd_pins_external [get_bd_pins StreamingFIFO_rtl_0/ap_rst_n]
# set_property name ap_rst_n [get_bd_ports ap_rst_n_0]
# connect_bd_net [get_bd_ports ap_rst_n] [get_bd_pins MVAU_hls_0/ap_rst_n]
# connect_bd_net [get_bd_ports ap_clk] [get_bd_pins MVAU_hls_0/ap_clk]
# connect_bd_intf_net [get_bd_intf_pins StreamingFIFO_rtl_0/out_V] [get_bd_intf_pins MVAU_hls_0/in0_V]
# connect_bd_net [get_bd_ports ap_rst_n] [get_bd_pins StreamingFIFO_rtl_1/ap_rst_n]
# connect_bd_net [get_bd_ports ap_clk] [get_bd_pins StreamingFIFO_rtl_1/ap_clk]
# connect_bd_intf_net [get_bd_intf_pins MVAU_hls_0/out_V] [get_bd_intf_pins StreamingFIFO_rtl_1/in0_V]
# connect_bd_net [get_bd_ports ap_rst_n] [get_bd_pins StreamingDataWidthConverter_rtl_0/ap_rst_n]
# connect_bd_net [get_bd_ports ap_clk] [get_bd_pins StreamingDataWidthConverter_rtl_0/ap_clk]
# connect_bd_intf_net [get_bd_intf_pins StreamingFIFO_rtl_1/out_V] [get_bd_intf_pins StreamingDataWidthConverter_rtl_0/in0_V]
# connect_bd_net [get_bd_ports ap_rst_n] [get_bd_pins StreamingFIFO_rtl_2/ap_rst_n]
# connect_bd_net [get_bd_ports ap_clk] [get_bd_pins StreamingFIFO_rtl_2/ap_clk]
# connect_bd_intf_net [get_bd_intf_pins StreamingDataWidthConverter_rtl_0/out_V] [get_bd_intf_pins StreamingFIFO_rtl_2/in0_V]
# connect_bd_net [get_bd_ports ap_rst_n] [get_bd_pins MVAU_hls_1/ap_rst_n]
# connect_bd_net [get_bd_ports ap_clk] [get_bd_pins MVAU_hls_1/ap_clk]
# connect_bd_intf_net [get_bd_intf_pins StreamingFIFO_rtl_2/out_V] [get_bd_intf_pins MVAU_hls_1/in0_V]
# connect_bd_net [get_bd_ports ap_rst_n] [get_bd_pins StreamingFIFO_rtl_3/ap_rst_n]
# connect_bd_net [get_bd_ports ap_clk] [get_bd_pins StreamingFIFO_rtl_3/ap_clk]
# connect_bd_intf_net [get_bd_intf_pins MVAU_hls_1/out_V] [get_bd_intf_pins StreamingFIFO_rtl_3/in0_V]
# connect_bd_net [get_bd_ports ap_rst_n] [get_bd_pins MVAU_rtl_0/ap_rst_n]
# connect_bd_net [get_bd_ports ap_clk] [get_bd_pins MVAU_rtl_0/ap_clk]
# connect_bd_intf_net [get_bd_intf_pins StreamingFIFO_rtl_3/out_V] [get_bd_intf_pins MVAU_rtl_0/in0_V]
# connect_bd_net [get_bd_ports ap_rst_n] [get_bd_pins StreamingFIFO_rtl_4/ap_rst_n]
# connect_bd_net [get_bd_ports ap_clk] [get_bd_pins StreamingFIFO_rtl_4/ap_clk]
# connect_bd_intf_net [get_bd_intf_pins MVAU_rtl_0/out_V] [get_bd_intf_pins StreamingFIFO_rtl_4/in0_V]
# make_bd_intf_pins_external [get_bd_intf_pins StreamingFIFO_rtl_0/in0_V]
# set_property name s_axis_0 [get_bd_intf_ports in0_V_0]
# make_bd_intf_pins_external [get_bd_intf_pins StreamingFIFO_rtl_4/out_V]
# set_property name m_axis_0 [get_bd_intf_ports out_V_0]
# set_property CONFIG.FREQ_HZ 200000000 [get_bd_ports /ap_clk]
# validate_bd_design
WARNING: [BD 41-927] Following properties on pin /MVAU_hls_0/MVAU_hls_0_wstrm/ap_clk have been updated from connected ip, but BD cell '/MVAU_hls_0/MVAU_hls_0_wstrm' does not accept parameter changes, so they may not be synchronized with cell properties:
	FREQ_HZ = 200000000 
Please resolve any mismatches by directly setting properties on BD cell </MVAU_hls_0/MVAU_hls_0_wstrm> to completely resolve these warnings.
WARNING: [BD 41-927] Following properties on pin /MVAU_hls_1/MVAU_hls_1_wstrm/ap_clk have been updated from connected ip, but BD cell '/MVAU_hls_1/MVAU_hls_1_wstrm' does not accept parameter changes, so they may not be synchronized with cell properties:
	FREQ_HZ = 200000000 
Please resolve any mismatches by directly setting properties on BD cell </MVAU_hls_1/MVAU_hls_1_wstrm> to completely resolve these warnings.
WARNING: [BD 41-927] Following properties on pin /MVAU_rtl_0/MVAU_rtl_0_wstrm/ap_clk have been updated from connected ip, but BD cell '/MVAU_rtl_0/MVAU_rtl_0_wstrm' does not accept parameter changes, so they may not be synchronized with cell properties:
	FREQ_HZ = 200000000 
Please resolve any mismatches by directly setting properties on BD cell </MVAU_rtl_0/MVAU_rtl_0_wstrm> to completely resolve these warnings.
# save_bd_design
Wrote  : </tmp/finn_dev_emanuel-hernandez/vivado_stitch_proj_rgrwy7hk/finn_vivado_stitch_proj.srcs/sources_1/bd/finn_design/finn_design.bd> 
# make_wrapper -files [get_files /tmp/finn_dev_emanuel-hernandez/vivado_stitch_proj_rgrwy7hk/finn_vivado_stitch_proj.srcs/sources_1/bd/finn_design/finn_design.bd] -top
INFO: [BD 41-1662] The design 'finn_design.bd' is already validated. Therefore parameter propagation will not be re-run.
Verilog Output written to : /tmp/finn_dev_emanuel-hernandez/vivado_stitch_proj_rgrwy7hk/finn_vivado_stitch_proj.gen/sources_1/bd/finn_design/synth/finn_design.v
Verilog Output written to : /tmp/finn_dev_emanuel-hernandez/vivado_stitch_proj_rgrwy7hk/finn_vivado_stitch_proj.gen/sources_1/bd/finn_design/sim/finn_design.v
Verilog Output written to : /tmp/finn_dev_emanuel-hernandez/vivado_stitch_proj_rgrwy7hk/finn_vivado_stitch_proj.gen/sources_1/bd/finn_design/hdl/finn_design_wrapper.v
# add_files -norecurse /tmp/finn_dev_emanuel-hernandez/vivado_stitch_proj_rgrwy7hk/finn_vivado_stitch_proj.srcs/sources_1/bd/finn_design/hdl/finn_design_wrapper.v
INFO: [Project 1-1716] Could not find the wrapper file /tmp/finn_dev_emanuel-hernandez/vivado_stitch_proj_rgrwy7hk/finn_vivado_stitch_proj.srcs/sources_1/bd/finn_design/hdl/finn_design_wrapper.v, checking in project .gen location instead.
INFO: [Vivado 12-12390] Found file /tmp/finn_dev_emanuel-hernandez/vivado_stitch_proj_rgrwy7hk/finn_vivado_stitch_proj.gen/sources_1/bd/finn_design/hdl/finn_design_wrapper.v, adding it to Project
# set_property top finn_design_wrapper [current_fileset]
# ipx::package_project -root_dir /tmp/finn_dev_emanuel-hernandez/vivado_stitch_proj_rgrwy7hk/ip -vendor xilinx_finn -library finn -taxonomy /UserIP -module finn_design -import_files
INFO: [BD 41-1662] The design 'finn_design.bd' is already validated. Therefore parameter propagation will not be re-run.
Verilog Output written to : /tmp/finn_dev_emanuel-hernandez/vivado_stitch_proj_rgrwy7hk/finn_vivado_stitch_proj.gen/sources_1/bd/finn_design/synth/finn_design.v
Verilog Output written to : /tmp/finn_dev_emanuel-hernandez/vivado_stitch_proj_rgrwy7hk/finn_vivado_stitch_proj.gen/sources_1/bd/finn_design/sim/finn_design.v
Verilog Output written to : /tmp/finn_dev_emanuel-hernandez/vivado_stitch_proj_rgrwy7hk/finn_vivado_stitch_proj.gen/sources_1/bd/finn_design/hdl/finn_design_wrapper.v
INFO: [BD 41-1029] Generation completed for the IP Integrator block StreamingFIFO_rtl_0 .
INFO: [BD 41-1029] Generation completed for the IP Integrator block MVAU_hls_0/MVAU_hls_0 .
INFO: [BD 41-1029] Generation completed for the IP Integrator block MVAU_hls_0/MVAU_hls_0_wstrm .
INFO: [BD 41-1029] Generation completed for the IP Integrator block StreamingFIFO_rtl_1 .
INFO: [BD 41-1029] Generation completed for the IP Integrator block StreamingDataWidthConverter_rtl_0 .
INFO: [BD 41-1029] Generation completed for the IP Integrator block StreamingFIFO_rtl_2 .
INFO: [BD 41-1029] Generation completed for the IP Integrator block MVAU_hls_1/MVAU_hls_1 .
INFO: [BD 41-1029] Generation completed for the IP Integrator block MVAU_hls_1/MVAU_hls_1_wstrm .
INFO: [BD 41-1029] Generation completed for the IP Integrator block StreamingFIFO_rtl_3 .
INFO: [BD 41-1029] Generation completed for the IP Integrator block MVAU_rtl_0/MVAU_rtl_0 .
INFO: [BD 41-1029] Generation completed for the IP Integrator block MVAU_rtl_0/MVAU_rtl_0_wstrm .
INFO: [BD 41-1029] Generation completed for the IP Integrator block StreamingFIFO_rtl_4 .
Exporting to file /tmp/finn_dev_emanuel-hernandez/vivado_stitch_proj_rgrwy7hk/finn_vivado_stitch_proj.gen/sources_1/bd/finn_design/hw_handoff/finn_design.hwh
Generated Hardware Definition File /tmp/finn_dev_emanuel-hernandez/vivado_stitch_proj_rgrwy7hk/finn_vivado_stitch_proj.gen/sources_1/bd/finn_design/synth/finn_design.hwdef
INFO: [IP_Flow 19-5654] Module 'finn_design' uses SystemVerilog sources with a Verilog top file. These SystemVerilog files will not be analysed by the packager.
CRITICAL WARNING: [IP_Flow 19-5234] Found an invalid attribute: 'Misformed interface info attr: xilinx.com:interface:axis:1.0 m_axis_0'
CRITICAL WARNING: [IP_Flow 19-5234] Found an invalid attribute: 'Misformed interface info attr: xilinx.com:interface:axis:1.0 m_axis_0'
CRITICAL WARNING: [IP_Flow 19-5234] Found an invalid attribute: 'Misformed interface info attr: xilinx.com:interface:axis:1.0 m_axis_0'
CRITICAL WARNING: [IP_Flow 19-5234] Found an invalid attribute: 'Misformed interface info attr: xilinx.com:interface:axis:1.0 s_axis_0'
CRITICAL WARNING: [IP_Flow 19-5234] Found an invalid attribute: 'Misformed interface info attr: xilinx.com:interface:axis:1.0 s_axis_0'
CRITICAL WARNING: [IP_Flow 19-5234] Found an invalid attribute: 'Misformed interface info attr: xilinx.com:interface:axis:1.0 s_axis_0'
INFO: [IP_Flow 19-7067] Note that bus interface 's_axis_0' has a fixed FREQ_HZ of '200000000'. This value will be respected whenever this IP is instantiated in IP Integrator.
INFO: [IP_Flow 19-7067] Note that bus interface 'm_axis_0' has a fixed FREQ_HZ of '200000000'. This value will be respected whenever this IP is instantiated in IP Integrator.
INFO: [IP_Flow 19-7067] Note that bus interface 'CLK.AP_CLK' has a fixed FREQ_HZ of '200000000'. This value will be respected whenever this IP is instantiated in IP Integrator.
WARNING: [IP_Flow 19-3157] Bus Interface 'RST.AP_RST_N': Bus parameter POLARITY is ACTIVE_LOW but port 'ap_rst_n' is not *resetn - please double check the POLARITY setting.
INFO: [IP_Flow 19-2181] Payment Required is not set for this core.
INFO: [IP_Flow 19-2187] The Product Guide file is missing.
# set_property ipi_drc {ignore_freq_hz true} [ipx::current_core]
# ipx::remove_segment -quiet m_axi_gmem0:APERTURE_0 [ipx::get_address_spaces m_axi_gmem0 -of_objects [ipx::current_core]]
# set_property core_revision 2 [ipx::find_open_core xilinx_finn:finn:finn_design:1.0]
# ipx::create_xgui_files [ipx::find_open_core xilinx_finn:finn:finn_design:1.0]
# set_property value_resolve_type user [ipx::get_bus_parameters -of [ipx::get_bus_interfaces -of [ipx::current_core ]]]
# set core [ipx::current_core]
# file copy -force data ip/
# set file_group [ipx::add_file_group -type software_driver {} $core]
# set_property type mdd       [ipx::add_file data/finn_design.mdd $file_group]
# set_property type tclSource [ipx::add_file data/finn_design.tcl $file_group]
# set impl_files [ipx::get_file_groups xilinx_implementation -of $core]
# foreach xci [ipx::get_files -of $impl_files {*.xci}] {
#     ipx::remove_file [get_property NAME $xci] $impl_files
# }
WARNING: [BD 5-233] No interface ports matched 'get_bd_intf_ports -filter CONFIG.PROTOCOL==AXI4LITE'
# foreach port [get_bd_intf_ports -filter {CONFIG.PROTOCOL==AXI4LITE}] {
#     set pin $port
#     set awidth ""
#     while { $awidth == "" } {
#         set pins [get_bd_intf_pins -of [get_bd_intf_nets -boundary_type lower -of $pin]]
#         set kill [lsearch $pins $pin]
#         if { $kill >= 0 } { set pins [lreplace $pins $kill $kill] }
#         if { [llength $pins] != 1 } { break }
#         set pin [lindex $pins 0]
#         set awidth [get_property CONFIG.ADDR_WIDTH $pin]
#     }
#     if { $awidth == "" } {
#        puts "CRITICAL WARNING: Unable to construct address map for $port."
#     } {
#        set range [expr 2**$awidth]
#        set range [expr $range < 4096 ? 4096 : $range]
#        puts "INFO: Building address map for $port: 0+:$range"
#        set name [get_property NAME $port]
#        set addr_block [ipx::add_address_block Reg0 [ipx::add_memory_map $name $core]]
#        set_property range $range $addr_block
#        set_property slave_memory_map_ref $name [ipx::get_bus_interfaces $name -of $core]
#     }
# }
# ipx::update_checksums $core
# ipx::save_core $core
# file rename -force ip/component.xml ip/component.bak
# set ifile [open ip/component.bak r]
# set ofile [open ip/component.xml w]
# set buf [list]
# set kill 0
# while { [eof $ifile] != 1 } {
#     gets $ifile line
#     if { [string match {*<spirit:fileSet>*} $line] == 1 } {
#         foreach l $buf { puts $ofile $l }
#         set buf [list $line]
#     } elseif { [llength $buf] > 0 } {
#         lappend buf $line
# 
#         if { [string match {*</spirit:fileSet>*} $line] == 1 } {
#             if { $kill == 0 } { foreach l $buf { puts $ofile $l } }
#             set buf [list]
#             set kill 0
#         } elseif { [string match {*<xilinx:subCoreRef>*} $line] == 1 } {
#             set kill 1
#         }
#     } else {
#         puts $ofile $line
#     }
# }
# close $ifile
# close $ofile
# set all_v_files [get_files -filter {USED_IN_SYNTHESIS == 1 && (FILE_TYPE == Verilog || FILE_TYPE == SystemVerilog || FILE_TYPE =="Verilog Header")}]
# set fp [open /tmp/finn_dev_emanuel-hernandez/vivado_stitch_proj_rgrwy7hk/all_verilog_srcs.txt w]
# foreach vf $all_v_files {puts $fp $vf}
# close $fp
INFO: [Common 17-206] Exiting Vivado at Tue Apr 21 23:29:55 2026...
